../Core/Src/stm32f0xx_hal_msp.c:63:6:HAL_MspInit	8	static
../Core/Src/stm32f0xx_hal_msp.c:86:6:HAL_ADC_MspInit	40	static
../Core/Src/stm32f0xx_hal_msp.c:121:6:HAL_ADC_MspDeInit	8	static
../Core/Src/stm32f0xx_hal_msp.c:150:6:HAL_CRC_MspInit	8	static
../Core/Src/stm32f0xx_hal_msp.c:173:6:HAL_CRC_MspDeInit	0	static
../Core/Src/stm32f0xx_hal_msp.c:195:6:HAL_TIM_Base_MspInit	16	static
../Core/Src/stm32f0xx_hal_msp.c:221:6:HAL_TIM_Base_MspDeInit	8	static
../Core/Src/stm32f0xx_hal_msp.c:246:6:HAL_UART_MspInit	40	static
../Core/Src/stm32f0xx_hal_msp.c:287:6:HAL_UART_MspDeInit	8	static
