../Core/Src/TinyFrame.c:141:21:TF_CksumAdd	0	static
../Core/Src/TinyFrame.c:265:20:cleanup_id_listener	40	static
../Core/Src/TinyFrame.c:877:20:TF_SendFrame_Chunk	48	static
../Core/Src/TinyFrame.c:903:20:TF_SendFrame_End	16	static
../Core/Src/TinyFrame.c:432:20:TF_HandleReceivedMessage.constprop	64	static
../Core/Src/TinyFrame.c:213:13:TF_InitStatic	24	static
../Core/Src/TinyFrame.c:231:20:TF_Init	16	static
../Core/Src/TinyFrame.c:243:6:TF_DeInit	8	static
../Core/Src/TinyFrame.c:301:13:TF_AddIdListener	20	static
../Core/Src/TinyFrame.c:929:20:TF_SendFrame	32	static
../Core/Src/TinyFrame.c:329:13:TF_AddTypeListener	16	static
../Core/Src/TinyFrame.c:357:13:TF_AddGenericListener	8	static
../Core/Src/TinyFrame.c:380:13:TF_RemoveIdListener	16	static
../Core/Src/TinyFrame.c:397:13:TF_RemoveTypeListener	16	static
../Core/Src/TinyFrame.c:414:13:TF_RemoveGenericListener	20	static
../Core/Src/TinyFrame.c:529:13:TF_RenewIdListener	12	static
../Core/Src/TinyFrame.c:555:13:TF_ResetParser	0	static
../Core/Src/TinyFrame.c:576:13:TF_AcceptChar	32	static
../Core/Src/TinyFrame.c:547:13:TF_Accept	16	static
../Core/Src/TinyFrame.c:944:13:TF_Send	8	static
../Core/Src/TinyFrame.c:949:13:TF_SendSimple	48	static
../Core/Src/TinyFrame.c:959:13:TF_QuerySimple	56	static
../Core/Src/TinyFrame.c:969:13:TF_Query	8	static
../Core/Src/TinyFrame.c:974:13:TF_Respond	8	static
../Core/Src/TinyFrame.c:981:13:TF_Send_Multipart	8	static
../Core/Src/TinyFrame.c:986:13:TF_SendSimple_Multipart	8	static
../Core/Src/TinyFrame.c:990:13:TF_QuerySimple_Multipart	16	static
../Core/Src/TinyFrame.c:994:13:TF_Query_Multipart	8	static
../Core/Src/TinyFrame.c:999:13:TF_Respond_Multipart	8	static
../Core/Src/TinyFrame.c:1004:13:TF_Multipart_Payload	8	static
../Core/Src/TinyFrame.c:1008:13:TF_Multipart_Close	8	static
../Core/Src/TinyFrame.c:1021:13:TF_Tick	16	static
../Core/Src/TinyFrame.c:1047:6:dumpFrame	16	static
../Core/Src/TinyFrame.c:1062:6:dumpFrameInfo	16	static
