Component: Arm Compiler for Embedded 6.19 Tool: armlink [5e73cb00]

==============================================================================

Section Cross References

    startup_stm32f030x6.o(RESET) refers to startup_stm32f030x6.o(STACK) for __initial_sp
    startup_stm32f030x6.o(RESET) refers to startup_stm32f030x6.o(.text) for Reset_Handler
    startup_stm32f030x6.o(RESET) refers to lto-llvm-d344b8.o(.text.NMI_Handler) for NMI_Handler
    startup_stm32f030x6.o(RESET) refers to lto-llvm-d344b8.o(.text.HardFault_Handler) for HardFault_Handler
    startup_stm32f030x6.o(RESET) refers to lto-llvm-d344b8.o(.text.SVC_Handler) for SVC_Handler
    startup_stm32f030x6.o(RESET) refers to lto-llvm-d344b8.o(.text.PendSV_Handler) for PendSV_Handler
    startup_stm32f030x6.o(RESET) refers to lto-llvm-d344b8.o(.text.SysTick_Handler) for SysTick_Handler
    startup_stm32f030x6.o(RESET) refers to lto-llvm-d344b8.o(.text.EXTI0_1_IRQHandler) for EXTI0_1_IRQHandler
    startup_stm32f030x6.o(RESET) refers to lto-llvm-d344b8.o(.text.TIM14_IRQHandler) for TIM14_IRQHandler
    startup_stm32f030x6.o(RESET) refers to lto-llvm-d344b8.o(.text.USART1_IRQHandler) for USART1_IRQHandler
    startup_stm32f030x6.o(.text) refers to lto-llvm-d344b8.o(.text.SystemInit) for SystemInit
    startup_stm32f030x6.o(.text) refers to entry.o(.ARM.Collect$$$$00000000) for __main
    entry.o(.ARM.Collect$$$$00000000) refers (Special) to entry10a.o(.ARM.Collect$$$$0000000D) for __rt_final_cpp
    entry.o(.ARM.Collect$$$$00000000) refers (Special) to entry11a.o(.ARM.Collect$$$$0000000F) for __rt_final_exit
    entry.o(.ARM.Collect$$$$00000000) refers (Special) to entry7b.o(.ARM.Collect$$$$00000008) for _main_clock
    entry.o(.ARM.Collect$$$$00000000) refers (Special) to entry8b.o(.ARM.Collect$$$$0000000A) for _main_cpp_init
    entry.o(.ARM.Collect$$$$00000000) refers (Special) to entry9a.o(.ARM.Collect$$$$0000000B) for _main_init
    entry.o(.ARM.Collect$$$$00000000) refers (Special) to entry5.o(.ARM.Collect$$$$00000004) for _main_scatterload
    entry.o(.ARM.Collect$$$$00000000) refers (Special) to entry2.o(.ARM.Collect$$$$00000001) for _main_stk
    puts.o(i.puts) refers to fputc.o(i.fputc) for fputc
    puts.o(i.puts) refers to stdout.o(.data) for __stdout
    putchar.o(i.putchar) refers to fputc.o(i.fputc) for fputc
    putchar.o(i.putchar) refers to stdout.o(.data) for __stdout
    puts_e.o(.text) refers to fputc.o(i.fputc) for fputc
    puts_e.o(.text) refers to stdout.o(.data) for __stdout
    printfb.o(i.__0fprintf$bare) refers to printfb.o(i._printf_core) for _printf_core
    printfb.o(i.__0fprintf$bare) refers to fputc.o(i.fputc) for fputc
    printfb.o(i.__0printf$bare) refers to printfb.o(i._printf_core) for _printf_core
    printfb.o(i.__0printf$bare) refers to fputc.o(i.fputc) for fputc
    printfb.o(i.__0printf$bare) refers to stdout.o(.data) for __stdout
    printfb.o(i.__0snprintf$bare) refers to printfb.o(i._printf_core) for _printf_core
    printfb.o(i.__0snprintf$bare) refers to printfb.o(i._snputc) for _snputc
    printfb.o(i.__0sprintf$bare) refers to printfb.o(i._printf_core) for _printf_core
    printfb.o(i.__0sprintf$bare) refers to printfb.o(i._sputc) for _sputc
    printfb.o(i.__0vfprintf$bare) refers to printfb.o(i._printf_core) for _printf_core
    printfb.o(i.__0vfprintf$bare) refers to fputc.o(i.fputc) for fputc
    printfb.o(i.__0vprintf$bare) refers to printfb.o(i._printf_core) for _printf_core
    printfb.o(i.__0vprintf$bare) refers to fputc.o(i.fputc) for fputc
    printfb.o(i.__0vprintf$bare) refers to stdout.o(.data) for __stdout
    printfb.o(i.__0vsnprintf$bare) refers to printfb.o(i._printf_core) for _printf_core
    printfb.o(i.__0vsnprintf$bare) refers to printfb.o(i._snputc) for _snputc
    printfb.o(i.__0vsprintf$bare) refers to printfb.o(i._printf_core) for _printf_core
    printfb.o(i.__0vsprintf$bare) refers to printfb.o(i._sputc) for _sputc
    printf0.o(i.__0fprintf$0) refers to printf0.o(i._printf_core) for _printf_core
    printf0.o(i.__0fprintf$0) refers to fputc.o(i.fputc) for fputc
    printf0.o(i.__0printf$0) refers to printf0.o(i._printf_core) for _printf_core
    printf0.o(i.__0printf$0) refers to fputc.o(i.fputc) for fputc
    printf0.o(i.__0printf$0) refers to stdout.o(.data) for __stdout
    printf0.o(i.__0snprintf$0) refers to printf0.o(i._printf_core) for _printf_core
    printf0.o(i.__0snprintf$0) refers to printf0.o(i._snputc) for _snputc
    printf0.o(i.__0sprintf$0) refers to printf0.o(i._printf_core) for _printf_core
    printf0.o(i.__0sprintf$0) refers to printf0.o(i._sputc) for _sputc
    printf0.o(i.__0vfprintf$0) refers to printf0.o(i._printf_core) for _printf_core
    printf0.o(i.__0vfprintf$0) refers to fputc.o(i.fputc) for fputc
    printf0.o(i.__0vprintf$0) refers to printf0.o(i._printf_core) for _printf_core
    printf0.o(i.__0vprintf$0) refers to fputc.o(i.fputc) for fputc
    printf0.o(i.__0vprintf$0) refers to stdout.o(.data) for __stdout
[...]
    printf2.o(i.__0snprintf$2) refers to printf2.o(i._snputc) for _snputc
    printf2.o(i.__0sprintf$2) refers to printf2.o(i._printf_core) for _printf_core
    printf2.o(i.__0sprintf$2) refers to printf2.o(i._sputc) for _sputc
    printf2.o(i.__0vfprintf$2) refers to printf2.o(i._printf_core) for _printf_core
    printf2.o(i.__0vfprintf$2) refers to fputc.o(i.fputc) for fputc
    printf2.o(i.__0vprintf$2) refers to printf2.o(i._printf_core) for _printf_core
    printf2.o(i.__0vprintf$2) refers to fputc.o(i.fputc) for fputc
    printf2.o(i.__0vprintf$2) refers to stdout.o(.data) for __stdout
    printf2.o(i.__0vsnprintf$2) refers to printf2.o(i._printf_core) for _printf_core
    printf2.o(i.__0vsnprintf$2) refers to printf2.o(i._snputc) for _snputc
    printf2.o(i.__0vsprintf$2) refers to printf2.o(i._printf_core) for _printf_core
    printf2.o(i.__0vsprintf$2) refers to printf2.o(i._sputc) for _sputc
    printf3.o(i.__0fprintf$3) refers to printf3.o(i._printf_core) for _printf_core
    printf3.o(i.__0fprintf$3) refers to fputc.o(i.fputc) for fputc
    printf3.o(i.__0printf$3) refers to printf3.o(i._printf_core) for _printf_core
    printf3.o(i.__0printf$3) refers to fputc.o(i.fputc) for fputc
    printf3.o(i.__0printf$3) refers to stdout.o(.data) for __stdout
    printf3.o(i.__0snprintf$3) refers to printf3.o(i._printf_core) for _printf_core
    printf3.o(i.__0snprintf$3) refers to printf3.o(i._snputc) for _snputc
    printf3.o(i.__0sprintf$3) refers to printf3.o(i._printf_core) for _printf_core
    printf3.o(i.__0sprintf$3) refers to printf3.o(i._sputc) for _sputc
    printf3.o(i.__0vfprintf$3) refers to printf3.o(i._printf_core) for _printf_core
    printf3.o(i.__0vfprintf$3) refers to fputc.o(i.fputc) for fputc
    printf3.o(i.__0vprintf$3) refers to printf3.o(i._printf_core) for _printf_core
    printf3.o(i.__0vprintf$3) refers to fputc.o(i.fputc) for fputc
    printf3.o(i.__0vprintf$3) refers to stdout.o(.data) for __stdout
    printf3.o(i.__0vsnprintf$3) refers to printf3.o(i._printf_core) for _printf_core
    printf3.o(i.__0vsnprintf$3) refers to printf3.o(i._snputc) for _snputc
    printf3.o(i.__0vsprintf$3) refers to printf3.o(i._printf_core) for _printf_core
    printf3.o(i.__0vsprintf$3) refers to printf3.o(i._sputc) for _sputc
    printf3.o(i._printf_core) refers to uidiv_div0.o(.text) for __aeabi_uidivmod
    printf4.o(i.__0fprintf$4) refers to printf4.o(i._printf_core) for _printf_core
    printf4.o(i.__0fprintf$4) refers to fputc.o(i.fputc) for fputc
    printf4.o(i.__0printf$4) refers to printf4.o(i._printf_core) for _printf_core
    printf4.o(i.__0printf$4) refers to fputc.o(i.fputc) for fputc
    printf4.o(i.__0printf$4) refers to stdout.o(.data) for __stdout
    printf4.o(i.__0snprintf$4) refers to printf4.o(i._printf_core) for _printf_core
    printf4.o(i.__0snprintf$4) refers to printf4.o(i._snputc) for _snputc
    printf4.o(i.__0sprintf$4) refers to printf4.o(i._printf_core) for _printf_core
    printf4.o(i.__0sprintf$4) refers to printf4.o(i._sputc) for _sputc
    printf4.o(i.__0vfprintf$4) refers to printf4.o(i._printf_core) for _printf_core
    printf4.o(i.__0vfprintf$4) refers to fputc.o(i.fputc) for fputc
    printf4.o(i.__0vprintf$4) refers to printf4.o(i._printf_core) for _printf_core
    printf4.o(i.__0vprintf$4) refers to fputc.o(i.fputc) for fputc
    printf4.o(i.__0vprintf$4) refers to stdout.o(.data) for __stdout
    printf4.o(i.__0vsnprintf$4) refers to printf4.o(i._printf_core) for _printf_core
    printf4.o(i.__0vsnprintf$4) refers to printf4.o(i._snputc) for _snputc
    printf4.o(i.__0vsprintf$4) refers to printf4.o(i._printf_core) for _printf_core
    printf4.o(i.__0vsprintf$4) refers to printf4.o(i._sputc) for _sputc
    printf4.o(i._printf_core) refers to uldiv.o(.text) for __aeabi_uldivmod
    printf5.o(i.__0fprintf$5) refers to printf5.o(i._printf_core) for _printf_core
    printf5.o(i.__0fprintf$5) refers to fputc.o(i.fputc) for fputc
    printf5.o(i.__0printf$5) refers to printf5.o(i._printf_core) for _printf_core
    printf5.o(i.__0printf$5) refers to fputc.o(i.fputc) for fputc
    printf5.o(i.__0printf$5) refers to stdout.o(.data) for __stdout
    printf5.o(i.__0snprintf$5) refers to printf5.o(i._printf_core) for _printf_core
    printf5.o(i.__0snprintf$5) refers to printf5.o(i._snputc) for _snputc
    printf5.o(i.__0sprintf$5) refers to printf5.o(i._printf_core) for _printf_core
    printf5.o(i.__0sprintf$5) refers to printf5.o(i._sputc) for _sputc
    printf5.o(i.__0vfprintf$5) refers to printf5.o(i._printf_core) for _printf_core
    printf5.o(i.__0vfprintf$5) refers to fputc.o(i.fputc) for fputc
    printf5.o(i.__0vprintf$5) refers to printf5.o(i._printf_core) for _printf_core
    printf5.o(i.__0vprintf$5) refers to fputc.o(i.fputc) for fputc
    printf5.o(i.__0vprintf$5) refers to stdout.o(.data) for __stdout
    printf5.o(i.__0vsnprintf$5) refers to printf5.o(i._printf_core) for _printf_core
    printf5.o(i.__0vsnprintf$5) refers to printf5.o(i._snputc) for _snputc
    printf5.o(i.__0vsprintf$5) refers to printf5.o(i._printf_core) for _printf_core
    printf5.o(i.__0vsprintf$5) refers to printf5.o(i._sputc) for _sputc
    printf5.o(i._printf_core) refers to uldiv.o(.text) for __aeabi_uldivmod
    printf6.o(i.__0fprintf$6) refers to printf6.o(i._printf_core) for _printf_core
    printf6.o(i.__0fprintf$6) refers to fputc.o(i.fputc) for fputc
    printf6.o(i.__0printf$6) refers to printf6.o(i._printf_core) for _printf_core
    printf6.o(i.__0printf$6) refers to fputc.o(i.fputc) for fputc
    printf6.o(i.__0printf$6) refers to stdout.o(.data) for __stdout
    printf6.o(i.__0snprintf$6) refers to printf6.o(i._printf_core) for _printf_core
    printf6.o(i.__0snprintf$6) refers to printf6.o(i._snputc) for _snputc
    printf6.o(i.__0sprintf$6) refers to printf6.o(i._printf_core) for _printf_core
    printf6.o(i.__0sprintf$6) refers to printf6.o(i._sputc) for _sputc
    printf6.o(i.__0vfprintf$6) refers to printf6.o(i._printf_core) for _printf_core
    printf6.o(i.__0vfprintf$6) refers to fputc.o(i.fputc) for fputc
    printf6.o(i.__0vprintf$6) refers to printf6.o(i._printf_core) for _printf_core
    printf6.o(i.__0vprintf$6) refers to fputc.o(i.fputc) for fputc
    printf6.o(i.__0vprintf$6) refers to stdout.o(.data) for __stdout
    printf6.o(i.__0vsnprintf$6) refers to printf6.o(i._printf_core) for _printf_core
    printf6.o(i.__0vsnprintf$6) refers to printf6.o(i._snputc) for _snputc
    printf6.o(i.__0vsprintf$6) refers to printf6.o(i._printf_core) for _printf_core
    printf6.o(i.__0vsprintf$6) refers to printf6.o(i._sputc) for _sputc
    printf6.o(i._printf_core) refers to printf6.o(i._printf_pre_padding) for _printf_pre_padding
    printf6.o(i._printf_core) refers to printf6.o(i._printf_post_padding) for _printf_post_padding
    printf6.o(i._printf_core) refers to uidiv_div0.o(.text) for __aeabi_uidivmod
    printf7.o(i.__0fprintf$7) refers to printf7.o(i._printf_core) for _printf_core
    printf7.o(i.__0fprintf$7) refers to fputc.o(i.fputc) for fputc
    printf7.o(i.__0printf$7) refers to printf7.o(i._printf_core) for _printf_core
    printf7.o(i.__0printf$7) refers to fputc.o(i.fputc) for fputc
    printf7.o(i.__0printf$7) refers to stdout.o(.data) for __stdout
    printf7.o(i.__0snprintf$7) refers to printf7.o(i._printf_core) for _printf_core
    printf7.o(i.__0snprintf$7) refers to printf7.o(i._snputc) for _snputc
    printf7.o(i.__0sprintf$7) refers to printf7.o(i._printf_core) for _printf_core
    printf7.o(i.__0sprintf$7) refers to printf7.o(i._sputc) for _sputc
    printf7.o(i.__0vfprintf$7) refers to printf7.o(i._printf_core) for _printf_core
    printf7.o(i.__0vfprintf$7) refers to fputc.o(i.fputc) for fputc
    printf7.o(i.__0vprintf$7) refers to printf7.o(i._printf_core) for _printf_core
    printf7.o(i.__0vprintf$7) refers to fputc.o(i.fputc) for fputc
    printf7.o(i.__0vprintf$7) refers to stdout.o(.data) for __stdout
    printf7.o(i.__0vsnprintf$7) refers to printf7.o(i._printf_core) for _printf_core
    printf7.o(i.__0vsnprintf$7) refers to printf7.o(i._snputc) for _snputc
    printf7.o(i.__0vsprintf$7) refers to printf7.o(i._printf_core) for _printf_core
    printf7.o(i.__0vsprintf$7) refers to printf7.o(i._sputc) for _sputc
    printf7.o(i._printf_core) refers to printf7.o(i._printf_pre_padding) for _printf_pre_padding
    printf7.o(i._printf_core) refers to printf7.o(i._printf_post_padding) for _printf_post_padding
    printf7.o(i._printf_core) refers to uldiv.o(.text) for __aeabi_uldivmod
    printf8.o(i.__0fprintf$8) refers to printf8.o(i._printf_core) for _printf_core
    printf8.o(i.__0fprintf$8) refers to fputc.o(i.fputc) for fputc
    printf8.o(i.__0printf$8) refers to printf8.o(i._printf_core) for _printf_core
    printf8.o(i.__0printf$8) refers to fputc.o(i.fputc) for fputc
    printf8.o(i.__0printf$8) refers to stdout.o(.data) for __stdout
    printf8.o(i.__0snprintf$8) refers to printf8.o(i._printf_core) for _printf_core
    printf8.o(i.__0snprintf$8) refers to printf8.o(i._snputc) for _snputc
    printf8.o(i.__0sprintf$8) refers to printf8.o(i._printf_core) for _printf_core
    printf8.o(i.__0sprintf$8) refers to printf8.o(i._sputc) for _sputc
    printf8.o(i.__0vfprintf$8) refers to printf8.o(i._printf_core) for _printf_core
    printf8.o(i.__0vfprintf$8) refers to fputc.o(i.fputc) for fputc
    printf8.o(i.__0vprintf$8) refers to printf8.o(i._printf_core) for _printf_core
    printf8.o(i.__0vprintf$8) refers to fputc.o(i.fputc) for fputc
    printf8.o(i.__0vprintf$8) refers to stdout.o(.data) for __stdout
    printf8.o(i.__0vsnprintf$8) refers to printf8.o(i._printf_core) for _printf_core
    printf8.o(i.__0vsnprintf$8) refers to printf8.o(i._snputc) for _snputc
    printf8.o(i.__0vsprintf$8) refers to printf8.o(i._printf_core) for _printf_core
    printf8.o(i.__0vsprintf$8) refers to printf8.o(i._sputc) for _sputc
    printf8.o(i._printf_core) refers to printf8.o(i._printf_pre_padding) for _printf_pre_padding
    printf8.o(i._printf_core) refers to printf8.o(i._printf_post_padding) for _printf_post_padding
    printf8.o(i._printf_core) refers to uldiv.o(.text) for __aeabi_uldivmod
    printfa.o(i.__0fprintf) refers (Special) to iusefp.o(.text) for __I$use$fp
    printfa.o(i.__0fprintf) refers to printfa.o(i._printf_core) for _printf_core
    printfa.o(i.__0fprintf) refers to fputc.o(i.fputc) for fputc
    printfa.o(i.__0printf) refers (Special) to iusefp.o(.text) for __I$use$fp
    printfa.o(i.__0printf) refers to printfa.o(i._printf_core) for _printf_core
    printfa.o(i.__0printf) refers to fputc.o(i.fputc) for fputc
    printfa.o(i.__0printf) refers to stdout.o(.data) for __stdout
    printfa.o(i.__0snprintf) refers (Special) to iusefp.o(.text) for __I$use$fp
    printfa.o(i.__0snprintf) refers to printfa.o(i._printf_core) for _printf_core
    printfa.o(i.__0snprintf) refers to printfa.o(i._snputc) for _snputc
    printfa.o(i.__0sprintf) refers (Special) to iusefp.o(.text) for __I$use$fp
    printfa.o(i.__0sprintf) refers to printfa.o(i._printf_core) for _printf_core
    printfa.o(i.__0sprintf) refers to printfa.o(i._sputc) for _sputc
    printfa.o(i.__0vfprintf) refers (Special) to iusefp.o(.text) for __I$use$fp
    printfa.o(i.__0vfprintf) refers to printfa.o(i._printf_core) for _printf_core
    printfa.o(i.__0vfprintf) refers to fputc.o(i.fputc) for fputc
    printfa.o(i.__0vprintf) refers (Special) to iusefp.o(.text) for __I$use$fp
    printfa.o(i.__0vprintf) refers to printfa.o(i._printf_core) for _printf_core
    printfa.o(i.__0vprintf) refers to fputc.o(i.fputc) for fputc
    printfa.o(i.__0vprintf) refers to stdout.o(.data) for __stdout
    printfa.o(i.__0vsnprintf) refers (Special) to iusefp.o(.text) for __I$use$fp
    printfa.o(i.__0vsnprintf) refers to printfa.o(i._printf_core) for _printf_core
    printfa.o(i.__0vsnprintf) refers to printfa.o(i._snputc) for _snputc
    printfa.o(i.__0vsprintf) refers (Special) to iusefp.o(.text) for __I$use$fp
    printfa.o(i.__0vsprintf) refers to printfa.o(i._printf_core) for _printf_core
    printfa.o(i.__0vsprintf) refers to printfa.o(i._sputc) for _sputc
    printfa.o(i._fp_digits) refers (Special) to iusefp.o(.text) for __I$use$fp
    printfa.o(i._fp_digits) refers to dmul.o(.text) for __aeabi_dmul
    printfa.o(i._fp_digits) refers to ddiv.o(.text) for __aeabi_ddiv
    printfa.o(i._fp_digits) refers to cdrcmple.o(.text) for __aeabi_cdrcmple
    printfa.o(i._fp_digits) refers to dadd.o(.text) for __aeabi_dadd
    printfa.o(i._fp_digits) refers to dfixul.o(.text) for __aeabi_d2ulz
    printfa.o(i._fp_digits) refers to uldiv.o(.text) for __aeabi_uldivmod
    printfa.o(i._printf_core) refers (Special) to iusefp.o(.text) for __I$use$fp
    printfa.o(i._printf_core) refers to printfa.o(i._printf_pre_padding) for _printf_pre_padding
    printfa.o(i._printf_core) refers to uldiv.o(.text) for __aeabi_uldivmod
    printfa.o(i._printf_core) refers to printfa.o(i._printf_post_padding) for _printf_post_padding
    printfa.o(i._printf_core) refers to printfa.o(i._fp_digits) for _fp_digits
    printfa.o(i._printf_core) refers to uidiv_div0.o(.text) for __aeabi_uidivmod
    printfa.o(i._printf_post_padding) refers (Special) to iusefp.o(.text) for __I$use$fp
    printfa.o(i._printf_pre_padding) refers (Special) to iusefp.o(.text) for __I$use$fp
    printfa.o(i._snputc) refers (Special) to iusefp.o(.text) for __I$use$fp
    printfa.o(i._sputc) refers (Special) to iusefp.o(.text) for __I$use$fp
    malloc.o(i.free) refers to mvars.o(.data) for __microlib_freelist
    malloc.o(i.malloc) refers to mvars.o(.data) for __microlib_freelist_initialised
    malloc.o(i.malloc) refers to mvars.o(.data) for __microlib_freelist
    malloc.o(i.malloc) refers to startup_stm32f030x6.o(HEAP) for __heap_base
    mallocr.o(i.__free$realloc) refers to mvars.o(.data) for __microlib_freelist
    mallocr.o(i.__malloc$realloc) refers to mallocr.o(i.internal_alloc) for internal_alloc
    mallocr.o(i.__malloc$realloc) refers to mvars.o(.data) for __microlib_freelist_initialised
    mallocr.o(i.__malloc$realloc) refers to startup_stm32f030x6.o(HEAP) for __heap_base
    mallocr.o(i.__malloc$realloc) refers to mvars.o(.data) for __microlib_freelist
    mallocr.o(i.internal_alloc) refers to memcpya.o(.text) for __aeabi_memcpy
    mallocr.o(i.internal_alloc) refers to mvars.o(.data) for __microlib_freelist
    mallocr.o(i.realloc) refers to mallocr.o(i.__free$realloc) for __free$realloc
    mallocr.o(i.realloc) refers to mallocr.o(i.internal_alloc) for internal_alloc
    mallocr.o(i.realloc) refers to mallocr.o(i.__malloc$realloc) for __malloc$realloc
    mallocr.o(i.realloc) refers to mvars.o(.data) for __microlib_freelist
    malloca.o(i.__aligned_malloc) refers to mvars.o(.data) for __microlib_freelist
    malloca.o(i.__aligned_malloc) refers to mvars.o(.data) for __microlib_freelist_initialised
    malloca.o(i.__aligned_malloc) refers to startup_stm32f030x6.o(HEAP) for __heap_base
    malloca.o(i.__free$memalign) refers to mvars.o(.data) for __microlib_freelist
    malloca.o(i.__malloc$memalign) refers to malloca.o(i.__aligned_malloc) for __aligned_malloc
    mallocra.o(i.__aligned_malloc$realloc) refers to mallocra.o(i.internal_alloc) for internal_alloc
    mallocra.o(i.__aligned_malloc$realloc) refers to startup_stm32f030x6.o(HEAP) for __heap_base
    mallocra.o(i.__aligned_malloc$realloc) refers to mvars.o(.data) for __microlib_freelist
    mallocra.o(i.__aligned_malloc$realloc) refers to mvars.o(.data) for __microlib_freelist_initialised
    mallocra.o(i.__free$realloc$memalign) refers to mvars.o(.data) for __microlib_freelist
    mallocra.o(i.__malloc$realloc$memalign) refers to mallocra.o(i.__aligned_malloc$realloc) for __aligned_malloc$realloc
    mallocra.o(i.__realloc$memalign) refers to mallocra.o(i.__free$realloc$memalign) for __free$realloc$memalign
    mallocra.o(i.__realloc$memalign) refers to mallocra.o(i.internal_alloc) for internal_alloc
    mallocra.o(i.__realloc$memalign) refers to mallocra.o(i.__malloc$realloc$memalign) for __malloc$realloc$memalign
    mallocra.o(i.__realloc$memalign) refers to mvars.o(.data) for __microlib_freelist
    mallocra.o(i.internal_alloc) refers to memcpya.o(.text) for __aeabi_memcpy
    mallocra.o(i.internal_alloc) refers to mvars.o(.data) for __microlib_freelist
    entry2.o(.ARM.Collect$$$$00000001) refers to entry2.o(.ARM.Collect$$$$00002712) for __lit__00000000
    entry2.o(.ARM.Collect$$$$00002712) refers to startup_stm32f030x6.o(STACK) for __initial_sp
    entry2.o(__vectab_stack_and_reset_area) refers to startup_stm32f030x6.o(STACK) for __initial_sp
    entry2.o(__vectab_stack_and_reset_area) refers to entry.o(.ARM.Collect$$$$00000000) for __main
    entry5.o(.ARM.Collect$$$$00000004) refers to init.o(.text) for __scatterload
    entry9a.o(.ARM.Collect$$$$0000000B) refers to lto-llvm-d344b8.o(.text.main) for main
    entry9b.o(.ARM.Collect$$$$0000000C) refers to lto-llvm-d344b8.o(.text.main) for main
    fputc.o(i.fputc) refers (Special) to iusesemip.o(.text) for __I$use$semihosting$fputc
    fputc.o(i.fputc) refers (Special) to semi.o(.text) for __semihosting_library_function
    fputc_h.o(i._fputc$hlt) refers (Special) to iusesemip.o(.text) for __I$use$semihosting$fputc
    fputc_h.o(i._fputc$hlt) refers (Special) to semi.o(.text) for __semihosting_library_function
    uldiv.o(.text) refers to llushr.o(.text) for __aeabi_llsr
    uldiv.o(.text) refers to llshl.o(.text) for __aeabi_llsl
    dadd.o(.text) refers (Special) to iusefp.o(.text) for __I$use$fp
    dadd.o(.text) refers to llshl.o(.text) for __aeabi_llsl
    dadd.o(.text) refers to llsshr.o(.text) for __aeabi_lasr
    dadd.o(.text) refers to depilogue.o(.text) for _double_epilogue
    dmul.o(.text) refers (Special) to iusefp.o(.text) for __I$use$fp
    dmul.o(.text) refers to depilogue.o(.text) for _double_epilogue
    ddiv.o(.text) refers (Special) to iusefp.o(.text) for __I$use$fp
    ddiv.o(.text) refers to depilogue.o(.text) for _double_round
    dfixul.o(.text) refers (Special) to iusefp.o(.text) for __I$use$fp
    dfixul.o(.text) refers to llushr.o(.text) for __aeabi_llsr
    dfixul.o(.text) refers to llshl.o(.text) for __aeabi_llsl
    cdrcmple.o(.text) refers (Special) to iusefp.o(.text) for __I$use$fp
    init.o(.text) refers to entry5.o(.ARM.Collect$$$$00000004) for __main_after_scatterload
    idiv_div0.o(.text) refers to uidiv_div0.o(.text) for __aeabi_uidivmod
    depilogue.o(.text) refers (Special) to iusefp.o(.text) for __I$use$fp
    depilogue.o(.text) refers to depilogue.o(i.__ARM_clz) for __ARM_clz
    depilogue.o(.text) refers to llshl.o(.text) for __aeabi_llsl
    depilogue.o(.text) refers to llushr.o(.text) for __aeabi_llsr
    lto-llvm-d344b8.o(.text.TF_AddTypeListener) refers to lto-llvm-d344b8.o(.bss.tfapp) for [Anonymous Symbol]
    lto-llvm-d344b8.o(.ARM.exidx.text.TF_AddTypeListener) refers to lto-llvm-d344b8.o(.text.TF_AddTypeListener) for [Anonymous Symbol]
    lto-llvm-d344b8.o(.text.TF_HandleReceivedMessage) refers to memseta.o(.text) for __aeabi_memclr4
    lto-llvm-d344b8.o(.text.TF_HandleReceivedMessage) refers to lto-llvm-d344b8.o(.bss.tfapp) for [Anonymous Symbol]
    lto-llvm-d344b8.o(.ARM.exidx.text.TF_HandleReceivedMessage) refers to lto-llvm-d344b8.o(.text.TF_HandleReceivedMessage) for [Anonymous Symbol]
    lto-llvm-d344b8.o(.text.TF_Respond) refers to lto-llvm-d344b8.o(.text.TF_WriteImpl) for TF_WriteImpl
    lto-llvm-d344b8.o(.text.TF_Respond) refers to lto-llvm-d344b8.o(.rodata.crc16_table) for [Anonymous Symbol]
    lto-llvm-d344b8.o(.ARM.exidx.text.TF_Respond) refers to lto-llvm-d344b8.o(.text.TF_Respond) for [Anonymous Symbol]
    lto-llvm-d344b8.o(.text.main) refers to lto-llvm-d344b8.o(.text.HAL_InitTick) for HAL_InitTick
    lto-llvm-d344b8.o(.text.main) refers to lto-llvm-d344b8.o(.text.HAL_RCC_GetSysClockFreq) for HAL_RCC_GetSysClockFreq
    lto-llvm-d344b8.o(.text.main) refers to lto-llvm-d344b8.o(.text.HAL_GPIO_Init) for HAL_GPIO_Init
    lto-llvm-d344b8.o(.text.main) refers to lto-llvm-d344b8.o(.bss..L_MergedGlobals) for [Anonymous Symbol]
    lto-llvm-d344b8.o(.text.main) refers to lto-llvm-d344b8.o(.data.SystemCoreClock) for [Anonymous Symbol]
    lto-llvm-d344b8.o(.text.main) refers to lto-llvm-d344b8.o(.bss.hadc) for [Anonymous Symbol]
    lto-llvm-d344b8.o(.text.main) refers to lto-llvm-d344b8.o(.text.HAL_ADC_ConfigChannel) for HAL_ADC_ConfigChannel
    lto-llvm-d344b8.o(.text.main) refers to lto-llvm-d344b8.o(.text.Error_Handler) for Error_Handler
    lto-llvm-d344b8.o(.text.main) refers to lto-llvm-d344b8.o(.text.HAL_RCC_GetPCLK1Freq) for HAL_RCC_GetPCLK1Freq
    lto-llvm-d344b8.o(.text.main) refers to lto-llvm-d344b8.o(.bss.htim14) for [Anonymous Symbol]
    lto-llvm-d344b8.o(.text.main) refers to lto-llvm-d344b8.o(.bss.huart1) for [Anonymous Symbol]
    lto-llvm-d344b8.o(.text.main) refers to uidiv_div0.o(.text) for __aeabi_uidiv
    lto-llvm-d344b8.o(.text.main) refers to lto-llvm-d344b8.o(.text.UART_WaitOnFlagUntilTimeout) for UART_WaitOnFlagUntilTimeout
    lto-llvm-d344b8.o(.text.main) refers to memseta.o(.text) for __aeabi_memclr4
    lto-llvm-d344b8.o(.text.main) refers to lto-llvm-d344b8.o(.text.TF_AddTypeListener) for TF_AddTypeListener
    lto-llvm-d344b8.o(.text.main) refers to lto-llvm-d344b8.o(.text.HAL_UART_Receive_IT) for HAL_UART_Receive_IT
    lto-llvm-d344b8.o(.text.main) refers to lto-llvm-d344b8.o(.bss.tfapp) for [Anonymous Symbol]
    lto-llvm-d344b8.o(.text.main) refers to lto-llvm-d344b8.o(.text.STATUS_Listener) for STATUS_Listener
    lto-llvm-d344b8.o(.text.main) refers to lto-llvm-d344b8.o(.text.SOFTSTART_Listener) for SOFTSTART_Listener
    lto-llvm-d344b8.o(.text.main) refers to lto-llvm-d344b8.o(.text.HAL_Delay) for HAL_Delay
    lto-llvm-d344b8.o(.text.main) refers to lto-llvm-d344b8.o(.text.ReadAddressAndDelay) for ReadAddressAndDelay
    lto-llvm-d344b8.o(.text.main) refers to lto-llvm-d344b8.o(.text.HAL_GPIO_TogglePin) for HAL_GPIO_TogglePin
    lto-llvm-d344b8.o(.ARM.exidx.text.main) refers to lto-llvm-d344b8.o(.text.main) for [Anonymous Symbol]
    lto-llvm-d344b8.o(.text.Error_Handler) refers to lto-llvm-d344b8.o(.text.HAL_GPIO_DeInit) for HAL_GPIO_DeInit
    lto-llvm-d344b8.o(.text.Error_Handler) refers to lto-llvm-d344b8.o(.text.HAL_NVIC_SystemReset) for HAL_NVIC_SystemReset
    lto-llvm-d344b8.o(.text.Error_Handler) refers to lto-llvm-d344b8.o(.bss.hadc) for [Anonymous Symbol]
    lto-llvm-d344b8.o(.text.Error_Handler) refers to lto-llvm-d344b8.o(.bss.huart1) for [Anonymous Symbol]
    lto-llvm-d344b8.o(.text.Error_Handler) refers to lto-llvm-d344b8.o(.bss.htim14) for [Anonymous Symbol]
    lto-llvm-d344b8.o(.ARM.exidx.text.Error_Handler) refers to lto-llvm-d344b8.o(.text.Error_Handler) for [Anonymous Symbol]
    lto-llvm-d344b8.o(.ARM.exidx.text.ReadAddressAndDelay) refers to lto-llvm-d344b8.o(.text.ReadAddressAndDelay) for [Anonymous Symbol]
    lto-llvm-d344b8.o(.text.STATUS_Listener) refers to lto-llvm-d344b8.o(.text.TF_Respond) for TF_Respond
    lto-llvm-d344b8.o(.text.STATUS_Listener) refers to lto-llvm-d344b8.o(.bss..L_MergedGlobals) for [Anonymous Symbol]
    lto-llvm-d344b8.o(.ARM.exidx.text.STATUS_Listener) refers to lto-llvm-d344b8.o(.text.STATUS_Listener) for [Anonymous Symbol]
    lto-llvm-d344b8.o(.text.SOFTSTART_Listener) refers to lto-llvm-d344b8.o(.text.TF_Respond) for TF_Respond
    lto-llvm-d344b8.o(.text.SOFTSTART_Listener) refers to lto-llvm-d344b8.o(.bss..L_MergedGlobals) for [Anonymous Symbol]
    lto-llvm-d344b8.o(.ARM.exidx.text.SOFTSTART_Listener) refers to lto-llvm-d344b8.o(.text.SOFTSTART_Listener) for [Anonymous Symbol]
    lto-llvm-d344b8.o(.text.TF_WriteImpl) refers to lto-llvm-d344b8.o(.text.UART_WaitOnFlagUntilTimeout) for UART_WaitOnFlagUntilTimeout
    lto-llvm-d344b8.o(.text.TF_WriteImpl) refers to lto-llvm-d344b8.o(.text.HAL_UART_Receive_IT) for HAL_UART_Receive_IT
    lto-llvm-d344b8.o(.text.TF_WriteImpl) refers to lto-llvm-d344b8.o(.bss.huart1) for [Anonymous Symbol]
    lto-llvm-d344b8.o(.text.TF_WriteImpl) refers to lto-llvm-d344b8.o(.bss..L_MergedGlobals) for [Anonymous Symbol]
    lto-llvm-d344b8.o(.ARM.exidx.text.TF_WriteImpl) refers to lto-llvm-d344b8.o(.text.TF_WriteImpl) for [Anonymous Symbol]
    lto-llvm-d344b8.o(.text.HAL_UART_RxCpltCallback) refers to lto-llvm-d344b8.o(.text.HAL_UART_Receive_IT) for HAL_UART_Receive_IT
    lto-llvm-d344b8.o(.text.HAL_UART_RxCpltCallback) refers to lto-llvm-d344b8.o(.text.TF_HandleReceivedMessage) for TF_HandleReceivedMessage
    lto-llvm-d344b8.o(.text.HAL_UART_RxCpltCallback) refers to lto-llvm-d344b8.o(.text.Error_Handler) for Error_Handler
    lto-llvm-d344b8.o(.text.HAL_UART_RxCpltCallback) refers to lto-llvm-d344b8.o(.bss.tfapp) for [Anonymous Symbol]
    lto-llvm-d344b8.o(.text.HAL_UART_RxCpltCallback) refers to lto-llvm-d344b8.o(.bss.rec) for [Anonymous Symbol]
    lto-llvm-d344b8.o(.text.HAL_UART_RxCpltCallback) refers to lto-llvm-d344b8.o(.rodata.crc16_table) for [Anonymous Symbol]
    lto-llvm-d344b8.o(.ARM.exidx.text.HAL_UART_RxCpltCallback) refers to lto-llvm-d344b8.o(.text.HAL_UART_RxCpltCallback) for [Anonymous Symbol]
    lto-llvm-d344b8.o(.text.HAL_UART_ErrorCallback) refers to lto-llvm-d344b8.o(.text.HAL_DMA_Abort) for HAL_DMA_Abort
    lto-llvm-d344b8.o(.text.HAL_UART_ErrorCallback) refers to lto-llvm-d344b8.o(.text.HAL_UART_Receive_IT) for HAL_UART_Receive_IT
    lto-llvm-d344b8.o(.text.HAL_UART_ErrorCallback) refers to lto-llvm-d344b8.o(.bss.huart1) for [Anonymous Symbol]
    lto-llvm-d344b8.o(.ARM.exidx.text.HAL_UART_ErrorCallback) refers to lto-llvm-d344b8.o(.text.HAL_UART_ErrorCallback) for [Anonymous Symbol]
    lto-llvm-d344b8.o(.ARM.exidx.text.NMI_Handler) refers to lto-llvm-d344b8.o(.text.NMI_Handler) for [Anonymous Symbol]
    lto-llvm-d344b8.o(.ARM.exidx.text.HardFault_Handler) refers to lto-llvm-d344b8.o(.text.HardFault_Handler) for [Anonymous Symbol]
    lto-llvm-d344b8.o(.ARM.exidx.text.SVC_Handler) refers to lto-llvm-d344b8.o(.text.SVC_Handler) for [Anonymous Symbol]
    lto-llvm-d344b8.o(.ARM.exidx.text.PendSV_Handler) refers to lto-llvm-d344b8.o(.text.PendSV_Handler) for [Anonymous Symbol]
    lto-llvm-d344b8.o(.text.SysTick_Handler) refers to lto-llvm-d344b8.o(.bss..L_MergedGlobals) for [Anonymous Symbol]
    lto-llvm-d344b8.o(.ARM.exidx.text.SysTick_Handler) refers to lto-llvm-d344b8.o(.text.SysTick_Handler) for [Anonymous Symbol]
    lto-llvm-d344b8.o(.text.EXTI0_1_IRQHandler) refers to lto-llvm-d344b8.o(.text.HAL_TIM_Base_Stop_IT) for HAL_TIM_Base_Stop_IT
    lto-llvm-d344b8.o(.text.EXTI0_1_IRQHandler) refers to lto-llvm-d344b8.o(.bss..L_MergedGlobals) for [Anonymous Symbol]
    lto-llvm-d344b8.o(.text.EXTI0_1_IRQHandler) refers to lto-llvm-d344b8.o(.bss.htim14) for [Anonymous Symbol]
    lto-llvm-d344b8.o(.ARM.exidx.text.EXTI0_1_IRQHandler) refers to lto-llvm-d344b8.o(.text.EXTI0_1_IRQHandler) for [Anonymous Symbol]
    lto-llvm-d344b8.o(.text.TIM14_IRQHandler) refers to lto-llvm-d344b8.o(.text.HAL_TIM_Base_Stop_IT) for HAL_TIM_Base_Stop_IT
    lto-llvm-d344b8.o(.text.TIM14_IRQHandler) refers to lto-llvm-d344b8.o(.bss.htim14) for [Anonymous Symbol]
    lto-llvm-d344b8.o(.text.TIM14_IRQHandler) refers to lto-llvm-d344b8.o(.bss..L_MergedGlobals) for [Anonymous Symbol]
    lto-llvm-d344b8.o(.ARM.exidx.text.TIM14_IRQHandler) refers to lto-llvm-d344b8.o(.text.TIM14_IRQHandler) for [Anonymous Symbol]
    lto-llvm-d344b8.o(.text.USART1_IRQHandler) refers to lto-llvm-d344b8.o(.text.HAL_UART_ErrorCallback) for HAL_UART_ErrorCallback
    lto-llvm-d344b8.o(.text.USART1_IRQHandler) refers to lto-llvm-d344b8.o(.text.UART_EndRxTransfer) for UART_EndRxTransfer
    lto-llvm-d344b8.o(.text.USART1_IRQHandler) refers to lto-llvm-d344b8.o(.text.HAL_DMA_Abort) for HAL_DMA_Abort
    lto-llvm-d344b8.o(.text.USART1_IRQHandler) refers to lto-llvm-d344b8.o(.text.UART_DMAAbortOnError) for UART_DMAAbortOnError
    lto-llvm-d344b8.o(.text.USART1_IRQHandler) refers to lto-llvm-d344b8.o(.bss.huart1) for [Anonymous Symbol]
    lto-llvm-d344b8.o(.ARM.exidx.text.USART1_IRQHandler) refers to lto-llvm-d344b8.o(.text.USART1_IRQHandler) for [Anonymous Symbol]
    lto-llvm-d344b8.o(.text.HAL_ADC_ConfigChannel) refers to uidiv_div0.o(.text) for __aeabi_uidiv
    lto-llvm-d344b8.o(.text.HAL_ADC_ConfigChannel) refers to lto-llvm-d344b8.o(.bss.hadc) for [Anonymous Symbol]
    lto-llvm-d344b8.o(.text.HAL_ADC_ConfigChannel) refers to lto-llvm-d344b8.o(.data.SystemCoreClock) for [Anonymous Symbol]
    lto-llvm-d344b8.o(.ARM.exidx.text.HAL_ADC_ConfigChannel) refers to lto-llvm-d344b8.o(.text.HAL_ADC_ConfigChannel) for [Anonymous Symbol]
    lto-llvm-d344b8.o(.text.HAL_RCC_GetSysClockFreq) refers to uidiv_div0.o(.text) for __aeabi_uidiv
    lto-llvm-d344b8.o(.ARM.exidx.text.HAL_RCC_GetSysClockFreq) refers to lto-llvm-d344b8.o(.text.HAL_RCC_GetSysClockFreq) for [Anonymous Symbol]
    lto-llvm-d344b8.o(.text.HAL_RCC_GetPCLK1Freq) refers to lto-llvm-d344b8.o(.data.SystemCoreClock) for [Anonymous Symbol]
    lto-llvm-d344b8.o(.ARM.exidx.text.HAL_RCC_GetPCLK1Freq) refers to lto-llvm-d344b8.o(.text.HAL_RCC_GetPCLK1Freq) for [Anonymous Symbol]
    lto-llvm-d344b8.o(.text.HAL_InitTick) refers to uidiv_div0.o(.text) for __aeabi_uidiv
    lto-llvm-d344b8.o(.text.HAL_InitTick) refers to lto-llvm-d344b8.o(.data.SystemCoreClock) for [Anonymous Symbol]
    lto-llvm-d344b8.o(.ARM.exidx.text.HAL_InitTick) refers to lto-llvm-d344b8.o(.text.HAL_InitTick) for [Anonymous Symbol]
    lto-llvm-d344b8.o(.text.HAL_Delay) refers to lto-llvm-d344b8.o(.bss..L_MergedGlobals) for [Anonymous Symbol]
    lto-llvm-d344b8.o(.ARM.exidx.text.HAL_Delay) refers to lto-llvm-d344b8.o(.text.HAL_Delay) for [Anonymous Symbol]
    lto-llvm-d344b8.o(.ARM.exidx.text.HAL_GPIO_Init) refers to lto-llvm-d344b8.o(.text.HAL_GPIO_Init) for [Anonymous Symbol]
    lto-llvm-d344b8.o(.ARM.exidx.text.HAL_GPIO_DeInit) refers to lto-llvm-d344b8.o(.text.HAL_GPIO_DeInit) for [Anonymous Symbol]
    lto-llvm-d344b8.o(.ARM.exidx.text.HAL_GPIO_TogglePin) refers to lto-llvm-d344b8.o(.text.HAL_GPIO_TogglePin) for [Anonymous Symbol]
    lto-llvm-d344b8.o(.ARM.exidx.text.HAL_DMA_Abort) refers to lto-llvm-d344b8.o(.text.HAL_DMA_Abort) for [Anonymous Symbol]
    lto-llvm-d344b8.o(.text.HAL_NVIC_SystemReset) refers to lto-llvm-d344b8.o(.text.__NVIC_SystemReset) for __NVIC_SystemReset
    lto-llvm-d344b8.o(.ARM.exidx.text.HAL_NVIC_SystemReset) refers to lto-llvm-d344b8.o(.text.HAL_NVIC_SystemReset) for [Anonymous Symbol]
    lto-llvm-d344b8.o(.ARM.exidx.text.__NVIC_SystemReset) refers to lto-llvm-d344b8.o(.text.__NVIC_SystemReset) for [Anonymous Symbol]
    lto-llvm-d344b8.o(.text.HAL_TIM_Base_Stop_IT) refers to lto-llvm-d344b8.o(.bss.htim14) for [Anonymous Symbol]
    lto-llvm-d344b8.o(.ARM.exidx.text.HAL_TIM_Base_Stop_IT) refers to lto-llvm-d344b8.o(.text.HAL_TIM_Base_Stop_IT) for [Anonymous Symbol]
    lto-llvm-d344b8.o(.text.UART_WaitOnFlagUntilTimeout) refers to lto-llvm-d344b8.o(.text.UART_EndRxTransfer) for UART_EndRxTransfer
    lto-llvm-d344b8.o(.text.UART_WaitOnFlagUntilTimeout) refers to lto-llvm-d344b8.o(.bss..L_MergedGlobals) for [Anonymous Symbol]
    lto-llvm-d344b8.o(.ARM.exidx.text.UART_WaitOnFlagUntilTimeout) refers to lto-llvm-d344b8.o(.text.UART_WaitOnFlagUntilTimeout) for [Anonymous Symbol]
    lto-llvm-d344b8.o(.ARM.exidx.text.UART_EndRxTransfer) refers to lto-llvm-d344b8.o(.text.UART_EndRxTransfer) for [Anonymous Symbol]
    lto-llvm-d344b8.o(.text.HAL_UART_Receive_IT) refers to lto-llvm-d344b8.o(.bss.huart1) for [Anonymous Symbol]
    lto-llvm-d344b8.o(.text.HAL_UART_Receive_IT) refers to lto-llvm-d344b8.o(.bss.rec) for [Anonymous Symbol]
    lto-llvm-d344b8.o(.text.HAL_UART_Receive_IT) refers to lto-llvm-d344b8.o(.text.UART_RxISR_8BIT) for UART_RxISR_8BIT
    lto-llvm-d344b8.o(.text.HAL_UART_Receive_IT) refers to lto-llvm-d344b8.o(.text.UART_RxISR_16BIT) for UART_RxISR_16BIT
    lto-llvm-d344b8.o(.ARM.exidx.text.HAL_UART_Receive_IT) refers to lto-llvm-d344b8.o(.text.HAL_UART_Receive_IT) for [Anonymous Symbol]
    lto-llvm-d344b8.o(.text.UART_RxISR_8BIT) refers to lto-llvm-d344b8.o(.text.HAL_UART_RxCpltCallback) for HAL_UART_RxCpltCallback
    lto-llvm-d344b8.o(.ARM.exidx.text.UART_RxISR_8BIT) refers to lto-llvm-d344b8.o(.text.UART_RxISR_8BIT) for [Anonymous Symbol]
    lto-llvm-d344b8.o(.text.UART_RxISR_16BIT) refers to lto-llvm-d344b8.o(.text.HAL_UART_RxCpltCallback) for HAL_UART_RxCpltCallback
    lto-llvm-d344b8.o(.ARM.exidx.text.UART_RxISR_16BIT) refers to lto-llvm-d344b8.o(.text.UART_RxISR_16BIT) for [Anonymous Symbol]
    lto-llvm-d344b8.o(.text.UART_DMAAbortOnError) refers to lto-llvm-d344b8.o(.text.HAL_UART_ErrorCallback) for HAL_UART_ErrorCallback
    lto-llvm-d344b8.o(.ARM.exidx.text.UART_DMAAbortOnError) refers to lto-llvm-d344b8.o(.text.UART_DMAAbortOnError) for [Anonymous Symbol]
    lto-llvm-d344b8.o(.ARM.exidx.text.SystemInit) refers to lto-llvm-d344b8.o(.text.SystemInit) for [Anonymous Symbol]
    depilogue.o(i.__ARM_clz) refers (Special) to iusefp.o(.text) for __I$use$fp


==============================================================================

Removing Unused input sections from the image.

    Removing startup_stm32f030x6.o(HEAP), (512 bytes).
    Removing dadd.o(.text), (356 bytes).
    Removing dmul.o(.text), (208 bytes).
    Removing ddiv.o(.text), (240 bytes).
    Removing dfixul.o(.text), (64 bytes).
    Removing cdrcmple.o(.text), (40 bytes).
    Removing depilogue.o(.text), (190 bytes).
    Removing lto-llvm-d344b8.o(.text), (0 bytes).
    Removing lto-llvm-d344b8.o(.ARM.exidx.text.TF_AddTypeListener), (8 bytes).
    Removing lto-llvm-d344b8.o(.ARM.exidx.text.TF_HandleReceivedMessage), (8 bytes).
    Removing lto-llvm-d344b8.o(.ARM.exidx.text.TF_Respond), (8 bytes).
    Removing lto-llvm-d344b8.o(.ARM.exidx.text.main), (8 bytes).
    Removing lto-llvm-d344b8.o(.ARM.exidx.text.Error_Handler), (8 bytes).
    Removing lto-llvm-d344b8.o(.ARM.exidx.text.ReadAddressAndDelay), (8 bytes).
    Removing lto-llvm-d344b8.o(.ARM.exidx.text.STATUS_Listener), (8 bytes).
    Removing lto-llvm-d344b8.o(.ARM.exidx.text.SOFTSTART_Listener), (8 bytes).
    Removing lto-llvm-d344b8.o(.ARM.exidx.text.TF_WriteImpl), (8 bytes).
    Removing lto-llvm-d344b8.o(.ARM.exidx.text.HAL_UART_RxCpltCallback), (8 bytes).
    Removing lto-llvm-d344b8.o(.ARM.exidx.text.HAL_UART_ErrorCallback), (8 bytes).
    Removing lto-llvm-d344b8.o(.ARM.exidx.text.NMI_Handler), (8 bytes).
    Removing lto-llvm-d344b8.o(.ARM.exidx.text.HardFault_Handler), (8 bytes).
    Removing lto-llvm-d344b8.o(.ARM.exidx.text.SVC_Handler), (8 bytes).
    Removing lto-llvm-d344b8.o(.ARM.exidx.text.PendSV_Handler), (8 bytes).
    Removing lto-llvm-d344b8.o(.ARM.exidx.text.SysTick_Handler), (8 bytes).
    Removing lto-llvm-d344b8.o(.ARM.exidx.text.EXTI0_1_IRQHandler), (8 bytes).
    Removing lto-llvm-d344b8.o(.ARM.exidx.text.TIM14_IRQHandler), (8 bytes).
    Removing lto-llvm-d344b8.o(.ARM.exidx.text.USART1_IRQHandler), (8 bytes).
    Removing lto-llvm-d344b8.o(.ARM.exidx.text.HAL_ADC_ConfigChannel), (8 bytes).
    Removing lto-llvm-d344b8.o(.ARM.exidx.text.HAL_RCC_GetSysClockFreq), (8 bytes).
    Removing lto-llvm-d344b8.o(.ARM.exidx.text.HAL_RCC_GetPCLK1Freq), (8 bytes).
    Removing lto-llvm-d344b8.o(.ARM.exidx.text.HAL_InitTick), (8 bytes).
    Removing lto-llvm-d344b8.o(.ARM.exidx.text.HAL_Delay), (8 bytes).
    Removing lto-llvm-d344b8.o(.ARM.exidx.text.HAL_GPIO_Init), (8 bytes).
    Removing lto-llvm-d344b8.o(.ARM.exidx.text.HAL_GPIO_DeInit), (8 bytes).
    Removing lto-llvm-d344b8.o(.ARM.exidx.text.HAL_GPIO_TogglePin), (8 bytes).
    Removing lto-llvm-d344b8.o(.ARM.exidx.text.HAL_DMA_Abort), (8 bytes).
    Removing lto-llvm-d344b8.o(.ARM.exidx.text.HAL_NVIC_SystemReset), (8 bytes).
    Removing lto-llvm-d344b8.o(.ARM.exidx.text.__NVIC_SystemReset), (8 bytes).
    Removing lto-llvm-d344b8.o(.ARM.exidx.text.HAL_TIM_Base_Stop_IT), (8 bytes).
    Removing lto-llvm-d344b8.o(.ARM.exidx.text.UART_WaitOnFlagUntilTimeout), (8 bytes).
    Removing lto-llvm-d344b8.o(.ARM.exidx.text.UART_EndRxTransfer), (8 bytes).
    Removing lto-llvm-d344b8.o(.ARM.exidx.text.HAL_UART_Receive_IT), (8 bytes).
    Removing lto-llvm-d344b8.o(.ARM.exidx.text.UART_RxISR_8BIT), (8 bytes).
    Removing lto-llvm-d344b8.o(.ARM.exidx.text.UART_RxISR_16BIT), (8 bytes).
    Removing lto-llvm-d344b8.o(.ARM.exidx.text.UART_DMAAbortOnError), (8 bytes).
    Removing lto-llvm-d344b8.o(.ARM.exidx.text.SystemInit), (8 bytes).
    Removing lto-llvm-d344b8.o(.ARM.use_no_argv), (4 bytes).
    Removing depilogue.o(i.__ARM_clz), (46 bytes).

48 unused section(s) (total 1964 bytes) removed from the image.

==============================================================================

Image Symbol Table

    Local Symbols

    Symbol Name                              Value     Ov Type        Size  Object(Section)

    ../clib/division.s                       0x00000000   Number         0  aeabi_sdiv.o ABSOLUTE
    ../clib/division.s                       0x00000000   Number         0  aeabi_sdiv_div0.o ABSOLUTE
    ../clib/microlib/division.c              0x00000000   Number         0  uidiv.o ABSOLUTE
    ../clib/microlib/division.c              0x00000000   Number         0  uldiv.o ABSOLUTE
    ../clib/microlib/division.c              0x00000000   Number         0  uidiv_div0.o ABSOLUTE
    ../clib/microlib/division.c              0x00000000   Number         0  idiv_div0.o ABSOLUTE
    ../clib/microlib/division.c              0x00000000   Number         0  idiv0.o ABSOLUTE
    ../clib/microlib/init/entry.s            0x00000000   Number         0  entry.o ABSOLUTE
    ../clib/microlib/init/entry.s            0x00000000   Number         0  entry2.o ABSOLUTE
    ../clib/microlib/init/entry.s            0x00000000   Number         0  entry5.o ABSOLUTE
    ../clib/microlib/init/entry.s            0x00000000   Number         0  entry7a.o ABSOLUTE
    ../clib/microlib/init/entry.s            0x00000000   Number         0  entry7b.o ABSOLUTE
    ../clib/microlib/init/entry.s            0x00000000   Number         0  entry8a.o ABSOLUTE
    ../clib/microlib/init/entry.s            0x00000000   Number         0  entry8b.o ABSOLUTE
    ../clib/microlib/init/entry.s            0x00000000   Number         0  entry9a.o ABSOLUTE
    ../clib/microlib/init/entry.s            0x00000000   Number         0  entry9b.o ABSOLUTE
    ../clib/microlib/init/entry.s            0x00000000   Number         0  entry10a.o ABSOLUTE
    ../clib/microlib/init/entry.s            0x00000000   Number         0  entry10b.o ABSOLUTE
    ../clib/microlib/init/entry.s            0x00000000   Number         0  entry11a.o ABSOLUTE
    ../clib/microlib/init/entry.s            0x00000000   Number         0  entry11b.o ABSOLUTE
    ../clib/microlib/longlong.c              0x00000000   Number         0  llshl.o ABSOLUTE
    ../clib/microlib/longlong.c              0x00000000   Number         0  llushr.o ABSOLUTE
    ../clib/microlib/longlong.c              0x00000000   Number         0  llsshr.o ABSOLUTE
    ../clib/microlib/malloc/malloc.c         0x00000000   Number         0  malloc.o ABSOLUTE
    ../clib/microlib/malloc/malloc.c         0x00000000   Number         0  mallocr.o ABSOLUTE
    ../clib/microlib/malloc/malloc.c         0x00000000   Number         0  malloca.o ABSOLUTE
    ../clib/microlib/malloc/malloc.c         0x00000000   Number         0  mallocra.o ABSOLUTE
    ../clib/microlib/malloc/mvars.c          0x00000000   Number         0  mvars.o ABSOLUTE
    ../clib/microlib/printf/printf.c         0x00000000   Number         0  printfb.o ABSOLUTE
    ../clib/microlib/printf/printf.c         0x00000000   Number         0  printf0.o ABSOLUTE
    ../clib/microlib/printf/printf.c         0x00000000   Number         0  printf1.o ABSOLUTE
    ../clib/microlib/printf/printf.c         0x00000000   Number         0  printf2.o ABSOLUTE
    ../clib/microlib/printf/printf.c         0x00000000   Number         0  printf3.o ABSOLUTE
    ../clib/microlib/printf/printf.c         0x00000000   Number         0  printf4.o ABSOLUTE
    ../clib/microlib/printf/printf.c         0x00000000   Number         0  printf5.o ABSOLUTE
    ../clib/microlib/printf/printf.c         0x00000000   Number         0  printf6.o ABSOLUTE
    ../clib/microlib/printf/printf.c         0x00000000   Number         0  printf7.o ABSOLUTE
    ../clib/microlib/printf/printf.c         0x00000000   Number         0  printf8.o ABSOLUTE
    ../clib/microlib/printf/printf.c         0x00000000   Number         0  printfa.o ABSOLUTE
    ../clib/microlib/printf/stubs.s          0x00000000   Number         0  printfstubs.o ABSOLUTE
    ../clib/microlib/stdio/fputc.c           0x00000000   Number         0  fputc.o ABSOLUTE
    ../clib/microlib/stdio/fputc.c           0x00000000   Number         0  fputc_h.o ABSOLUTE
    ../clib/microlib/stdio/putchar.c         0x00000000   Number         0  putchar.o ABSOLUTE
    ../clib/microlib/stdio/puts.c            0x00000000   Number         0  puts.o ABSOLUTE
    ../clib/microlib/stdio/puts.c            0x00000000   Number         0  puts_e.o ABSOLUTE
    ../clib/microlib/stdio/semi.s            0x00000000   Number         0  semi.o ABSOLUTE
    ../clib/microlib/stdio/streams.c         0x00000000   Number         0  stdout.o ABSOLUTE
    ../clib/microlib/string/memcpy.c         0x00000000   Number         0  memcpya.o ABSOLUTE
    ../clib/microlib/string/memcpy.c         0x00000000   Number         0  memcpyb.o ABSOLUTE
    ../clib/microlib/string/memset.c         0x00000000   Number         0  memseta.o ABSOLUTE
    ../clib/microlib/stubs.s                 0x00000000   Number         0  iusefp.o ABSOLUTE
    ../clib/microlib/stubs.s                 0x00000000   Number         0  iusesemip.o ABSOLUTE
    ../fplib/microlib/fpadd.c                0x00000000   Number         0  dadd.o ABSOLUTE
    ../fplib/microlib/fpdiv.c                0x00000000   Number         0  ddiv.o ABSOLUTE
    ../fplib/microlib/fpepilogue.c           0x00000000   Number         0  depilogue.o ABSOLUTE
    ../fplib/microlib/fpfix.c                0x00000000   Number         0  dfixul.o ABSOLUTE
    ../fplib/microlib/fpmul.c                0x00000000   Number         0  dmul.o ABSOLUTE
    cdrcmple.s                               0x00000000   Number         0  cdrcmple.o ABSOLUTE
    dc.s                                     0x00000000   Number         0  dc.o ABSOLUTE
    handlers.s                               0x00000000   Number         0  handlers.o ABSOLUTE
    init.s                                   0x00000000   Number         0  init.o ABSOLUTE
    ld-temp.o                                0x00000000   Number         0  lto-llvm-d344b8.o ABSOLUTE
    startup_stm32f030x6.s                    0x00000000   Number         0  startup_stm32f030x6.o ABSOLUTE
    RESET                                    0x08000000   Section      176  startup_stm32f030x6.o(RESET)
    .ARM.Collect$$$$00000000                 0x080000b0   Section        0  entry.o(.ARM.Collect$$$$00000000)
    .ARM.Collect$$$$00000001                 0x080000b0   Section        4  entry2.o(.ARM.Collect$$$$00000001)
    .ARM.Collect$$$$00000004                 0x080000b4   Section        4  entry5.o(.ARM.Collect$$$$00000004)
    .ARM.Collect$$$$00000008                 0x080000b8   Section        0  entry7b.o(.ARM.Collect$$$$00000008)
    .ARM.Collect$$$$0000000A                 0x080000b8   Section        0  entry8b.o(.ARM.Collect$$$$0000000A)
    .ARM.Collect$$$$0000000B                 0x080000b8   Section        8  entry9a.o(.ARM.Collect$$$$0000000B)
    __lit__00000000                          0x080000c0   Data           4  entry2.o(.ARM.Collect$$$$00002712)
    .ARM.Collect$$$$0000000D                 0x080000c0   Section        0  entry10a.o(.ARM.Collect$$$$0000000D)
    .ARM.Collect$$$$0000000F                 0x080000c0   Section        0  entry11a.o(.ARM.Collect$$$$0000000F)
    .ARM.Collect$$$$00002712                 0x080000c0   Section        4  entry2.o(.ARM.Collect$$$$00002712)
    .text                                    0x080000c4   Section       28  startup_stm32f030x6.o(.text)
    .text                                    0x080000e0   Section       36  init.o(.text)
    .text                                    0x08000104   Section        0  uidiv_div0.o(.text)
    .text                                    0x08000142   Section        0  memseta.o(.text)
    [Anonymous Symbol]                       0x08000168   Section        0  lto-llvm-d344b8.o(.text.EXTI0_1_IRQHandler)
    __arm_cp.16_0                            0x080001d4   Number         4  lto-llvm-d344b8.o(.text.EXTI0_1_IRQHandler)
    __arm_cp.16_2                            0x080001d8   Number         4  lto-llvm-d344b8.o(.text.EXTI0_1_IRQHandler)
    __arm_cp.16_4                            0x080001dc   Number         4  lto-llvm-d344b8.o(.text.EXTI0_1_IRQHandler)
    __arm_cp.16_5                            0x080001e0   Number         4  lto-llvm-d344b8.o(.text.EXTI0_1_IRQHandler)
    Error_Handler                            0x080001e5   Thumb Code   128  lto-llvm-d344b8.o(.text.Error_Handler)
    [Anonymous Symbol]                       0x080001e4   Section        0  lto-llvm-d344b8.o(.text.Error_Handler)
    __arm_cp.4_1                             0x08000264   Number         4  lto-llvm-d344b8.o(.text.Error_Handler)
    __arm_cp.4_2                             0x08000268   Number         4  lto-llvm-d344b8.o(.text.Error_Handler)
    __arm_cp.4_3                             0x0800026c   Number         4  lto-llvm-d344b8.o(.text.Error_Handler)
    __arm_cp.4_4                             0x08000270   Number         4  lto-llvm-d344b8.o(.text.Error_Handler)
    __arm_cp.4_5                             0x08000274   Number         4  lto-llvm-d344b8.o(.text.Error_Handler)
    __arm_cp.4_6                             0x08000278   Number         4  lto-llvm-d344b8.o(.text.Error_Handler)
    __arm_cp.4_7                             0x0800027c   Number         4  lto-llvm-d344b8.o(.text.Error_Handler)
    HAL_ADC_ConfigChannel                    0x08000281   Thumb Code   228  lto-llvm-d344b8.o(.text.HAL_ADC_ConfigChannel)
    [Anonymous Symbol]                       0x08000280   Section        0  lto-llvm-d344b8.o(.text.HAL_ADC_ConfigChannel)
    __arm_cp.19_0                            0x08000364   Number         4  lto-llvm-d344b8.o(.text.HAL_ADC_ConfigChannel)
    __arm_cp.19_1                            0x08000368   Number         4  lto-llvm-d344b8.o(.text.HAL_ADC_ConfigChannel)
    __arm_cp.19_2                            0x0800036c   Number         4  lto-llvm-d344b8.o(.text.HAL_ADC_ConfigChannel)
    __arm_cp.19_4                            0x08000370   Number         4  lto-llvm-d344b8.o(.text.HAL_ADC_ConfigChannel)
    __arm_cp.19_5                            0x08000374   Number         4  lto-llvm-d344b8.o(.text.HAL_ADC_ConfigChannel)
    __arm_cp.19_6                            0x08000378   Number         4  lto-llvm-d344b8.o(.text.HAL_ADC_ConfigChannel)
    HAL_DMA_Abort                            0x0800037d   Thumb Code    58  lto-llvm-d344b8.o(.text.HAL_DMA_Abort)
    [Anonymous Symbol]                       0x0800037c   Section        0  lto-llvm-d344b8.o(.text.HAL_DMA_Abort)
    HAL_Delay                                0x080003b9   Thumb Code    16  lto-llvm-d344b8.o(.text.HAL_Delay)
    [Anonymous Symbol]                       0x080003b8   Section        0  lto-llvm-d344b8.o(.text.HAL_Delay)
    __arm_cp.23_0                            0x080003c8   Number         4  lto-llvm-d344b8.o(.text.HAL_Delay)
    HAL_GPIO_DeInit                          0x080003cd   Thumb Code   168  lto-llvm-d344b8.o(.text.HAL_GPIO_DeInit)
    [Anonymous Symbol]                       0x080003cc   Section        0  lto-llvm-d344b8.o(.text.HAL_GPIO_DeInit)
    HAL_GPIO_Init                            0x08000475   Thumb Code   388  lto-llvm-d344b8.o(.text.HAL_GPIO_Init)
    [Anonymous Symbol]                       0x08000474   Section        0  lto-llvm-d344b8.o(.text.HAL_GPIO_Init)
    __arm_cp.24_0                            0x080005f8   Number         4  lto-llvm-d344b8.o(.text.HAL_GPIO_Init)
    __arm_cp.24_1                            0x080005fc   Number         4  lto-llvm-d344b8.o(.text.HAL_GPIO_Init)
    __arm_cp.24_2                            0x08000600   Number         4  lto-llvm-d344b8.o(.text.HAL_GPIO_Init)
    __arm_cp.24_3                            0x08000604   Number         4  lto-llvm-d344b8.o(.text.HAL_GPIO_Init)
    __arm_cp.24_4                            0x08000608   Number         4  lto-llvm-d344b8.o(.text.HAL_GPIO_Init)
    __arm_cp.24_5                            0x0800060c   Number         4  lto-llvm-d344b8.o(.text.HAL_GPIO_Init)
    HAL_GPIO_TogglePin                       0x08000611   Thumb Code    28  lto-llvm-d344b8.o(.text.HAL_GPIO_TogglePin)
    [Anonymous Symbol]                       0x08000610   Section        0  lto-llvm-d344b8.o(.text.HAL_GPIO_TogglePin)
    __arm_cp.26_0                            0x0800062c   Number         4  lto-llvm-d344b8.o(.text.HAL_GPIO_TogglePin)
    HAL_InitTick                             0x08000631   Thumb Code    60  lto-llvm-d344b8.o(.text.HAL_InitTick)
    [Anonymous Symbol]                       0x08000630   Section        0  lto-llvm-d344b8.o(.text.HAL_InitTick)
    __arm_cp.22_1                            0x0800066c   Number         4  lto-llvm-d344b8.o(.text.HAL_InitTick)
    __arm_cp.22_2                            0x08000670   Number         4  lto-llvm-d344b8.o(.text.HAL_InitTick)
    __arm_cp.22_3                            0x08000674   Number         4  lto-llvm-d344b8.o(.text.HAL_InitTick)
    HAL_NVIC_SystemReset                     0x08000679   Thumb Code     4  lto-llvm-d344b8.o(.text.HAL_NVIC_SystemReset)
    [Anonymous Symbol]                       0x08000678   Section        0  lto-llvm-d344b8.o(.text.HAL_NVIC_SystemReset)
    HAL_RCC_GetPCLK1Freq                     0x0800067d   Thumb Code    20  lto-llvm-d344b8.o(.text.HAL_RCC_GetPCLK1Freq)
    [Anonymous Symbol]                       0x0800067c   Section        0  lto-llvm-d344b8.o(.text.HAL_RCC_GetPCLK1Freq)
    __arm_cp.21_0                            0x08000690   Number         4  lto-llvm-d344b8.o(.text.HAL_RCC_GetPCLK1Freq)
    __arm_cp.21_1                            0x08000694   Number         4  lto-llvm-d344b8.o(.text.HAL_RCC_GetPCLK1Freq)
    APBPrescTable                            0x08000698   Number         0  lto-llvm-d344b8.o(.text.HAL_RCC_GetPCLK1Freq)
    HAL_RCC_GetSysClockFreq                  0x080006a1   Thumb Code    56  lto-llvm-d344b8.o(.text.HAL_RCC_GetSysClockFreq)
    [Anonymous Symbol]                       0x080006a0   Section        0  lto-llvm-d344b8.o(.text.HAL_RCC_GetSysClockFreq)
    __arm_cp.20_0                            0x080006d8   Number         4  lto-llvm-d344b8.o(.text.HAL_RCC_GetSysClockFreq)
    __arm_cp.20_1                            0x080006dc   Number         4  lto-llvm-d344b8.o(.text.HAL_RCC_GetSysClockFreq)
    HAL_RCC_GetSysClockFreq.aPLLMULFactorTable 0x080006e0   Number         0  lto-llvm-d344b8.o(.text.HAL_RCC_GetSysClockFreq)
    HAL_RCC_GetSysClockFreq.aPredivFactorTable 0x080006f0   Number         0  lto-llvm-d344b8.o(.text.HAL_RCC_GetSysClockFreq)
    __arm_cp.20_4                            0x08000700   Number         4  lto-llvm-d344b8.o(.text.HAL_RCC_GetSysClockFreq)
    HAL_TIM_Base_Stop_IT                     0x08000705   Thumb Code    44  lto-llvm-d344b8.o(.text.HAL_TIM_Base_Stop_IT)
    [Anonymous Symbol]                       0x08000704   Section        0  lto-llvm-d344b8.o(.text.HAL_TIM_Base_Stop_IT)
    __arm_cp.30_0                            0x08000730   Number         4  lto-llvm-d344b8.o(.text.HAL_TIM_Base_Stop_IT)
    __arm_cp.30_1                            0x08000734   Number         4  lto-llvm-d344b8.o(.text.HAL_TIM_Base_Stop_IT)
    __arm_cp.30_2                            0x08000738   Number         4  lto-llvm-d344b8.o(.text.HAL_TIM_Base_Stop_IT)
    HAL_UART_ErrorCallback                   0x0800073d   Thumb Code   192  lto-llvm-d344b8.o(.text.HAL_UART_ErrorCallback)
    [Anonymous Symbol]                       0x0800073c   Section        0  lto-llvm-d344b8.o(.text.HAL_UART_ErrorCallback)
    HAL_UART_Receive_IT                      0x080007fd   Thumb Code   244  lto-llvm-d344b8.o(.text.HAL_UART_Receive_IT)
    [Anonymous Symbol]                       0x080007fc   Section        0  lto-llvm-d344b8.o(.text.HAL_UART_Receive_IT)
    __arm_cp.33_0                            0x080008f0   Number         4  lto-llvm-d344b8.o(.text.HAL_UART_Receive_IT)
    __arm_cp.33_2                            0x080008f4   Number         4  lto-llvm-d344b8.o(.text.HAL_UART_Receive_IT)
    __arm_cp.33_3                            0x080008f8   Number         4  lto-llvm-d344b8.o(.text.HAL_UART_Receive_IT)
    __arm_cp.33_4                            0x080008fc   Number         4  lto-llvm-d344b8.o(.text.HAL_UART_Receive_IT)
    HAL_UART_RxCpltCallback                  0x08000901   Thumb Code   424  lto-llvm-d344b8.o(.text.HAL_UART_RxCpltCallback)
    [Anonymous Symbol]                       0x08000900   Section        0  lto-llvm-d344b8.o(.text.HAL_UART_RxCpltCallback)
    __arm_cp.9_1                             0x08000aa8   Number         4  lto-llvm-d344b8.o(.text.HAL_UART_RxCpltCallback)
    __arm_cp.9_2                             0x08000aac   Number         4  lto-llvm-d344b8.o(.text.HAL_UART_RxCpltCallback)
    __arm_cp.9_3                             0x08000ab0   Number         4  lto-llvm-d344b8.o(.text.HAL_UART_RxCpltCallback)
    __arm_cp.9_4                             0x08000ab4   Number         4  lto-llvm-d344b8.o(.text.HAL_UART_RxCpltCallback)
    __arm_cp.9_5                             0x08000ab8   Number         4  lto-llvm-d344b8.o(.text.HAL_UART_RxCpltCallback)
    __arm_cp.9_6                             0x08000abc   Number         4  lto-llvm-d344b8.o(.text.HAL_UART_RxCpltCallback)
    __arm_cp.9_7                             0x08000ac0   Number         4  lto-llvm-d344b8.o(.text.HAL_UART_RxCpltCallback)
    __arm_cp.9_8                             0x08000ac4   Number         4  lto-llvm-d344b8.o(.text.HAL_UART_RxCpltCallback)
    [Anonymous Symbol]                       0x08000ac8   Section        0  lto-llvm-d344b8.o(.text.HardFault_Handler)
    [Anonymous Symbol]                       0x08000aca   Section        0  lto-llvm-d344b8.o(.text.NMI_Handler)
    [Anonymous Symbol]                       0x08000acc   Section        0  lto-llvm-d344b8.o(.text.PendSV_Handler)
    ReadAddressAndDelay                      0x08000ad1   Thumb Code    32  lto-llvm-d344b8.o(.text.ReadAddressAndDelay)
    [Anonymous Symbol]                       0x08000ad0   Section        0  lto-llvm-d344b8.o(.text.ReadAddressAndDelay)
    __arm_cp.5_0                             0x08000af0   Number         4  lto-llvm-d344b8.o(.text.ReadAddressAndDelay)
    __arm_cp.5_1                             0x08000af4   Number         4  lto-llvm-d344b8.o(.text.ReadAddressAndDelay)
    SOFTSTART_Listener                       0x08000af9   Thumb Code    92  lto-llvm-d344b8.o(.text.SOFTSTART_Listener)
    [Anonymous Symbol]                       0x08000af8   Section        0  lto-llvm-d344b8.o(.text.SOFTSTART_Listener)
    STATUS_Listener                          0x08000b55   Thumb Code    56  lto-llvm-d344b8.o(.text.STATUS_Listener)
    [Anonymous Symbol]                       0x08000b54   Section        0  lto-llvm-d344b8.o(.text.STATUS_Listener)
    [Anonymous Symbol]                       0x08000b8c   Section        0  lto-llvm-d344b8.o(.text.SVC_Handler)
    [Anonymous Symbol]                       0x08000b90   Section        0  lto-llvm-d344b8.o(.text.SysTick_Handler)
    __arm_cp.15_0                            0x08000b9c   Number         4  lto-llvm-d344b8.o(.text.SysTick_Handler)
    [Anonymous Symbol]                       0x08000ba0   Section        0  lto-llvm-d344b8.o(.text.SystemInit)
    TF_AddTypeListener                       0x08000ba5   Thumb Code    48  lto-llvm-d344b8.o(.text.TF_AddTypeListener)
    [Anonymous Symbol]                       0x08000ba4   Section        0  lto-llvm-d344b8.o(.text.TF_AddTypeListener)
    __arm_cp.0_0                             0x08000bd4   Number         4  lto-llvm-d344b8.o(.text.TF_AddTypeListener)
    TF_HandleReceivedMessage                 0x08000bd9   Thumb Code   312  lto-llvm-d344b8.o(.text.TF_HandleReceivedMessage)
    [Anonymous Symbol]                       0x08000bd8   Section        0  lto-llvm-d344b8.o(.text.TF_HandleReceivedMessage)
    __arm_cp.1_0                             0x08000d10   Number         4  lto-llvm-d344b8.o(.text.TF_HandleReceivedMessage)
    __arm_cp.1_1                             0x08000d14   Number         4  lto-llvm-d344b8.o(.text.TF_HandleReceivedMessage)
    __arm_cp.1_2                             0x08000d18   Number         4  lto-llvm-d344b8.o(.text.TF_HandleReceivedMessage)
    __arm_cp.1_3                             0x08000d1c   Number         4  lto-llvm-d344b8.o(.text.TF_HandleReceivedMessage)
    __arm_cp.1_4                             0x08000d20   Number         4  lto-llvm-d344b8.o(.text.TF_HandleReceivedMessage)
    TF_Respond                               0x08000d25   Thumb Code   332  lto-llvm-d344b8.o(.text.TF_Respond)
    [Anonymous Symbol]                       0x08000d24   Section        0  lto-llvm-d344b8.o(.text.TF_Respond)
    __arm_cp.2_0                             0x08000e70   Number         4  lto-llvm-d344b8.o(.text.TF_Respond)
    __arm_cp.2_1                             0x08000e74   Number         4  lto-llvm-d344b8.o(.text.TF_Respond)
    __arm_cp.2_2                             0x08000e78   Number         4  lto-llvm-d344b8.o(.text.TF_Respond)
    __arm_cp.2_3                             0x08000e7c   Number         4  lto-llvm-d344b8.o(.text.TF_Respond)
    TF_WriteImpl                             0x08000e81   Thumb Code   172  lto-llvm-d344b8.o(.text.TF_WriteImpl)
    [Anonymous Symbol]                       0x08000e80   Section        0  lto-llvm-d344b8.o(.text.TF_WriteImpl)
    __arm_cp.8_0                             0x08000f2c   Number         4  lto-llvm-d344b8.o(.text.TF_WriteImpl)
    __arm_cp.8_1                             0x08000f30   Number         4  lto-llvm-d344b8.o(.text.TF_WriteImpl)
    __arm_cp.8_2                             0x08000f34   Number         4  lto-llvm-d344b8.o(.text.TF_WriteImpl)
    [Anonymous Symbol]                       0x08000f38   Section        0  lto-llvm-d344b8.o(.text.TIM14_IRQHandler)
    __arm_cp.17_0                            0x08001038   Number         4  lto-llvm-d344b8.o(.text.TIM14_IRQHandler)
    __arm_cp.17_2                            0x0800103c   Number         4  lto-llvm-d344b8.o(.text.TIM14_IRQHandler)
    UART_DMAAbortOnError                     0x08001041   Thumb Code    22  lto-llvm-d344b8.o(.text.UART_DMAAbortOnError)
    [Anonymous Symbol]                       0x08001040   Section        0  lto-llvm-d344b8.o(.text.UART_DMAAbortOnError)
    UART_EndRxTransfer                       0x08001057   Thumb Code    90  lto-llvm-d344b8.o(.text.UART_EndRxTransfer)
    [Anonymous Symbol]                       0x08001056   Section        0  lto-llvm-d344b8.o(.text.UART_EndRxTransfer)
    UART_RxISR_16BIT                         0x080010b1   Thumb Code   192  lto-llvm-d344b8.o(.text.UART_RxISR_16BIT)
    [Anonymous Symbol]                       0x080010b0   Section        0  lto-llvm-d344b8.o(.text.UART_RxISR_16BIT)
    UART_RxISR_8BIT                          0x08001171   Thumb Code   194  lto-llvm-d344b8.o(.text.UART_RxISR_8BIT)
    [Anonymous Symbol]                       0x08001170   Section        0  lto-llvm-d344b8.o(.text.UART_RxISR_8BIT)
    UART_WaitOnFlagUntilTimeout              0x08001235   Thumb Code   100  lto-llvm-d344b8.o(.text.UART_WaitOnFlagUntilTimeout)
    [Anonymous Symbol]                       0x08001234   Section        0  lto-llvm-d344b8.o(.text.UART_WaitOnFlagUntilTimeout)
    __arm_cp.31_0                            0x08001298   Number         4  lto-llvm-d344b8.o(.text.UART_WaitOnFlagUntilTimeout)
    [Anonymous Symbol]                       0x0800129c   Section        0  lto-llvm-d344b8.o(.text.USART1_IRQHandler)
    __arm_cp.18_0                            0x08001560   Number         4  lto-llvm-d344b8.o(.text.USART1_IRQHandler)
    __arm_cp.18_1                            0x08001564   Number         4  lto-llvm-d344b8.o(.text.USART1_IRQHandler)
    __arm_cp.18_2                            0x08001568   Number         4  lto-llvm-d344b8.o(.text.USART1_IRQHandler)
    __arm_cp.18_3                            0x0800156c   Number         4  lto-llvm-d344b8.o(.text.USART1_IRQHandler)
    __NVIC_SystemReset                       0x08001571   Thumb Code    20  lto-llvm-d344b8.o(.text.__NVIC_SystemReset)
    [Anonymous Symbol]                       0x08001570   Section        0  lto-llvm-d344b8.o(.text.__NVIC_SystemReset)
    __arm_cp.29_0                            0x08001584   Number         4  lto-llvm-d344b8.o(.text.__NVIC_SystemReset)
    __arm_cp.29_1                            0x08001588   Number         4  lto-llvm-d344b8.o(.text.__NVIC_SystemReset)
    i.__scatterload_copy                     0x0800158c   Section       14  handlers.o(i.__scatterload_copy)
    i.__scatterload_null                     0x0800159a   Section        2  handlers.o(i.__scatterload_null)
    i.__scatterload_zeroinit                 0x0800159c   Section       14  handlers.o(i.__scatterload_zeroinit)
    crc16_table                              0x080015aa   Data         512  lto-llvm-d344b8.o(.rodata.crc16_table)
    [Anonymous Symbol]                       0x080015aa   Section        0  lto-llvm-d344b8.o(.rodata.crc16_table)
    __tagsym$$used.0                         0x08002000   Number         0  lto-llvm-d344b8.o(.ARM.__at_0x08002000)
    __tagsym$$used.1                         0x08002004   Number         0  lto-llvm-d344b8.o(.ARM.__at_0x08002004)
    __tagsym$$used.2                         0x08002008   Number         0  lto-llvm-d344b8.o(.ARM.__at_0x08002008)
    __tagsym$$used.3                         0x0800200c   Number         0  lto-llvm-d344b8.o(.ARM.__at_0x0800200C)
    [Anonymous Symbol]                       0x08002010   Section        0  lto-llvm-d344b8.o(.text.main)
    __arm_cp.3_43                            0x080023f0   Number         4  lto-llvm-d344b8.o(.text.main)
    __arm_cp.3_46                            0x080023fc   Number         4  lto-llvm-d344b8.o(.text.main)
    AHBPrescTable                            0x08002408   Number         0  lto-llvm-d344b8.o(.text.main)
    __arm_cp.3_51                            0x0800241c   Number         4  lto-llvm-d344b8.o(.text.main)
    __arm_cp.3_52                            0x08002420   Number         4  lto-llvm-d344b8.o(.text.main)
    __arm_cp.3_53                            0x08002424   Number         4  lto-llvm-d344b8.o(.text.main)
    __arm_cp.3_57                            0x08002434   Number         4  lto-llvm-d344b8.o(.text.main)
    __arm_cp.3_59                            0x08002714   Number         4  lto-llvm-d344b8.o(.text.main)
    __arm_cp.3_60                            0x08002770   Number         4  lto-llvm-d344b8.o(.text.main)
    __arm_cp.3_63                            0x0800277c   Number         4  lto-llvm-d344b8.o(.text.main)
    __arm_cp.3_65                            0x08002784   Number         4  lto-llvm-d344b8.o(.text.main)
    __arm_cp.3_66                            0x08002788   Number         4  lto-llvm-d344b8.o(.text.main)
    __arm_cp.3_68                            0x08002790   Number         4  lto-llvm-d344b8.o(.text.main)
    __arm_cp.3_69                            0x08002794   Number         4  lto-llvm-d344b8.o(.text.main)
    __arm_cp.3_70                            0x08002798   Number         4  lto-llvm-d344b8.o(.text.main)
    __arm_cp.3_72                            0x080027a0   Number         4  lto-llvm-d344b8.o(.text.main)
    __arm_cp.3_73                            0x080027a4   Number         4  lto-llvm-d344b8.o(.text.main)
    __arm_cp.3_75                            0x080027ac   Number         4  lto-llvm-d344b8.o(.text.main)
    __arm_cp.3_78                            0x080027b8   Number         4  lto-llvm-d344b8.o(.text.main)
    __arm_cp.3_80                            0x080027cc   Number         4  lto-llvm-d344b8.o(.text.main)
    __arm_cp.3_82                            0x08002b9c   Number         4  lto-llvm-d344b8.o(.text.main)
    __arm_cp.3_83                            0x08002ba0   Number         4  lto-llvm-d344b8.o(.text.main)
    __arm_cp.3_84                            0x08002ba4   Number         4  lto-llvm-d344b8.o(.text.main)
    __arm_cp.3_85                            0x08002ba8   Number         4  lto-llvm-d344b8.o(.text.main)
    __arm_cp.3_86                            0x08002bac   Number         4  lto-llvm-d344b8.o(.text.main)
    __arm_cp.3_87                            0x08002bb0   Number         4  lto-llvm-d344b8.o(.text.main)
    __arm_cp.3_88                            0x08002bb4   Number         4  lto-llvm-d344b8.o(.text.main)
    __arm_cp.3_89                            0x08002bb8   Number         4  lto-llvm-d344b8.o(.text.main)
    __arm_cp.3_90                            0x08002bbc   Number         4  lto-llvm-d344b8.o(.text.main)
    __arm_cp.3_92                            0x08002bc4   Number         4  lto-llvm-d344b8.o(.text.main)
    __arm_cp.3_93                            0x08002bc8   Number         4  lto-llvm-d344b8.o(.text.main)
    Error_Signal.error_order                 0x08002bd0   Number         0  lto-llvm-d344b8.o(.text.main)
    __arm_cp.3_95                            0x08002bd0   Number         4  lto-llvm-d344b8.o(.text.main)
    __arm_cp.3_8                             0x08002f4c   Number         4  lto-llvm-d344b8.o(.text.main)
    __arm_cp.3_12                            0x08002f50   Number         4  lto-llvm-d344b8.o(.text.main)
    __arm_cp.3_16                            0x08002f54   Number         4  lto-llvm-d344b8.o(.text.main)
    __arm_cp.3_19                            0x08002f58   Number         4  lto-llvm-d344b8.o(.text.main)
    __arm_cp.3_22                            0x08002f5c   Number         4  lto-llvm-d344b8.o(.text.main)
    __arm_cp.3_25                            0x08002f60   Number         4  lto-llvm-d344b8.o(.text.main)
    __arm_cp.3_38                            0x08002f64   Number         4  lto-llvm-d344b8.o(.text.main)
    SystemCoreClock                          0x20000000   Data           4  lto-llvm-d344b8.o(.data.SystemCoreClock)
    [Anonymous Symbol]                       0x20000000   Section        0  lto-llvm-d344b8.o(.data.SystemCoreClock)
    blink_done                               0x20000008   Data           1  lto-llvm-d344b8.o(.bss..L_MergedGlobals)
    [Anonymous Symbol]                       0x20000008   Section        0  lto-llvm-d344b8.o(.bss..L_MergedGlobals)
    init_tf                                  0x20000009   Data           1  lto-llvm-d344b8.o(.bss..L_MergedGlobals)
    start                                    0x2000000a   Data           1  lto-llvm-d344b8.o(.bss..L_MergedGlobals)
    stop                                     0x2000000b   Data           1  lto-llvm-d344b8.o(.bss..L_MergedGlobals)
    end                                      0x2000000c   Data           1  lto-llvm-d344b8.o(.bss..L_MergedGlobals)
    error                                    0x2000000d   Data           1  lto-llvm-d344b8.o(.bss..L_MergedGlobals)
    remote                                   0x2000000e   Data           1  lto-llvm-d344b8.o(.bss..L_MergedGlobals)
    sys_state                                0x2000000f   Data           1  lto-llvm-d344b8.o(.bss..L_MergedGlobals)
    addr                                     0x20000010   Data           1  lto-llvm-d344b8.o(.bss..L_MergedGlobals)
    sys_flags                                0x20000011   Data           1  lto-llvm-d344b8.o(.bss..L_MergedGlobals)
    trigger1                                 0x20000012   Data           1  lto-llvm-d344b8.o(.bss..L_MergedGlobals)
    trigger2                                 0x20000013   Data           1  lto-llvm-d344b8.o(.bss..L_MergedGlobals)
    led_cnt                                  0x20000014   Data           1  lto-llvm-d344b8.o(.bss..L_MergedGlobals)
    led_rep                                  0x20000015   Data           1  lto-llvm-d344b8.o(.bss..L_MergedGlobals)
    ADC3_Read.adc_cnt                        0x20000016   Data           1  lto-llvm-d344b8.o(.bss..L_MergedGlobals)
    Error_Signal.error_index                 0x20000017   Data           1  lto-llvm-d344b8.o(.bss..L_MergedGlobals)
    tmr                                      0x20000018   Data           2  lto-llvm-d344b8.o(.bss..L_MergedGlobals)
    trafo_temp                               0x2000001a   Data           2  lto-llvm-d344b8.o(.bss..L_MergedGlobals)
    triac_temp                               0x2000001c   Data           2  lto-llvm-d344b8.o(.bss..L_MergedGlobals)
    start_tout                               0x20000020   Data           4  lto-llvm-d344b8.o(.bss..L_MergedGlobals)
    led_tmr                                  0x20000024   Data           4  lto-llvm-d344b8.o(.bss..L_MergedGlobals)
    led_tout                                 0x20000028   Data           4  lto-llvm-d344b8.o(.bss..L_MergedGlobals)
    start_tmr                                0x2000002c   Data           4  lto-llvm-d344b8.o(.bss..L_MergedGlobals)
    start_led_tmr                            0x20000030   Data           4  lto-llvm-d344b8.o(.bss..L_MergedGlobals)
    chktmr                                   0x20000034   Data           4  lto-llvm-d344b8.o(.bss..L_MergedGlobals)
    HAL_TIM_PeriodElapsedCallback.loctmr     0x20000038   Data           4  lto-llvm-d344b8.o(.bss..L_MergedGlobals)
    ADC3_Read.adc_timer                      0x2000003c   Data           4  lto-llvm-d344b8.o(.bss..L_MergedGlobals)
    HandleLedBlink.inner_counter             0x20000040   Data           4  lto-llvm-d344b8.o(.bss..L_MergedGlobals)
    uwTick                                   0x20000044   Data           4  lto-llvm-d344b8.o(.bss..L_MergedGlobals)
    hcrc                                     0x20000048   Data          28  lto-llvm-d344b8.o(.bss..L_MergedGlobals)
    hadc                                     0x20000064   Data          64  lto-llvm-d344b8.o(.bss.hadc)
    [Anonymous Symbol]                       0x20000064   Section        0  lto-llvm-d344b8.o(.bss.hadc)
    htim14                                   0x200000a4   Data          72  lto-llvm-d344b8.o(.bss.htim14)
    [Anonymous Symbol]                       0x200000a4   Section        0  lto-llvm-d344b8.o(.bss.htim14)
    huart1                                   0x200000ec   Data         136  lto-llvm-d344b8.o(.bss.huart1)
    [Anonymous Symbol]                       0x200000ec   Section        0  lto-llvm-d344b8.o(.bss.huart1)
    rec                                      0x20000174   Data           1  lto-llvm-d344b8.o(.bss.rec)
    [Anonymous Symbol]                       0x20000174   Section        0  lto-llvm-d344b8.o(.bss.rec)
    tfapp                                    0x20000178   Data        1776  lto-llvm-d344b8.o(.bss.tfapp)
    [Anonymous Symbol]                       0x20000178   Section        0  lto-llvm-d344b8.o(.bss.tfapp)
    STACK                                    0x20000868   Section     1024  startup_stm32f030x6.o(STACK)

    Global Symbols

    Symbol Name                              Value     Ov Type        Size  Object(Section)

    BuildAttributes$$THM_ISAv3M$S$PE$A:L22$X:L11$S22$IEEE1$IW$~IW$USESV6$~STKCKD$USESV7$~SHL$OSPACE$ROPI$IEEEF$EBA8$MICROLIB$REQ8$PRES8$EABIv2 0x00000000   Number         0  anon$$obj.o ABSOLUTE
    _printf_a                                0x00000000   Number         0  printfstubs.o ABSOLUTE
    _printf_c                                0x00000000   Number         0  printfstubs.o ABSOLUTE
    _printf_charcount                        0x00000000   Number         0  printfstubs.o ABSOLUTE
    _printf_d                                0x00000000   Number         0  printfstubs.o ABSOLUTE
    _printf_e                                0x00000000   Number         0  printfstubs.o ABSOLUTE
    _printf_f                                0x00000000   Number         0  printfstubs.o ABSOLUTE
    _printf_flags                            0x00000000   Number         0  printfstubs.o ABSOLUTE
    _printf_fp_dec                           0x00000000   Number         0  printfstubs.o ABSOLUTE
    _printf_fp_hex                           0x00000000   Number         0  printfstubs.o ABSOLUTE
    _printf_g                                0x00000000   Number         0  printfstubs.o ABSOLUTE
    _printf_i                                0x00000000   Number         0  printfstubs.o ABSOLUTE
    _printf_int_dec                          0x00000000   Number         0  printfstubs.o ABSOLUTE
    _printf_l                                0x00000000   Number         0  printfstubs.o ABSOLUTE
    _printf_lc                               0x00000000   Number         0  printfstubs.o ABSOLUTE
    _printf_ll                               0x00000000   Number         0  printfstubs.o ABSOLUTE
    _printf_lld                              0x00000000   Number         0  printfstubs.o ABSOLUTE
    _printf_lli                              0x00000000   Number         0  printfstubs.o ABSOLUTE
    _printf_llo                              0x00000000   Number         0  printfstubs.o ABSOLUTE
    _printf_llu                              0x00000000   Number         0  printfstubs.o ABSOLUTE
    _printf_llx                              0x00000000   Number         0  printfstubs.o ABSOLUTE
    _printf_longlong_dec                     0x00000000   Number         0  printfstubs.o ABSOLUTE
    _printf_longlong_hex                     0x00000000   Number         0  printfstubs.o ABSOLUTE
    _printf_longlong_oct                     0x00000000   Number         0  printfstubs.o ABSOLUTE
    _printf_ls                               0x00000000   Number         0  printfstubs.o ABSOLUTE
    _printf_mbtowc                           0x00000000   Number         0  printfstubs.o ABSOLUTE
    _printf_n                                0x00000000   Number         0  printfstubs.o ABSOLUTE
    _printf_o                                0x00000000   Number         0  printfstubs.o ABSOLUTE
    _printf_p                                0x00000000   Number         0  printfstubs.o ABSOLUTE
    _printf_percent                          0x00000000   Number         0  printfstubs.o ABSOLUTE
    _printf_pre_padding                      0x00000000   Number         0  printfstubs.o ABSOLUTE
    _printf_return_value                     0x00000000   Number         0  printfstubs.o ABSOLUTE
    _printf_s                                0x00000000   Number         0  printfstubs.o ABSOLUTE
    _printf_sizespec                         0x00000000   Number         0  printfstubs.o ABSOLUTE
    _printf_str                              0x00000000   Number         0  printfstubs.o ABSOLUTE
    _printf_truncate_signed                  0x00000000   Number         0  printfstubs.o ABSOLUTE
    _printf_truncate_unsigned                0x00000000   Number         0  printfstubs.o ABSOLUTE
    _printf_u                                0x00000000   Number         0  printfstubs.o ABSOLUTE
    _printf_wc                               0x00000000   Number         0  printfstubs.o ABSOLUTE
    _printf_wctomb                           0x00000000   Number         0  printfstubs.o ABSOLUTE
    _printf_widthprec                        0x00000000   Number         0  printfstubs.o ABSOLUTE
    _printf_x                                0x00000000   Number         0  printfstubs.o ABSOLUTE
    __cpp_initialize__aeabi_                  - Undefined Weak Reference
    __cxa_finalize                            - Undefined Weak Reference
    __decompress                              - Undefined Weak Reference
    _clock_init                               - Undefined Weak Reference
    _microlib_exit                            - Undefined Weak Reference
    __Vectors_Size                           0x000000b0   Number         0  startup_stm32f030x6.o ABSOLUTE
    __Vectors                                0x08000000   Data           4  startup_stm32f030x6.o(RESET)
    __Vectors_End                            0x080000b0   Data           0  startup_stm32f030x6.o(RESET)
    __main                                   0x080000b1   Thumb Code     0  entry.o(.ARM.Collect$$$$00000000)
    _main_stk                                0x080000b1   Thumb Code     0  entry2.o(.ARM.Collect$$$$00000001)
    _main_scatterload                        0x080000b5   Thumb Code     0  entry5.o(.ARM.Collect$$$$00000004)
    __main_after_scatterload                 0x080000b9   Thumb Code     0  entry5.o(.ARM.Collect$$$$00000004)
    _main_clock                              0x080000b9   Thumb Code     0  entry7b.o(.ARM.Collect$$$$00000008)
    _main_cpp_init                           0x080000b9   Thumb Code     0  entry8b.o(.ARM.Collect$$$$0000000A)
    _main_init                               0x080000b9   Thumb Code     0  entry9a.o(.ARM.Collect$$$$0000000B)
    __rt_final_cpp                           0x080000c1   Thumb Code     0  entry10a.o(.ARM.Collect$$$$0000000D)
    __rt_final_exit                          0x080000c1   Thumb Code     0  entry11a.o(.ARM.Collect$$$$0000000F)
    Reset_Handler                            0x080000c5   Thumb Code     8  startup_stm32f030x6.o(.text)
    ADC1_IRQHandler                          0x080000d7   Thumb Code     0  startup_stm32f030x6.o(.text)
    DMA1_Channel1_IRQHandler                 0x080000d7   Thumb Code     0  startup_stm32f030x6.o(.text)
    DMA1_Channel2_3_IRQHandler               0x080000d7   Thumb Code     0  startup_stm32f030x6.o(.text)
    DMA1_Channel4_5_IRQHandler               0x080000d7   Thumb Code     0  startup_stm32f030x6.o(.text)
    EXTI2_3_IRQHandler                       0x080000d7   Thumb Code     0  startup_stm32f030x6.o(.text)
    EXTI4_15_IRQHandler                      0x080000d7   Thumb Code     0  startup_stm32f030x6.o(.text)
    FLASH_IRQHandler                         0x080000d7   Thumb Code     0  startup_stm32f030x6.o(.text)
    I2C1_IRQHandler                          0x080000d7   Thumb Code     0  startup_stm32f030x6.o(.text)
    RCC_IRQHandler                           0x080000d7   Thumb Code     0  startup_stm32f030x6.o(.text)
    RTC_IRQHandler                           0x080000d7   Thumb Code     0  startup_stm32f030x6.o(.text)
    SPI1_IRQHandler                          0x080000d7   Thumb Code     0  startup_stm32f030x6.o(.text)
    TIM16_IRQHandler                         0x080000d7   Thumb Code     0  startup_stm32f030x6.o(.text)
    TIM17_IRQHandler                         0x080000d7   Thumb Code     0  startup_stm32f030x6.o(.text)
    TIM1_BRK_UP_TRG_COM_IRQHandler           0x080000d7   Thumb Code     0  startup_stm32f030x6.o(.text)
    TIM1_CC_IRQHandler                       0x080000d7   Thumb Code     0  startup_stm32f030x6.o(.text)
    TIM3_IRQHandler                          0x080000d7   Thumb Code     0  startup_stm32f030x6.o(.text)
    WWDG_IRQHandler                          0x080000d7   Thumb Code     0  startup_stm32f030x6.o(.text)
    __scatterload                            0x080000e1   Thumb Code    28  init.o(.text)
    __scatterload_rt2                        0x080000e1   Thumb Code     0  init.o(.text)
    __aeabi_uidiv                            0x08000105   Thumb Code     0  uidiv_div0.o(.text)
    __aeabi_uidivmod                         0x08000105   Thumb Code    62  uidiv_div0.o(.text)
    __aeabi_memset                           0x08000143   Thumb Code    14  memseta.o(.text)
    __aeabi_memset4                          0x08000143   Thumb Code     0  memseta.o(.text)
    __aeabi_memset8                          0x08000143   Thumb Code     0  memseta.o(.text)
    __aeabi_memclr                           0x08000151   Thumb Code     4  memseta.o(.text)
    __aeabi_memclr4                          0x08000151   Thumb Code     0  memseta.o(.text)
    __aeabi_memclr8                          0x08000151   Thumb Code     0  memseta.o(.text)
    _memset$wrapper                          0x08000155   Thumb Code    18  memseta.o(.text)
    EXTI0_1_IRQHandler                       0x08000169   Thumb Code   108  lto-llvm-d344b8.o(.text.EXTI0_1_IRQHandler)
    HardFault_Handler                        0x08000ac9   Thumb Code     2  lto-llvm-d344b8.o(.text.HardFault_Handler)
    NMI_Handler                              0x08000acb   Thumb Code     2  lto-llvm-d344b8.o(.text.NMI_Handler)
    PendSV_Handler                           0x08000acd   Thumb Code     2  lto-llvm-d344b8.o(.text.PendSV_Handler)
    SVC_Handler                              0x08000b8d   Thumb Code     2  lto-llvm-d344b8.o(.text.SVC_Handler)
    SysTick_Handler                          0x08000b91   Thumb Code    12  lto-llvm-d344b8.o(.text.SysTick_Handler)
    SystemInit                               0x08000ba1   Thumb Code     2  lto-llvm-d344b8.o(.text.SystemInit)
    TIM14_IRQHandler                         0x08000f39   Thumb Code   256  lto-llvm-d344b8.o(.text.TIM14_IRQHandler)
    USART1_IRQHandler                        0x0800129d   Thumb Code   708  lto-llvm-d344b8.o(.text.USART1_IRQHandler)
    __scatterload_copy                       0x0800158d   Thumb Code    14  handlers.o(i.__scatterload_copy)
    __scatterload_null                       0x0800159b   Thumb Code     2  handlers.o(i.__scatterload_null)
    __scatterload_zeroinit                   0x0800159d   Thumb Code    14  handlers.o(i.__scatterload_zeroinit)
    Region$$Table$$Base                      0x080017ac   Number         0  anon$$obj.o(Region$$Table)
    Region$$Table$$Limit                     0x080017cc   Number         0  anon$$obj.o(Region$$Table)
    size                                     0x08002000   Data           4  lto-llvm-d344b8.o(.ARM.__at_0x08002000)
    crc_32                                   0x08002004   Data           4  lto-llvm-d344b8.o(.ARM.__at_0x08002004)
    version                                  0x08002008   Data           4  lto-llvm-d344b8.o(.ARM.__at_0x08002008)
    address                                  0x0800200c   Data           4  lto-llvm-d344b8.o(.ARM.__at_0x0800200C)
    main                                     0x08002011   Thumb Code  3900  lto-llvm-d344b8.o(.text.main)
    __initial_sp                             0x20000c68   Data           0  startup_stm32f030x6.o(STACK)



==============================================================================

Memory Map of the image

  Image Entry point : 0x080000b1

  Load Region LR_IROM1 (Base: 0x08000000, Size: 0x00002f70, Max: 0x00004000, ABSOLUTE)

    Execution Region ER_IROM1 (Exec base: 0x08000000, Load base: 0x08000000, Size: 0x00002f68, Max: 0x00004000, ABSOLUTE)

    Exec Addr    Load Addr    Size         Type   Attr      Idx    E Section Name        Object

    0x08000000   0x08000000   0x000000b0   Data   RO            3    RESET               startup_stm32f030x6.o
    0x080000b0   0x080000b0   0x00000000   Code   RO           38  * .ARM.Collect$$$$00000000  mc_p.l(entry.o)
    0x080000b0   0x080000b0   0x00000004   Code   RO          336    .ARM.Collect$$$$00000001  mc_p.l(entry2.o)
    0x080000b4   0x080000b4   0x00000004   Code   RO          339    .ARM.Collect$$$$00000004  mc_p.l(entry5.o)
    0x080000b8   0x080000b8   0x00000000   Code   RO          341    .ARM.Collect$$$$00000008  mc_p.l(entry7b.o)
    0x080000b8   0x080000b8   0x00000000   Code   RO          343    .ARM.Collect$$$$0000000A  mc_p.l(entry8b.o)
    0x080000b8   0x080000b8   0x00000008   Code   RO          344    .ARM.Collect$$$$0000000B  mc_p.l(entry9a.o)
    0x080000c0   0x080000c0   0x00000000   Code   RO          346    .ARM.Collect$$$$0000000D  mc_p.l(entry10a.o)
    0x080000c0   0x080000c0   0x00000000   Code   RO          348    .ARM.Collect$$$$0000000F  mc_p.l(entry11a.o)
    0x080000c0   0x080000c0   0x00000004   Code   RO          337    .ARM.Collect$$$$00002712  mc_p.l(entry2.o)
    0x080000c4   0x080000c4   0x0000001c   Code   RO            4    .text               startup_stm32f030x6.o
    0x080000e0   0x080000e0   0x00000024   Code   RO          378    .text               mc_p.l(init.o)
    0x08000104   0x08000104   0x0000003e   Code   RO          383    .text               mc_p.l(uidiv_div0.o)
    0x08000142   0x08000142   0x00000024   Code   RO          497    .text               mc_p.l(memseta.o)
    0x08000166   0x08000166   0x00000002   PAD
    0x08000168   0x08000168   0x0000007c   Code   RO          433    .text.EXTI0_1_IRQHandler  lto-llvm-d344b8.o
    0x080001e4   0x080001e4   0x0000009c   Code   RO          409    .text.Error_Handler  lto-llvm-d344b8.o
    0x08000280   0x08000280   0x000000fc   Code   RO          439    .text.HAL_ADC_ConfigChannel  lto-llvm-d344b8.o
    0x0800037c   0x0800037c   0x0000003a   Code   RO          455    .text.HAL_DMA_Abort  lto-llvm-d344b8.o
    0x080003b6   0x080003b6   0x00000002   PAD
    0x080003b8   0x080003b8   0x00000014   Code   RO          447    .text.HAL_Delay     lto-llvm-d344b8.o
    0x080003cc   0x080003cc   0x000000a8   Code   RO          451    .text.HAL_GPIO_DeInit  lto-llvm-d344b8.o
    0x08000474   0x08000474   0x0000019c   Code   RO          449    .text.HAL_GPIO_Init  lto-llvm-d344b8.o
    0x08000610   0x08000610   0x00000020   Code   RO          453    .text.HAL_GPIO_TogglePin  lto-llvm-d344b8.o
    0x08000630   0x08000630   0x00000048   Code   RO          445    .text.HAL_InitTick  lto-llvm-d344b8.o
    0x08000678   0x08000678   0x00000004   Code   RO          457    .text.HAL_NVIC_SystemReset  lto-llvm-d344b8.o
    0x0800067c   0x0800067c   0x00000024   Code   RO          443    .text.HAL_RCC_GetPCLK1Freq  lto-llvm-d344b8.o
    0x080006a0   0x080006a0   0x00000064   Code   RO          441    .text.HAL_RCC_GetSysClockFreq  lto-llvm-d344b8.o
    0x08000704   0x08000704   0x00000038   Code   RO          461    .text.HAL_TIM_Base_Stop_IT  lto-llvm-d344b8.o
    0x0800073c   0x0800073c   0x000000c0   Code   RO          421    .text.HAL_UART_ErrorCallback  lto-llvm-d344b8.o
    0x080007fc   0x080007fc   0x00000104   Code   RO          467    .text.HAL_UART_Receive_IT  lto-llvm-d344b8.o
    0x08000900   0x08000900   0x000001c8   Code   RO          419    .text.HAL_UART_RxCpltCallback  lto-llvm-d344b8.o
    0x08000ac8   0x08000ac8   0x00000002   Code   RO          425    .text.HardFault_Handler  lto-llvm-d344b8.o
    0x08000aca   0x08000aca   0x00000002   Code   RO          423    .text.NMI_Handler   lto-llvm-d344b8.o
    0x08000acc   0x08000acc   0x00000002   Code   RO          429    .text.PendSV_Handler  lto-llvm-d344b8.o
    0x08000ace   0x08000ace   0x00000002   PAD
    0x08000ad0   0x08000ad0   0x00000028   Code   RO          411    .text.ReadAddressAndDelay  lto-llvm-d344b8.o
    0x08000af8   0x08000af8   0x0000005c   Code   RO          415    .text.SOFTSTART_Listener  lto-llvm-d344b8.o
    0x08000b54   0x08000b54   0x00000038   Code   RO          413    .text.STATUS_Listener  lto-llvm-d344b8.o
    0x08000b8c   0x08000b8c   0x00000002   Code   RO          427    .text.SVC_Handler   lto-llvm-d344b8.o
    0x08000b8e   0x08000b8e   0x00000002   PAD
    0x08000b90   0x08000b90   0x00000010   Code   RO          431    .text.SysTick_Handler  lto-llvm-d344b8.o
    0x08000ba0   0x08000ba0   0x00000002   Code   RO          475    .text.SystemInit    lto-llvm-d344b8.o
    0x08000ba2   0x08000ba2   0x00000002   PAD
    0x08000ba4   0x08000ba4   0x00000034   Code   RO          401    .text.TF_AddTypeListener  lto-llvm-d344b8.o
    0x08000bd8   0x08000bd8   0x0000014c   Code   RO          403    .text.TF_HandleReceivedMessage  lto-llvm-d344b8.o
    0x08000d24   0x08000d24   0x0000015c   Code   RO          405    .text.TF_Respond    lto-llvm-d344b8.o
    0x08000e80   0x08000e80   0x000000b8   Code   RO          417    .text.TF_WriteImpl  lto-llvm-d344b8.o
    0x08000f38   0x08000f38   0x00000108   Code   RO          435    .text.TIM14_IRQHandler  lto-llvm-d344b8.o
    0x08001040   0x08001040   0x00000016   Code   RO          473    .text.UART_DMAAbortOnError  lto-llvm-d344b8.o
    0x08001056   0x08001056   0x0000005a   Code   RO          465    .text.UART_EndRxTransfer  lto-llvm-d344b8.o
    0x080010b0   0x080010b0   0x000000c0   Code   RO          471    .text.UART_RxISR_16BIT  lto-llvm-d344b8.o
    0x08001170   0x08001170   0x000000c2   Code   RO          469    .text.UART_RxISR_8BIT  lto-llvm-d344b8.o
    0x08001232   0x08001232   0x00000002   PAD
    0x08001234   0x08001234   0x00000068   Code   RO          463    .text.UART_WaitOnFlagUntilTimeout  lto-llvm-d344b8.o
    0x0800129c   0x0800129c   0x000002d4   Code   RO          437    .text.USART1_IRQHandler  lto-llvm-d344b8.o
    0x08001570   0x08001570   0x0000001c   Code   RO          459    .text.__NVIC_SystemReset  lto-llvm-d344b8.o
    0x0800158c   0x0800158c   0x0000000e   Code   RO          501    i.__scatterload_copy  mc_p.l(handlers.o)
    0x0800159a   0x0800159a   0x00000002   Code   RO          502    i.__scatterload_null  mc_p.l(handlers.o)
    0x0800159c   0x0800159c   0x0000000e   Code   RO          503    i.__scatterload_zeroinit  mc_p.l(handlers.o)
    0x080015aa   0x080015aa   0x00000200   Data   RO          477    .rodata.crc16_table  lto-llvm-d344b8.o
    0x080017aa   0x080017aa   0x00000002   PAD
    0x080017ac   0x080017ac   0x00000020   Data   RO          500    Region$$Table       anon$$obj.o
    0x080017cc   0x080017cc   0x00000834   PAD
    0x08002000   0x08002000   0x00000004   Data   RO          478    .ARM.__at_0x08002000  lto-llvm-d344b8.o
    0x08002004   0x08002004   0x00000004   Data   RO          479    .ARM.__at_0x08002004  lto-llvm-d344b8.o
    0x08002008   0x08002008   0x00000004   Data   RO          480    .ARM.__at_0x08002008  lto-llvm-d344b8.o
    0x0800200c   0x0800200c   0x00000004   Data   RO          481    .ARM.__at_0x0800200C  lto-llvm-d344b8.o
    0x08002010   0x08002010   0x00000f58   Code   RO          407    .text.main          lto-llvm-d344b8.o


    Execution Region RW_IRAM1 (Exec base: 0x20000000, Load base: 0x08002f68, Size: 0x00000c68, Max: 0x00001000, ABSOLUTE)

    Exec Addr    Load Addr    Size         Type   Attr      Idx    E Section Name        Object

    0x20000000   0x08002f68   0x00000004   Data   RW          488    .data.SystemCoreClock  lto-llvm-d344b8.o
    0x20000004   0x08002f6c   0x00000004   PAD
    0x20000008        -       0x0000005c   Zero   RW          489    .bss..L_MergedGlobals  lto-llvm-d344b8.o
    0x20000064        -       0x00000040   Zero   RW          484    .bss.hadc           lto-llvm-d344b8.o
    0x200000a4        -       0x00000048   Zero   RW          486    .bss.htim14         lto-llvm-d344b8.o
    0x200000ec        -       0x00000088   Zero   RW          487    .bss.huart1         lto-llvm-d344b8.o
    0x20000174        -       0x00000001   Zero   RW          483    .bss.rec            lto-llvm-d344b8.o
    0x20000175   0x08002f6c   0x00000003   PAD
    0x20000178        -       0x000006f0   Zero   RW          482    .bss.tfapp          lto-llvm-d344b8.o
    0x20000868        -       0x00000400   Zero   RW            1    STACK               startup_stm32f030x6.o


==============================================================================

Image component sizes


      Code (inc. data)   RO Data    RW Data    ZI Data      Debug   Object Name

      9074        672        528          4       2141      78315   lto-llvm-d344b8.o
        28          8        176          0       1024        620   startup_stm32f030x6.o

    ----------------------------------------------------------------------
      9112        680       2838          4       3172      78935   Object Totals
         0          0         32          0          0          0   (incl. Generated)
        10          0       2102          0          7          0   (incl. Padding)

    ----------------------------------------------------------------------

      Code (inc. data)   RO Data    RW Data    ZI Data      Debug   Library Member Name

         0          0          0          0          0          0   entry.o
         0          0          0          0          0          0   entry10a.o
         0          0          0          0          0          0   entry11a.o
         8          4          0          0          0          0   entry2.o
         4          0          0          0          0          0   entry5.o
         0          0          0          0          0          0   entry7b.o
         0          0          0          0          0          0   entry8b.o
         8          4          0          0          0          0   entry9a.o
        30          0          0          0          0          0   handlers.o
        36          8          0          0          0         68   init.o
        36          0          0          0          0        100   memseta.o
        62          0          0          0          0         72   uidiv_div0.o

    ----------------------------------------------------------------------
       186         16          0          0          0        240   Library Totals
         2          0          0          0          0          0   (incl. Padding)

    ----------------------------------------------------------------------

      Code (inc. data)   RO Data    RW Data    ZI Data      Debug   Library Name

       184         16          0          0          0        240   mc_p.l

    ----------------------------------------------------------------------
       186         16          0          0          0        240   Library Totals

    ----------------------------------------------------------------------

==============================================================================


      Code (inc. data)   RO Data    RW Data    ZI Data      Debug   

      9298        696       2838          4       3172      79327   Grand Totals
      9298        696       2838          4       3172      79327   ELF Image Totals
      9298        696       2838          4          0          0   ROM Totals

==============================================================================

    Total RO  Size (Code + RO Data)                12136 (  11.85kB)
    Total RW  Size (RW Data + ZI Data)              3176 (   3.10kB)
    Total ROM Size (Code + RO Data + RW Data)      12140 (  11.86kB)

==============================================================================

