Archive member included to satisfy reference by file (symbol)

C:/STM/STM32CubeIDE_1.17.0/STM32CubeIDE/plugins/com.st.stm32cube.ide.mcu.externaltools.gnu-tools-for-stm32.12.3.rel1.win32_1.1.0.202410251130/tools/bin/../lib/gcc/arm-none-eabi/12.3.1/../../../../arm-none-eabi/lib/thumb/v6-m/nofp\libc_nano.a(libc_a-exit.o)
                              C:/STM/STM32CubeIDE_1.17.0/STM32CubeIDE/plugins/com.st.stm32cube.ide.mcu.externaltools.gnu-tools-for-stm32.12.3.rel1.win32_1.1.0.202410251130/tools/bin/../lib/gcc/arm-none-eabi/12.3.1/../../../../arm-none-eabi/lib/thumb/v6-m/nofp/crt0.o (exit)
C:/STM/STM32CubeIDE_1.17.0/STM32CubeIDE/plugins/com.st.stm32cube.ide.mcu.externaltools.gnu-tools-for-stm32.12.3.rel1.win32_1.1.0.202410251130/tools/bin/../lib/gcc/arm-none-eabi/12.3.1/../../../../arm-none-eabi/lib/thumb/v6-m/nofp\libc_nano.a(libc_a-malloc.o)
                              ./Core/Src/TinyFrame.o (malloc)
C:/STM/STM32CubeIDE_1.17.0/STM32CubeIDE/plugins/com.st.stm32cube.ide.mcu.externaltools.gnu-tools-for-stm32.12.3.rel1.win32_1.1.0.202410251130/tools/bin/../lib/gcc/arm-none-eabi/12.3.1/../../../../arm-none-eabi/lib/thumb/v6-m/nofp\libc_nano.a(libc_a-mallocr.o)
                              C:/STM/STM32CubeIDE_1.17.0/STM32CubeIDE/plugins/com.st.stm32cube.ide.mcu.externaltools.gnu-tools-for-stm32.12.3.rel1.win32_1.1.0.202410251130/tools/bin/../lib/gcc/arm-none-eabi/12.3.1/../../../../arm-none-eabi/lib/thumb/v6-m/nofp\libc_nano.a(libc_a-malloc.o) (_malloc_r)
C:/STM/STM32CubeIDE_1.17.0/STM32CubeIDE/plugins/com.st.stm32cube.ide.mcu.externaltools.gnu-tools-for-stm32.12.3.rel1.win32_1.1.0.202410251130/tools/bin/../lib/gcc/arm-none-eabi/12.3.1/../../../../arm-none-eabi/lib/thumb/v6-m/nofp\libc_nano.a(libc_a-mlock.o)
                              C:/STM/STM32CubeIDE_1.17.0/STM32CubeIDE/plugins/com.st.stm32cube.ide.mcu.externaltools.gnu-tools-for-stm32.12.3.rel1.win32_1.1.0.202410251130/tools/bin/../lib/gcc/arm-none-eabi/12.3.1/../../../../arm-none-eabi/lib/thumb/v6-m/nofp\libc_nano.a(libc_a-mallocr.o) (__malloc_lock)
C:/STM/STM32CubeIDE_1.17.0/STM32CubeIDE/plugins/com.st.stm32cube.ide.mcu.externaltools.gnu-tools-for-stm32.12.3.rel1.win32_1.1.0.202410251130/tools/bin/../lib/gcc/arm-none-eabi/12.3.1/../../../../arm-none-eabi/lib/thumb/v6-m/nofp\libc_nano.a(libc_a-findfp.o)
                              C:/STM/STM32CubeIDE_1.17.0/STM32CubeIDE/plugins/com.st.stm32cube.ide.mcu.externaltools.gnu-tools-for-stm32.12.3.rel1.win32_1.1.0.202410251130/tools/bin/../lib/gcc/arm-none-eabi/12.3.1/../../../../arm-none-eabi/lib/thumb/v6-m/nofp\libc_nano.a(libc_a-exit.o) (__stdio_exit_handler)
C:/STM/STM32CubeIDE_1.17.0/STM32CubeIDE/plugins/com.st.stm32cube.ide.mcu.externaltools.gnu-tools-for-stm32.12.3.rel1.win32_1.1.0.202410251130/tools/bin/../lib/gcc/arm-none-eabi/12.3.1/../../../../arm-none-eabi/lib/thumb/v6-m/nofp\libc_nano.a(libc_a-fwalk.o)
                              C:/STM/STM32CubeIDE_1.17.0/STM32CubeIDE/plugins/com.st.stm32cube.ide.mcu.externaltools.gnu-tools-for-stm32.12.3.rel1.win32_1.1.0.202410251130/tools/bin/../lib/gcc/arm-none-eabi/12.3.1/../../../../arm-none-eabi/lib/thumb/v6-m/nofp\libc_nano.a(libc_a-findfp.o) (_fwalk_sglue)
C:/STM/STM32CubeIDE_1.17.0/STM32CubeIDE/plugins/com.st.stm32cube.ide.mcu.externaltools.gnu-tools-for-stm32.12.3.rel1.win32_1.1.0.202410251130/tools/bin/../lib/gcc/arm-none-eabi/12.3.1/../../../../arm-none-eabi/lib/thumb/v6-m/nofp\libc_nano.a(libc_a-printf.o)
                              ./Core/Src/TinyFrame.o (printf)
C:/STM/STM32CubeIDE_1.17.0/STM32CubeIDE/plugins/com.st.stm32cube.ide.mcu.externaltools.gnu-tools-for-stm32.12.3.rel1.win32_1.1.0.202410251130/tools/bin/../lib/gcc/arm-none-eabi/12.3.1/../../../../arm-none-eabi/lib/thumb/v6-m/nofp\libc_nano.a(libc_a-putchar.o)
                              ./Core/Src/TinyFrame.o (putchar)
C:/STM/STM32CubeIDE_1.17.0/STM32CubeIDE/plugins/com.st.stm32cube.ide.mcu.externaltools.gnu-tools-for-stm32.12.3.rel1.win32_1.1.0.202410251130/tools/bin/../lib/gcc/arm-none-eabi/12.3.1/../../../../arm-none-eabi/lib/thumb/v6-m/nofp\libc_nano.a(libc_a-puts.o)
                              ./Core/Src/TinyFrame.o (puts)
C:/STM/STM32CubeIDE_1.17.0/STM32CubeIDE/plugins/com.st.stm32cube.ide.mcu.externaltools.gnu-tools-for-stm32.12.3.rel1.win32_1.1.0.202410251130/tools/bin/../lib/gcc/arm-none-eabi/12.3.1/../../../../arm-none-eabi/lib/thumb/v6-m/nofp\libc_nano.a(libc_a-stdio.o)
                              C:/STM/STM32CubeIDE_1.17.0/STM32CubeIDE/plugins/com.st.stm32cube.ide.mcu.externaltools.gnu-tools-for-stm32.12.3.rel1.win32_1.1.0.202410251130/tools/bin/../lib/gcc/arm-none-eabi/12.3.1/../../../../arm-none-eabi/lib/thumb/v6-m/nofp\libc_nano.a(libc_a-findfp.o) (__sread)
C:/STM/STM32CubeIDE_1.17.0/STM32CubeIDE/plugins/com.st.stm32cube.ide.mcu.externaltools.gnu-tools-for-stm32.12.3.rel1.win32_1.1.0.202410251130/tools/bin/../lib/gcc/arm-none-eabi/12.3.1/../../../../arm-none-eabi/lib/thumb/v6-m/nofp\libc_nano.a(libc_a-wbuf.o)
[...]
Memory Configuration

Name             Origin             Length             Attributes
RAM              0x20000000         0x00001000         xrw
FLASH            0x08000000         0x00004000         xr
*default*        0x00000000         0xffffffff

Linker script and memory map

LOAD C:/STM/STM32CubeIDE_1.17.0/STM32CubeIDE/plugins/com.st.stm32cube.ide.mcu.externaltools.gnu-tools-for-stm32.12.3.rel1.win32_1.1.0.202410251130/tools/bin/../lib/gcc/arm-none-eabi/12.3.1/thumb/v6-m/nofp/crti.o
LOAD C:/STM/STM32CubeIDE_1.17.0/STM32CubeIDE/plugins/com.st.stm32cube.ide.mcu.externaltools.gnu-tools-for-stm32.12.3.rel1.win32_1.1.0.202410251130/tools/bin/../lib/gcc/arm-none-eabi/12.3.1/thumb/v6-m/nofp/crtbegin.o
LOAD C:/STM/STM32CubeIDE_1.17.0/STM32CubeIDE/plugins/com.st.stm32cube.ide.mcu.externaltools.gnu-tools-for-stm32.12.3.rel1.win32_1.1.0.202410251130/tools/bin/../lib/gcc/arm-none-eabi/12.3.1/../../../../arm-none-eabi/lib/thumb/v6-m/nofp/crt0.o
LOAD ./Core/Src/TinyFrame.o
LOAD ./Core/Src/main.o
LOAD ./Core/Src/stm32f0xx_hal_msp.o
LOAD ./Core/Src/stm32f0xx_it.o
LOAD ./Core/Src/syscalls.o
LOAD ./Core/Src/sysmem.o
LOAD ./Core/Src/system_stm32f0xx.o
LOAD ./Core/Startup/startup_stm32f030f4px.o
LOAD ./Drivers/STM32F0xx_HAL_Driver/Src/stm32f0xx_hal.o
LOAD ./Drivers/STM32F0xx_HAL_Driver/Src/stm32f0xx_hal_adc.o
LOAD ./Drivers/STM32F0xx_HAL_Driver/Src/stm32f0xx_hal_adc_ex.o
LOAD ./Drivers/STM32F0xx_HAL_Driver/Src/stm32f0xx_hal_cortex.o
LOAD ./Drivers/STM32F0xx_HAL_Driver/Src/stm32f0xx_hal_crc.o
LOAD ./Drivers/STM32F0xx_HAL_Driver/Src/stm32f0xx_hal_crc_ex.o
LOAD ./Drivers/STM32F0xx_HAL_Driver/Src/stm32f0xx_hal_dma.o
LOAD ./Drivers/STM32F0xx_HAL_Driver/Src/stm32f0xx_hal_exti.o
LOAD ./Drivers/STM32F0xx_HAL_Driver/Src/stm32f0xx_hal_flash.o
LOAD ./Drivers/STM32F0xx_HAL_Driver/Src/stm32f0xx_hal_flash_ex.o
LOAD ./Drivers/STM32F0xx_HAL_Driver/Src/stm32f0xx_hal_gpio.o
LOAD ./Drivers/STM32F0xx_HAL_Driver/Src/stm32f0xx_hal_i2c.o
LOAD ./Drivers/STM32F0xx_HAL_Driver/Src/stm32f0xx_hal_i2c_ex.o
LOAD ./Drivers/STM32F0xx_HAL_Driver/Src/stm32f0xx_hal_iwdg.o
LOAD ./Drivers/STM32F0xx_HAL_Driver/Src/stm32f0xx_hal_pwr.o
LOAD ./Drivers/STM32F0xx_HAL_Driver/Src/stm32f0xx_hal_pwr_ex.o
LOAD ./Drivers/STM32F0xx_HAL_Driver/Src/stm32f0xx_hal_rcc.o
LOAD ./Drivers/STM32F0xx_HAL_Driver/Src/stm32f0xx_hal_rcc_ex.o
LOAD ./Drivers/STM32F0xx_HAL_Driver/Src/stm32f0xx_hal_tim.o
LOAD ./Drivers/STM32F0xx_HAL_Driver/Src/stm32f0xx_hal_tim_ex.o
LOAD ./Drivers/STM32F0xx_HAL_Driver/Src/stm32f0xx_hal_uart.o
LOAD ./Drivers/STM32F0xx_HAL_Driver/Src/stm32f0xx_hal_uart_ex.o
START GROUP
LOAD C:/STM/STM32CubeIDE_1.17.0/STM32CubeIDE/plugins/com.st.stm32cube.ide.mcu.externaltools.gnu-tools-for-stm32.12.3.rel1.win32_1.1.0.202410251130/tools/bin/../lib/gcc/arm-none-eabi/12.3.1/../../../../arm-none-eabi/lib/thumb/v6-m/nofp\libc_nano.a
LOAD C:/STM/STM32CubeIDE_1.17.0/STM32CubeIDE/plugins/com.st.stm32cube.ide.mcu.externaltools.gnu-tools-for-stm32.12.3.rel1.win32_1.1.0.202410251130/tools/bin/../lib/gcc/arm-none-eabi/12.3.1/../../../../arm-none-eabi/lib/thumb/v6-m/nofp\libm.a
END GROUP
START GROUP
LOAD C:/STM/STM32CubeIDE_1.17.0/STM32CubeIDE/plugins/com.st.stm32cube.ide.mcu.externaltools.gnu-tools-for-stm32.12.3.rel1.win32_1.1.0.202410251130/tools/bin/../lib/gcc/arm-none-eabi/12.3.1/thumb/v6-m/nofp\libgcc.a
LOAD C:/STM/STM32CubeIDE_1.17.0/STM32CubeIDE/plugins/com.st.stm32cube.ide.mcu.externaltools.gnu-tools-for-stm32.12.3.rel1.win32_1.1.0.202410251130/tools/bin/../lib/gcc/arm-none-eabi/12.3.1/../../../../arm-none-eabi/lib/thumb/v6-m/nofp\libc_nano.a
END GROUP
START GROUP
LOAD C:/STM/STM32CubeIDE_1.17.0/STM32CubeIDE/plugins/com.st.stm32cube.ide.mcu.externaltools.gnu-tools-for-stm32.12.3.rel1.win32_1.1.0.202410251130/tools/bin/../lib/gcc/arm-none-eabi/12.3.1/thumb/v6-m/nofp\libgcc.a
LOAD C:/STM/STM32CubeIDE_1.17.0/STM32CubeIDE/plugins/com.st.stm32cube.ide.mcu.externaltools.gnu-tools-for-stm32.12.3.rel1.win32_1.1.0.202410251130/tools/bin/../lib/gcc/arm-none-eabi/12.3.1/../../../../arm-none-eabi/lib/thumb/v6-m/nofp\libc_nano.a
LOAD C:/STM/STM32CubeIDE_1.17.0/STM32CubeIDE/plugins/com.st.stm32cube.ide.mcu.externaltools.gnu-tools-for-stm32.12.3.rel1.win32_1.1.0.202410251130/tools/bin/../lib/gcc/arm-none-eabi/12.3.1/../../../../arm-none-eabi/lib/thumb/v6-m/nofp\libnosys.a
END GROUP
START GROUP
LOAD C:/STM/STM32CubeIDE_1.17.0/STM32CubeIDE/plugins/com.st.stm32cube.ide.mcu.externaltools.gnu-tools-for-stm32.12.3.rel1.win32_1.1.0.202410251130/tools/bin/../lib/gcc/arm-none-eabi/12.3.1/thumb/v6-m/nofp\libgcc.a
LOAD C:/STM/STM32CubeIDE_1.17.0/STM32CubeIDE/plugins/com.st.stm32cube.ide.mcu.externaltools.gnu-tools-for-stm32.12.3.rel1.win32_1.1.0.202410251130/tools/bin/../lib/gcc/arm-none-eabi/12.3.1/../../../../arm-none-eabi/lib/thumb/v6-m/nofp\libc_nano.a
LOAD C:/STM/STM32CubeIDE_1.17.0/STM32CubeIDE/plugins/com.st.stm32cube.ide.mcu.externaltools.gnu-tools-for-stm32.12.3.rel1.win32_1.1.0.202410251130/tools/bin/../lib/gcc/arm-none-eabi/12.3.1/../../../../arm-none-eabi/lib/thumb/v6-m/nofp\libnosys.a
END GROUP
LOAD C:/STM/STM32CubeIDE_1.17.0/STM32CubeIDE/plugins/com.st.stm32cube.ide.mcu.externaltools.gnu-tools-for-stm32.12.3.rel1.win32_1.1.0.202410251130/tools/bin/../lib/gcc/arm-none-eabi/12.3.1/thumb/v6-m/nofp/crtend.o
LOAD C:/STM/STM32CubeIDE_1.17.0/STM32CubeIDE/plugins/com.st.stm32cube.ide.mcu.externaltools.gnu-tools-for-stm32.12.3.rel1.win32_1.1.0.202410251130/tools/bin/../lib/gcc/arm-none-eabi/12.3.1/thumb/v6-m/nofp/crtn.o
                0x20001000                        _estack = (ORIGIN (RAM) + LENGTH (RAM))
                0x00000200                        _Min_Heap_Size = 0x200
                0x00000400                        _Min_Stack_Size = 0x400

.isr_vector     0x08000000       0xc0
                0x08000000                        . = ALIGN (0x4)
 *(.isr_vector)
 .isr_vector    0x08000000       0xc0 ./Core/Startup/startup_stm32f030f4px.o
                0x08000000                g_pfnVectors
                0x080000c0                        . = ALIGN (0x4)

.text           0x080000c0     0x331c
                0x080000c0                        . = ALIGN (0x4)
 *(.text)
 .text          0x080000c0       0x48 C:/STM/STM32CubeIDE_1.17.0/STM32CubeIDE/plugins/com.st.stm32cube.ide.mcu.externaltools.gnu-tools-for-stm32.12.3.rel1.win32_1.1.0.202410251130/tools/bin/../lib/gcc/arm-none-eabi/12.3.1/thumb/v6-m/nofp/crtbegin.o
 .text          0x08000108       0x14 C:/STM/STM32CubeIDE_1.17.0/STM32CubeIDE/plugins/com.st.stm32cube.ide.mcu.externaltools.gnu-tools-for-stm32.12.3.rel1.win32_1.1.0.202410251130/tools/bin/../lib/gcc/arm-none-eabi/12.3.1/thumb/v6-m/nofp\libgcc.a(_thumb1_case_uqi.o)
                0x08000108                __gnu_thumb1_case_uqi
 .text          0x0800011c       0x14 C:/STM/STM32CubeIDE_1.17.0/STM32CubeIDE/plugins/com.st.stm32cube.ide.mcu.externaltools.gnu-tools-for-stm32.12.3.rel1.win32_1.1.0.202410251130/tools/bin/../lib/gcc/arm-none-eabi/12.3.1/thumb/v6-m/nofp\libgcc.a(_thumb1_case_shi.o)
                0x0800011c                __gnu_thumb1_case_shi
 .text          0x08000130      0x114 C:/STM/STM32CubeIDE_1.17.0/STM32CubeIDE/plugins/com.st.stm32cube.ide.mcu.externaltools.gnu-tools-for-stm32.12.3.rel1.win32_1.1.0.202410251130/tools/bin/../lib/gcc/arm-none-eabi/12.3.1/thumb/v6-m/nofp\libgcc.a(_udivsi3.o)
                0x08000130                __aeabi_uidiv
                0x08000130                __udivsi3
                0x0800023c                __aeabi_uidivmod
 .text          0x08000244        0x4 C:/STM/STM32CubeIDE_1.17.0/STM32CubeIDE/plugins/com.st.stm32cube.ide.mcu.externaltools.gnu-tools-for-stm32.12.3.rel1.win32_1.1.0.202410251130/tools/bin/../lib/gcc/arm-none-eabi/12.3.1/thumb/v6-m/nofp\libgcc.a(_dvmd_tls.o)
                0x08000244                __aeabi_idiv0
                0x08000244                __aeabi_ldiv0
 *(.text*)
 .text.TF_CksumAdd
                0x08000248       0x14 ./Core/Src/TinyFrame.o
 .text.cleanup_id_listener
                0x0800025c       0x44 ./Core/Src/TinyFrame.o
 .text.TF_SendFrame_Chunk
                0x080002a0       0x98 ./Core/Src/TinyFrame.o
 .text.TF_SendFrame_End
                0x08000338       0x60 ./Core/Src/TinyFrame.o
 .text.TF_HandleReceivedMessage.constprop.0
                0x08000398      0x164 ./Core/Src/TinyFrame.o
 .text.TF_InitStatic
                0x080004fc       0x22 ./Core/Src/TinyFrame.o
                0x080004fc                TF_InitStatic
 *fill*         0x0800051e        0x2 
 .text.TF_AddIdListener
                0x08000520       0x70 ./Core/Src/TinyFrame.o
                0x08000520                TF_AddIdListener
 .text.TF_SendFrame
                0x08000590       0xe4 ./Core/Src/TinyFrame.o
 .text.TF_AddTypeListener
                0x08000674       0x40 ./Core/Src/TinyFrame.o
                0x08000674                TF_AddTypeListener
 .text.TF_AcceptChar
                0x080006b4      0x198 ./Core/Src/TinyFrame.o
                0x080006b4                TF_AcceptChar
 .text.TF_Send  0x0800084c        0xc ./Core/Src/TinyFrame.o
                0x0800084c                TF_Send
 .text.TF_Respond
                0x08000858        0xc ./Core/Src/TinyFrame.o
                0x08000858                TF_Respond
 .text.ReadAddressAndDelay
                0x08000864       0x3c ./Core/Src/main.o
 .text.SOFTSTART_Listener
                0x080008a0       0x7c ./Core/Src/main.o
                0x080008a0                SOFTSTART_Listener
 .text.HandleLedBlink
                0x0800091c       0x94 ./Core/Src/main.o
 .text.STATUS_Listener
                0x080009b0       0x50 ./Core/Src/main.o
                0x080009b0                STATUS_Listener
 .text.HAL_TIM_PeriodElapsedCallback
                0x08000a00       0xb4 ./Core/Src/main.o
                0x08000a00                HAL_TIM_PeriodElapsedCallback
 .text.HAL_GPIO_EXTI_Callback
                0x08000ab4       0x58 ./Core/Src/main.o
                0x08000ab4                HAL_GPIO_EXTI_Callback
 .text.RS485_Init
                0x08000b0c       0x4c ./Core/Src/main.o
                0x08000b0c                RS485_Init
 .text.TF_WriteImpl
                0x08000b58       0x28 ./Core/Src/main.o
                0x08000b58                TF_WriteImpl
 .text.HAL_UART_TxCpltCallback
                0x08000b80        0x2 ./Core/Src/main.o
                0x08000b80                HAL_UART_TxCpltCallback
 *fill*         0x08000b82        0x2 
 .text.HAL_UART_ErrorCallback
                0x08000b84       0x34 ./Core/Src/main.o
                0x08000b84                HAL_UART_ErrorCallback
 .text.Error_Handler
                0x08000bb8       0x2c ./Core/Src/main.o
                0x08000bb8                Error_Handler
 .text.SystemClock_Config
                0x08000be4       0x74 ./Core/Src/main.o
                0x08000be4                SystemClock_Config
 .text.startup.main
                0x08000c58      0x744 ./Core/Src/main.o
                0x08000c58                main
 .text.HAL_UART_RxCpltCallback
                0x0800139c       0x2c ./Core/Src/main.o
                0x0800139c                HAL_UART_RxCpltCallback
 .text.HAL_MspInit
                0x080013c8       0x30 ./Core/Src/stm32f0xx_hal_msp.o
                0x080013c8                HAL_MspInit
 .text.HAL_ADC_MspInit
                0x080013f8       0x5c ./Core/Src/stm32f0xx_hal_msp.o
                0x080013f8                HAL_ADC_MspInit
 .text.HAL_ADC_MspDeInit
                0x08001454       0x2c ./Core/Src/stm32f0xx_hal_msp.o
                0x08001454                HAL_ADC_MspDeInit
 .text.HAL_CRC_MspInit
                0x08001480       0x28 ./Core/Src/stm32f0xx_hal_msp.o
                0x08001480                HAL_CRC_MspInit
 .text.HAL_TIM_Base_MspInit
                0x080014a8       0x38 ./Core/Src/stm32f0xx_hal_msp.o
                0x080014a8                HAL_TIM_Base_MspInit
 .text.HAL_TIM_Base_MspDeInit
                0x080014e0       0x28 ./Core/Src/stm32f0xx_hal_msp.o
                0x080014e0                HAL_TIM_Base_MspDeInit
 .text.HAL_UART_MspInit
                0x08001508       0x74 ./Core/Src/stm32f0xx_hal_msp.o
                0x08001508                HAL_UART_MspInit
 .text.HAL_UART_MspDeInit
                0x0800157c       0x34 ./Core/Src/stm32f0xx_hal_msp.o
                0x0800157c                HAL_UART_MspDeInit
 .text.NMI_Handler
                0x080015b0        0x2 ./Core/Src/stm32f0xx_it.o
                0x080015b0                NMI_Handler
 .text.HardFault_Handler
                0x080015b2        0x2 ./Core/Src/stm32f0xx_it.o
                0x080015b2                HardFault_Handler
 .text.SVC_Handler
                0x080015b4        0x2 ./Core/Src/stm32f0xx_it.o
                0x080015b4                SVC_Handler
 .text.PendSV_Handler
                0x080015b6        0x2 ./Core/Src/stm32f0xx_it.o
                0x080015b6                PendSV_Handler
 .text.SysTick_Handler
                0x080015b8        0x8 ./Core/Src/stm32f0xx_it.o
                0x080015b8                SysTick_Handler
 .text.EXTI0_1_IRQHandler
                0x080015c0        0xa ./Core/Src/stm32f0xx_it.o
                0x080015c0                EXTI0_1_IRQHandler
 *fill*         0x080015ca        0x2 
 .text.TIM14_IRQHandler
                0x080015cc       0x10 ./Core/Src/stm32f0xx_it.o
                0x080015cc                TIM14_IRQHandler
 .text.USART1_IRQHandler
                0x080015dc       0x10 ./Core/Src/stm32f0xx_it.o
                0x080015dc                USART1_IRQHandler
 .text.SystemInit
                0x080015ec        0x2 ./Core/Src/system_stm32f0xx.o
                0x080015ec                SystemInit
 *fill*         0x080015ee        0x2 
 .text.Reset_Handler
                0x080015f0       0x50 ./Core/Startup/startup_stm32f030f4px.o
                0x080015f0                Reset_Handler
 .text.Default_Handler
                0x08001640        0x2 ./Core/Startup/startup_stm32f030f4px.o
                0x08001640                TIM1_CC_IRQHandler
                0x08001640                I2C1_IRQHandler
                0x08001640                SPI1_IRQHandler
                0x08001640                EXTI2_3_IRQHandler
                0x08001640                ADC1_IRQHandler
                0x08001640                TIM17_IRQHandler
                0x08001640                RTC_IRQHandler
                0x08001640                TIM16_IRQHandler
                0x08001640                TIM3_IRQHandler
                0x08001640                EXTI4_15_IRQHandler
                0x08001640                RCC_IRQHandler
                0x08001640                DMA1_Channel1_IRQHandler
                0x08001640                Default_Handler
                0x08001640                DMA1_Channel4_5_IRQHandler
                0x08001640                WWDG_IRQHandler
                0x08001640                DMA1_Channel2_3_IRQHandler
                0x08001640                FLASH_IRQHandler
                0x08001640                TIM1_BRK_UP_TRG_COM_IRQHandler
 .text.HAL_MspDeInit
                0x08001642        0x2 ./Drivers/STM32F0xx_HAL_Driver/Src/stm32f0xx_hal.o
                0x08001642                HAL_MspDeInit
 .text.HAL_DeInit
                0x08001644       0x24 ./Drivers/STM32F0xx_HAL_Driver/Src/stm32f0xx_hal.o
                0x08001644                HAL_DeInit
 .text.HAL_InitTick
                0x08001668       0x48 ./Drivers/STM32F0xx_HAL_Driver/Src/stm32f0xx_hal.o
                0x08001668                HAL_InitTick
 .text.HAL_Init
                0x080016b0       0x20 ./Drivers/STM32F0xx_HAL_Driver/Src/stm32f0xx_hal.o
                0x080016b0                HAL_Init
 .text.HAL_IncTick
                0x080016d0       0x18 ./Drivers/STM32F0xx_HAL_Driver/Src/stm32f0xx_hal.o
                0x080016d0                HAL_IncTick
 .text.HAL_GetTick
                0x080016e8        0xc ./Drivers/STM32F0xx_HAL_Driver/Src/stm32f0xx_hal.o
                0x080016e8                HAL_GetTick
 .text.HAL_Delay
                0x080016f4       0x24 ./Drivers/STM32F0xx_HAL_Driver/Src/stm32f0xx_hal.o
                0x080016f4                HAL_Delay
 .text.ADC_Enable.constprop.0
                0x08001718       0xa0 ./Drivers/STM32F0xx_HAL_Driver/Src/stm32f0xx_hal_adc.o
 .text.HAL_ADC_Init
                0x080017b8      0x144 ./Drivers/STM32F0xx_HAL_Driver/Src/stm32f0xx_hal_adc.o
                0x080017b8                HAL_ADC_Init
 .text.HAL_ADC_Start
                0x080018fc       0x58 ./Drivers/STM32F0xx_HAL_Driver/Src/stm32f0xx_hal_adc.o
                0x080018fc                HAL_ADC_Start
 .text.HAL_ADC_PollForConversion
                0x08001954       0xc8 ./Drivers/STM32F0xx_HAL_Driver/Src/stm32f0xx_hal_adc.o
                0x08001954                HAL_ADC_PollForConversion
 .text.HAL_ADC_GetValue
                0x08001a1c        0x6 ./Drivers/STM32F0xx_HAL_Driver/Src/stm32f0xx_hal_adc.o
                0x08001a1c                HAL_ADC_GetValue
 *fill*         0x08001a22        0x2 
 .text.HAL_ADC_ConfigChannel
                0x08001a24       0xe0 ./Drivers/STM32F0xx_HAL_Driver/Src/stm32f0xx_hal_adc.o
                0x08001a24                HAL_ADC_ConfigChannel
 .text.HAL_NVIC_SetPriority
                0x08001b04       0x54 ./Drivers/STM32F0xx_HAL_Driver/Src/stm32f0xx_hal_cortex.o
                0x08001b04                HAL_NVIC_SetPriority
 .text.HAL_NVIC_EnableIRQ
                0x08001b58       0x18 ./Drivers/STM32F0xx_HAL_Driver/Src/stm32f0xx_hal_cortex.o
                0x08001b58                HAL_NVIC_EnableIRQ
 .text.HAL_NVIC_DisableIRQ
                0x08001b70       0x20 ./Drivers/STM32F0xx_HAL_Driver/Src/stm32f0xx_hal_cortex.o
                0x08001b70                HAL_NVIC_DisableIRQ
 .text.HAL_NVIC_SystemReset
                0x08001b90       0x1c ./Drivers/STM32F0xx_HAL_Driver/Src/stm32f0xx_hal_cortex.o
                0x08001b90                HAL_NVIC_SystemReset
 .text.HAL_SYSTICK_Config
                0x08001bac       0x34 ./Drivers/STM32F0xx_HAL_Driver/Src/stm32f0xx_hal_cortex.o
                0x08001bac                HAL_SYSTICK_Config
 .text.HAL_CRC_Init
                0x08001be0       0x4e ./Drivers/STM32F0xx_HAL_Driver/Src/stm32f0xx_hal_crc.o
                0x08001be0                HAL_CRC_Init
 .text.HAL_DMA_Abort
                0x08001c2e       0x3c ./Drivers/STM32F0xx_HAL_Driver/Src/stm32f0xx_hal_dma.o
                0x08001c2e                HAL_DMA_Abort
 .text.HAL_DMA_Abort_IT
                0x08001c6a       0x42 ./Drivers/STM32F0xx_HAL_Driver/Src/stm32f0xx_hal_dma.o
                0x08001c6a                HAL_DMA_Abort_IT
 .text.HAL_DMA_GetError
                0x08001cac        0x4 ./Drivers/STM32F0xx_HAL_Driver/Src/stm32f0xx_hal_dma.o
                0x08001cac                HAL_DMA_GetError
 .text.HAL_GPIO_Init
                0x08001cb0      0x170 ./Drivers/STM32F0xx_HAL_Driver/Src/stm32f0xx_hal_gpio.o
                0x08001cb0                HAL_GPIO_Init
 .text.HAL_GPIO_DeInit
                0x08001e20       0xdc ./Drivers/STM32F0xx_HAL_Driver/Src/stm32f0xx_hal_gpio.o
                0x08001e20                HAL_GPIO_DeInit
 .text.HAL_GPIO_ReadPin
                0x08001efc        0xc ./Drivers/STM32F0xx_HAL_Driver/Src/stm32f0xx_hal_gpio.o
                0x08001efc                HAL_GPIO_ReadPin
 .text.HAL_GPIO_WritePin
                0x08001f08        0xc ./Drivers/STM32F0xx_HAL_Driver/Src/stm32f0xx_hal_gpio.o
                0x08001f08                HAL_GPIO_WritePin
 .text.HAL_GPIO_TogglePin
                0x08001f14       0x10 ./Drivers/STM32F0xx_HAL_Driver/Src/stm32f0xx_hal_gpio.o
                0x08001f14                HAL_GPIO_TogglePin
 .text.HAL_GPIO_EXTI_IRQHandler
                0x08001f24       0x18 ./Drivers/STM32F0xx_HAL_Driver/Src/stm32f0xx_hal_gpio.o
                0x08001f24                HAL_GPIO_EXTI_IRQHandler
 .text.HAL_RCC_OscConfig
                0x08001f3c      0x3fc ./Drivers/STM32F0xx_HAL_Driver/Src/stm32f0xx_hal_rcc.o
                0x08001f3c                HAL_RCC_OscConfig
 .text.HAL_RCC_GetSysClockFreq
                0x08002338       0x4c ./Drivers/STM32F0xx_HAL_Driver/Src/stm32f0xx_hal_rcc.o
                0x08002338                HAL_RCC_GetSysClockFreq
 .text.HAL_RCC_ClockConfig
                0x08002384      0x108 ./Drivers/STM32F0xx_HAL_Driver/Src/stm32f0xx_hal_rcc.o
                0x08002384                HAL_RCC_ClockConfig
 .text.HAL_RCC_GetPCLK1Freq
                0x0800248c       0x20 ./Drivers/STM32F0xx_HAL_Driver/Src/stm32f0xx_hal_rcc.o
                0x0800248c                HAL_RCC_GetPCLK1Freq
 .text.HAL_RCCEx_PeriphCLKConfig
                0x080024ac      0x10c ./Drivers/STM32F0xx_HAL_Driver/Src/stm32f0xx_hal_rcc_ex.o
                0x080024ac                HAL_RCCEx_PeriphCLKConfig
 .text.HAL_TIM_Base_Start_IT
                0x080025b8       0x4c ./Drivers/STM32F0xx_HAL_Driver/Src/stm32f0xx_hal_tim.o
                0x080025b8                HAL_TIM_Base_Start_IT
 .text.HAL_TIM_Base_Stop_IT
                0x08002604       0x34 ./Drivers/STM32F0xx_HAL_Driver/Src/stm32f0xx_hal_tim.o
                0x08002604                HAL_TIM_Base_Stop_IT
 .text.HAL_TIM_OC_DelayElapsedCallback
                0x08002638        0x2 ./Drivers/STM32F0xx_HAL_Driver/Src/stm32f0xx_hal_tim.o
                0x08002638                HAL_TIM_OC_DelayElapsedCallback
 .text.HAL_TIM_IC_CaptureCallback
                0x0800263a        0x2 ./Drivers/STM32F0xx_HAL_Driver/Src/stm32f0xx_hal_tim.o
                0x0800263a                HAL_TIM_IC_CaptureCallback
 .text.HAL_TIM_PWM_PulseFinishedCallback
                0x0800263c        0x2 ./Drivers/STM32F0xx_HAL_Driver/Src/stm32f0xx_hal_tim.o
                0x0800263c                HAL_TIM_PWM_PulseFinishedCallback
 .text.HAL_TIM_TriggerCallback
                0x0800263e        0x2 ./Drivers/STM32F0xx_HAL_Driver/Src/stm32f0xx_hal_tim.o
                0x0800263e                HAL_TIM_TriggerCallback
 .text.HAL_TIM_IRQHandler
                0x08002640      0x138 ./Drivers/STM32F0xx_HAL_Driver/Src/stm32f0xx_hal_tim.o
                0x08002640                HAL_TIM_IRQHandler
 .text.TIM_Base_SetConfig
                0x08002778       0x8c ./Drivers/STM32F0xx_HAL_Driver/Src/stm32f0xx_hal_tim.o
                0x08002778                TIM_Base_SetConfig
 .text.HAL_TIM_Base_Init
                0x08002804       0x50 ./Drivers/STM32F0xx_HAL_Driver/Src/stm32f0xx_hal_tim.o
                0x08002804                HAL_TIM_Base_Init
 .text.HAL_TIMEx_CommutCallback
                0x08002854        0x2 ./Drivers/STM32F0xx_HAL_Driver/Src/stm32f0xx_hal_tim_ex.o
                0x08002854                HAL_TIMEx_CommutCallback
 .text.HAL_TIMEx_BreakCallback
                0x08002856        0x2 ./Drivers/STM32F0xx_HAL_Driver/Src/stm32f0xx_hal_tim_ex.o
                0x08002856                HAL_TIMEx_BreakCallback
 .text.UART_EndRxTransfer
                0x08002858       0x5c ./Drivers/STM32F0xx_HAL_Driver/Src/stm32f0xx_hal_uart.o
 .text.HAL_UART_AbortReceive
                0x080028b4       0xb8 ./Drivers/STM32F0xx_HAL_Driver/Src/stm32f0xx_hal_uart.o
                0x080028b4                HAL_UART_AbortReceive
 .text.UART_DMAAbortOnError
                0x0800296c       0x16 ./Drivers/STM32F0xx_HAL_Driver/Src/stm32f0xx_hal_uart.o
 .text.HAL_UARTEx_RxEventCallback
                0x08002982        0x2 ./Drivers/STM32F0xx_HAL_Driver/Src/stm32f0xx_hal_uart.o
                0x08002982                HAL_UARTEx_RxEventCallback
 .text.HAL_UART_IRQHandler
                0x08002984      0x2a8 ./Drivers/STM32F0xx_HAL_Driver/Src/stm32f0xx_hal_uart.o
                0x08002984                HAL_UART_IRQHandler
 .text.UART_RxISR_8BIT
                0x08002c2c       0xd4 ./Drivers/STM32F0xx_HAL_Driver/Src/stm32f0xx_hal_uart.o
 .text.UART_RxISR_16BIT
                0x08002d00       0xd4 ./Drivers/STM32F0xx_HAL_Driver/Src/stm32f0xx_hal_uart.o
 .text.UART_SetConfig
                0x08002dd4      0x114 ./Drivers/STM32F0xx_HAL_Driver/Src/stm32f0xx_hal_uart.o
                0x08002dd4                UART_SetConfig
 .text.UART_AdvFeatureConfig
                0x08002ee8       0xd0 ./Drivers/STM32F0xx_HAL_Driver/Src/stm32f0xx_hal_uart.o
                0x08002ee8                UART_AdvFeatureConfig
 .text.UART_WaitOnFlagUntilTimeout
                0x08002fb8       0x90 ./Drivers/STM32F0xx_HAL_Driver/Src/stm32f0xx_hal_uart.o
                0x08002fb8                UART_WaitOnFlagUntilTimeout
 .text.HAL_UART_Transmit
                0x08003048       0xcc ./Drivers/STM32F0xx_HAL_Driver/Src/stm32f0xx_hal_uart.o
                0x08003048                HAL_UART_Transmit
 .text.UART_CheckIdleState
                0x08003114       0xc0 ./Drivers/STM32F0xx_HAL_Driver/Src/stm32f0xx_hal_uart.o
                0x08003114                UART_CheckIdleState
 .text.UART_Start_Receive_IT
                0x080031d4       0xb8 ./Drivers/STM32F0xx_HAL_Driver/Src/stm32f0xx_hal_uart.o
                0x080031d4                UART_Start_Receive_IT
 .text.HAL_UART_Receive_IT
                0x0800328c       0x5c ./Drivers/STM32F0xx_HAL_Driver/Src/stm32f0xx_hal_uart.o
                0x0800328c                HAL_UART_Receive_IT
 .text.HAL_RS485Ex_Init
                0x080032e8       0x84 ./Drivers/STM32F0xx_HAL_Driver/Src/stm32f0xx_hal_uart_ex.o
                0x080032e8                HAL_RS485Ex_Init
 .text.memset   0x0800336c       0x10 C:/STM/STM32CubeIDE_1.17.0/STM32CubeIDE/plugins/com.st.stm32cube.ide.mcu.externaltools.gnu-tools-for-stm32.12.3.rel1.win32_1.1.0.202410251130/tools/bin/../lib/gcc/arm-none-eabi/12.3.1/../../../../arm-none-eabi/lib/thumb/v6-m/nofp\libc_nano.a(libc_a-memset.o)
                0x0800336c                memset
 .text.__libc_init_array
                0x0800337c       0x48 C:/STM/STM32CubeIDE_1.17.0/STM32CubeIDE/plugins/com.st.stm32cube.ide.mcu.externaltools.gnu-tools-for-stm32.12.3.rel1.win32_1.1.0.202410251130/tools/bin/../lib/gcc/arm-none-eabi/12.3.1/../../../../arm-none-eabi/lib/thumb/v6-m/nofp\libc_nano.a(libc_a-init.o)
                0x0800337c                __libc_init_array
 *(.glue_7)
 .glue_7        0x080033c4        0x0 linker stubs
 *(.glue_7t)
 .glue_7t       0x080033c4        0x0 linker stubs
 *(.eh_frame)
 .eh_frame      0x080033c4        0x0 C:/STM/STM32CubeIDE_1.17.0/STM32CubeIDE/plugins/com.st.stm32cube.ide.mcu.externaltools.gnu-tools-for-stm32.12.3.rel1.win32_1.1.0.202410251130/tools/bin/../lib/gcc/arm-none-eabi/12.3.1/thumb/v6-m/nofp/crtbegin.o
 *(.init)
 .init          0x080033c4        0x4 C:/STM/STM32CubeIDE_1.17.0/STM32CubeIDE/plugins/com.st.stm32cube.ide.mcu.externaltools.gnu-tools-for-stm32.12.3.rel1.win32_1.1.0.202410251130/tools/bin/../lib/gcc/arm-none-eabi/12.3.1/thumb/v6-m/nofp/crti.o
                0x080033c4                _init
 .init          0x080033c8        0x8 C:/STM/STM32CubeIDE_1.17.0/STM32CubeIDE/plugins/com.st.stm32cube.ide.mcu.externaltools.gnu-tools-for-stm32.12.3.rel1.win32_1.1.0.202410251130/tools/bin/../lib/gcc/arm-none-eabi/12.3.1/thumb/v6-m/nofp/crtn.o
 *(.fini)
 .fini          0x080033d0        0x4 C:/STM/STM32CubeIDE_1.17.0/STM32CubeIDE/plugins/com.st.stm32cube.ide.mcu.externaltools.gnu-tools-for-stm32.12.3.rel1.win32_1.1.0.202410251130/tools/bin/../lib/gcc/arm-none-eabi/12.3.1/thumb/v6-m/nofp/crti.o
                0x080033d0                _fini
 .fini          0x080033d4        0x8 C:/STM/STM32CubeIDE_1.17.0/STM32CubeIDE/plugins/com.st.stm32cube.ide.mcu.externaltools.gnu-tools-for-stm32.12.3.rel1.win32_1.1.0.202410251130/tools/bin/../lib/gcc/arm-none-eabi/12.3.1/thumb/v6-m/nofp/crtn.o
                0x080033dc                        . = ALIGN (0x4)
                0x080033dc                        _etext = .

.vfp11_veneer   0x080033dc        0x0
 .vfp11_veneer  0x080033dc        0x0 linker stubs

.v4_bx          0x080033dc        0x0
 .v4_bx         0x080033dc        0x0 linker stubs

.iplt           0x080033dc        0x0
 .iplt          0x080033dc        0x0 C:/STM/STM32CubeIDE_1.17.0/STM32CubeIDE/plugins/com.st.stm32cube.ide.mcu.externaltools.gnu-tools-for-stm32.12.3.rel1.win32_1.1.0.202410251130/tools/bin/../lib/gcc/arm-none-eabi/12.3.1/thumb/v6-m/nofp/crtbegin.o

.rodata         0x080033dc      0x240
                0x080033dc                        . = ALIGN (0x4)
 *(.rodata)
 *(.rodata*)
 .rodata.crc16_table
                0x080033dc      0x200 ./Core/Src/TinyFrame.o
 .rodata.error_order.3
                0x080035dc        0x3 ./Core/Src/main.o
 .rodata.APBPrescTable
                0x080035df        0x8 ./Core/Src/system_stm32f0xx.o
                0x080035df                APBPrescTable
 .rodata.AHBPrescTable
                0x080035e7       0x10 ./Core/Src/system_stm32f0xx.o
                0x080035e7                AHBPrescTable
 .rodata.aPredivFactorTable.0
                0x080035f7       0x10 ./Drivers/STM32F0xx_HAL_Driver/Src/stm32f0xx_hal_rcc.o
 .rodata.aPLLMULFactorTable.1
                0x08003607       0x10 ./Drivers/STM32F0xx_HAL_Driver/Src/stm32f0xx_hal_rcc.o
 .rodata.CSWTCH.58
                0x08003617        0x3 ./Drivers/STM32F0xx_HAL_Driver/Src/stm32f0xx_hal_uart.o
                0x0800361c                        . = ALIGN (0x4)
 *fill*         0x0800361a        0x2 

.ARM.extab      0x0800361c        0x0
                0x0800361c                        . = ALIGN (0x4)
 *(.ARM.extab* .gnu.linkonce.armextab.*)
                0x0800361c                        . = ALIGN (0x4)

.ARM            0x0800361c        0x0
                0x0800361c                        . = ALIGN (0x4)
                0x0800361c                        __exidx_start = .
 *(.ARM.exidx*)
                0x0800361c                        __exidx_end = .
                0x0800361c                        . = ALIGN (0x4)

.preinit_array  0x0800361c        0x0
                0x0800361c                        . = ALIGN (0x4)
                0x0800361c                        PROVIDE (__preinit_array_start = .)
 *(.preinit_array*)
                0x0800361c                        PROVIDE (__preinit_array_end = .)
                0x0800361c                        . = ALIGN (0x4)

.init_array     0x0800361c        0x4
                0x0800361c                        . = ALIGN (0x4)
                0x0800361c                        PROVIDE (__init_array_start = .)
 *(SORT_BY_NAME(.init_array.*))
 *(.init_array*)
 .init_array    0x0800361c        0x4 C:/STM/STM32CubeIDE_1.17.0/STM32CubeIDE/plugins/com.st.stm32cube.ide.mcu.externaltools.gnu-tools-for-stm32.12.3.rel1.win32_1.1.0.202410251130/tools/bin/../lib/gcc/arm-none-eabi/12.3.1/thumb/v6-m/nofp/crtbegin.o
                0x08003620                        PROVIDE (__init_array_end = .)
                0x08003620                        . = ALIGN (0x4)

.fini_array     0x08003620        0x4
                0x08003620                        . = ALIGN (0x4)
                [!provide]                        PROVIDE (__fini_array_start = .)
 *(SORT_BY_NAME(.fini_array.*))
 *(.fini_array*)
 .fini_array    0x08003620        0x4 C:/STM/STM32CubeIDE_1.17.0/STM32CubeIDE/plugins/com.st.stm32cube.ide.mcu.externaltools.gnu-tools-for-stm32.12.3.rel1.win32_1.1.0.202410251130/tools/bin/../lib/gcc/arm-none-eabi/12.3.1/thumb/v6-m/nofp/crtbegin.o
                [!provide]                        PROVIDE (__fini_array_end = .)
                0x08003624                        . = ALIGN (0x4)
                0x08003624                        _sidata = LOADADDR (.data)

.rel.dyn        0x08003624        0x0
 .rel.iplt      0x08003624        0x0 C:/STM/STM32CubeIDE_1.17.0/STM32CubeIDE/plugins/com.st.stm32cube.ide.mcu.externaltools.gnu-tools-for-stm32.12.3.rel1.win32_1.1.0.202410251130/tools/bin/../lib/gcc/arm-none-eabi/12.3.1/thumb/v6-m/nofp/crtbegin.o

.data           0x20000000        0xc load address 0x08003624
                0x20000000                        . = ALIGN (0x4)
                0x20000000                        _sdata = .
 *(.data)
 *(.data*)
 .data.SystemCoreClock
                0x20000000        0x4 ./Core/Src/system_stm32f0xx.o
                0x20000000                SystemCoreClock
 .data.uwTickFreq
                0x20000004        0x1 ./Drivers/STM32F0xx_HAL_Driver/Src/stm32f0xx_hal.o
                0x20000004                uwTickFreq
 *fill*         0x20000005        0x3 
 .data.uwTickPrio
                0x20000008        0x4 ./Drivers/STM32F0xx_HAL_Driver/Src/stm32f0xx_hal.o
                0x20000008                uwTickPrio
 *(.RamFunc)
 *(.RamFunc*)
                0x2000000c                        . = ALIGN (0x4)
                0x2000000c                        _edata = .

.igot.plt       0x2000000c        0x0 load address 0x08003630
 .igot.plt      0x2000000c        0x0 C:/STM/STM32CubeIDE_1.17.0/STM32CubeIDE/plugins/com.st.stm32cube.ide.mcu.externaltools.gnu-tools-for-stm32.12.3.rel1.win32_1.1.0.202410251130/tools/bin/../lib/gcc/arm-none-eabi/12.3.1/thumb/v6-m/nofp/crtbegin.o
                0x2000000c                        . = ALIGN (0x4)

.bss            0x2000000c      0x880 load address 0x08003630
                0x2000000c                        _sbss = .
                0x2000000c                        __bss_start__ = _sbss
 *(.bss)
 .bss           0x2000000c       0x1c C:/STM/STM32CubeIDE_1.17.0/STM32CubeIDE/plugins/com.st.stm32cube.ide.mcu.externaltools.gnu-tools-for-stm32.12.3.rel1.win32_1.1.0.202410251130/tools/bin/../lib/gcc/arm-none-eabi/12.3.1/thumb/v6-m/nofp/crtbegin.o
 *(.bss*)
 .bss.loctmr.0  0x20000028        0x4 ./Core/Src/main.o
 .bss.inner_counter.1
                0x2000002c        0x4 ./Core/Src/main.o
 .bss.error_index.4
                0x20000030        0x1 ./Core/Src/main.o
 .bss.adc_cnt.5
                0x20000031        0x1 ./Core/Src/main.o
 *fill*         0x20000032        0x2 
 .bss.adc_timer.6
                0x20000034        0x4 ./Core/Src/main.o
 .bss.sys_state
                0x20000038        0x1 ./Core/Src/main.o
                0x20000038                sys_state
 .bss.trigger2  0x20000039        0x1 ./Core/Src/main.o
 .bss.trigger1  0x2000003a        0x1 ./Core/Src/main.o
 .bss.remote    0x2000003b        0x1 ./Core/Src/main.o
                0x2000003b                remote
 .bss.error     0x2000003c        0x1 ./Core/Src/main.o
                0x2000003c                error
 .bss.end       0x2000003d        0x1 ./Core/Src/main.o
                0x2000003d                end
 .bss.stop      0x2000003e        0x1 ./Core/Src/main.o
                0x2000003e                stop
 .bss.start     0x2000003f        0x1 ./Core/Src/main.o
                0x2000003f                start
 .bss.init_tf   0x20000040        0x1 ./Core/Src/main.o
                0x20000040                init_tf
 *fill*         0x20000041        0x3 
 .bss.start_led_tmr
                0x20000044        0x4 ./Core/Src/main.o
                0x20000044                start_led_tmr
 .bss.led_tout  0x20000048        0x4 ./Core/Src/main.o
                0x20000048                led_tout
 .bss.led_tmr   0x2000004c        0x4 ./Core/Src/main.o
                0x2000004c                led_tmr
 .bss.start_tout
                0x20000050        0x4 ./Core/Src/main.o
                0x20000050                start_tout
 .bss.start_tmr
                0x20000054        0x4 ./Core/Src/main.o
                0x20000054                start_tmr
 .bss.chktmr    0x20000058        0x4 ./Core/Src/main.o
                0x20000058                chktmr
 .bss.blink_done
                0x2000005c        0x1 ./Core/Src/main.o
                0x2000005c                blink_done
 *fill*         0x2000005d        0x1 
 .bss.tmr       0x2000005e        0x2 ./Core/Src/main.o
                0x2000005e                tmr
 .bss.triac_temp
                0x20000060        0x2 ./Core/Src/main.o
                0x20000060                triac_temp
 .bss.trafo_temp
                0x20000062        0x2 ./Core/Src/main.o
                0x20000062                trafo_temp
 .bss.error_cnt
                0x20000064        0x1 ./Core/Src/main.o
                0x20000064                error_cnt
 .bss.led_rep   0x20000065        0x1 ./Core/Src/main.o
                0x20000065                led_rep
 .bss.led_cnt   0x20000066        0x1 ./Core/Src/main.o
                0x20000066                led_cnt
 .bss.sys_flags
                0x20000067        0x1 ./Core/Src/main.o
                0x20000067                sys_flags
 .bss.addr      0x20000068        0x1 ./Core/Src/main.o
                0x20000068                addr
 .bss.rec       0x20000069        0x1 ./Core/Src/main.o
                0x20000069                rec
 *fill*         0x2000006a        0x2 
 .bss.tfapp     0x2000006c      0x6f0 ./Core/Src/main.o
                0x2000006c                tfapp
 .bss.huart1    0x2000075c       0x88 ./Core/Src/main.o
                0x2000075c                huart1
 .bss.htim14    0x200007e4       0x48 ./Core/Src/main.o
                0x200007e4                htim14
 .bss.hcrc      0x2000082c       0x1c ./Core/Src/main.o
                0x2000082c                hcrc
 .bss.hadc      0x20000848       0x40 ./Core/Src/main.o
                0x20000848                hadc
 .bss.uwTick    0x20000888        0x4 ./Drivers/STM32F0xx_HAL_Driver/Src/stm32f0xx_hal.o
                0x20000888                uwTick
 *(COMMON)
                0x2000088c                        . = ALIGN (0x4)
                0x2000088c                        _ebss = .
                0x2000088c                        __bss_end__ = _ebss

._user_heap_stack
                0x2000088c      0x604 load address 0x08003630
                0x20000890                        . = ALIGN (0x8)
 *fill*         0x2000088c        0x4 
                [!provide]                        PROVIDE (end = .)
                0x20000890                        PROVIDE (_end = .)
                0x20000a90                        . = (. + _Min_Heap_Size)
 *fill*         0x20000890      0x200 
                0x20000e90                        . = (. + _Min_Stack_Size)
 *fill*         0x20000a90      0x400 
                0x20000e90                        . = ALIGN (0x8)

/DISCARD/
 libc.a(*)
 libm.a(*)
 libgcc.a(*)

.ARM.attributes
                0x00000000       0x28
 *(.ARM.attributes)
 .ARM.attributes
                0x00000000       0x1e C:/STM/STM32CubeIDE_1.17.0/STM32CubeIDE/plugins/com.st.stm32cube.ide.mcu.externaltools.gnu-tools-for-stm32.12.3.rel1.win32_1.1.0.202410251130/tools/bin/../lib/gcc/arm-none-eabi/12.3.1/thumb/v6-m/nofp/crti.o
 .ARM.attributes
                0x0000001e       0x2c C:/STM/STM32CubeIDE_1.17.0/STM32CubeIDE/plugins/com.st.stm32cube.ide.mcu.externaltools.gnu-tools-for-stm32.12.3.rel1.win32_1.1.0.202410251130/tools/bin/../lib/gcc/arm-none-eabi/12.3.1/thumb/v6-m/nofp/crtbegin.o
 .ARM.attributes
                0x0000004a       0x2c ./Core/Src/TinyFrame.o
 .ARM.attributes
                0x00000076       0x2c ./Core/Src/main.o
 .ARM.attributes
                0x000000a2       0x2c ./Core/Src/stm32f0xx_hal_msp.o
 .ARM.attributes
                0x000000ce       0x2c ./Core/Src/stm32f0xx_it.o
 .ARM.attributes
                0x000000fa       0x2c ./Core/Src/system_stm32f0xx.o
 .ARM.attributes
                0x00000126       0x21 ./Core/Startup/startup_stm32f030f4px.o
 .ARM.attributes
                0x00000147       0x2c ./Drivers/STM32F0xx_HAL_Driver/Src/stm32f0xx_hal.o
 .ARM.attributes
                0x00000173       0x2c ./Drivers/STM32F0xx_HAL_Driver/Src/stm32f0xx_hal_adc.o
 .ARM.attributes
                0x0000019f       0x2c ./Drivers/STM32F0xx_HAL_Driver/Src/stm32f0xx_hal_cortex.o
 .ARM.attributes
                0x000001cb       0x2c ./Drivers/STM32F0xx_HAL_Driver/Src/stm32f0xx_hal_crc.o
 .ARM.attributes
                0x000001f7       0x2c ./Drivers/STM32F0xx_HAL_Driver/Src/stm32f0xx_hal_dma.o
 .ARM.attributes
                0x00000223       0x2c ./Drivers/STM32F0xx_HAL_Driver/Src/stm32f0xx_hal_gpio.o
 .ARM.attributes
                0x0000024f       0x2c ./Drivers/STM32F0xx_HAL_Driver/Src/stm32f0xx_hal_rcc.o
 .ARM.attributes
                0x0000027b       0x2c ./Drivers/STM32F0xx_HAL_Driver/Src/stm32f0xx_hal_rcc_ex.o
 .ARM.attributes
                0x000002a7       0x2c ./Drivers/STM32F0xx_HAL_Driver/Src/stm32f0xx_hal_tim.o
 .ARM.attributes
                0x000002d3       0x2c ./Drivers/STM32F0xx_HAL_Driver/Src/stm32f0xx_hal_tim_ex.o
 .ARM.attributes
                0x000002ff       0x2c ./Drivers/STM32F0xx_HAL_Driver/Src/stm32f0xx_hal_uart.o
 .ARM.attributes
                0x0000032b       0x2c ./Drivers/STM32F0xx_HAL_Driver/Src/stm32f0xx_hal_uart_ex.o
 .ARM.attributes
                0x00000357       0x2c C:/STM/STM32CubeIDE_1.17.0/STM32CubeIDE/plugins/com.st.stm32cube.ide.mcu.externaltools.gnu-tools-for-stm32.12.3.rel1.win32_1.1.0.202410251130/tools/bin/../lib/gcc/arm-none-eabi/12.3.1/../../../../arm-none-eabi/lib/thumb/v6-m/nofp\libc_nano.a(libc_a-memset.o)
 .ARM.attributes
                0x00000383       0x2c C:/STM/STM32CubeIDE_1.17.0/STM32CubeIDE/plugins/com.st.stm32cube.ide.mcu.externaltools.gnu-tools-for-stm32.12.3.rel1.win32_1.1.0.202410251130/tools/bin/../lib/gcc/arm-none-eabi/12.3.1/../../../../arm-none-eabi/lib/thumb/v6-m/nofp\libc_nano.a(libc_a-init.o)
 .ARM.attributes
                0x000003af       0x1e C:/STM/STM32CubeIDE_1.17.0/STM32CubeIDE/plugins/com.st.stm32cube.ide.mcu.externaltools.gnu-tools-for-stm32.12.3.rel1.win32_1.1.0.202410251130/tools/bin/../lib/gcc/arm-none-eabi/12.3.1/thumb/v6-m/nofp\libgcc.a(_thumb1_case_uqi.o)
 .ARM.attributes
                0x000003cd       0x1e C:/STM/STM32CubeIDE_1.17.0/STM32CubeIDE/plugins/com.st.stm32cube.ide.mcu.externaltools.gnu-tools-for-stm32.12.3.rel1.win32_1.1.0.202410251130/tools/bin/../lib/gcc/arm-none-eabi/12.3.1/thumb/v6-m/nofp\libgcc.a(_thumb1_case_shi.o)
 .ARM.attributes
                0x000003eb       0x1e C:/STM/STM32CubeIDE_1.17.0/STM32CubeIDE/plugins/com.st.stm32cube.ide.mcu.externaltools.gnu-tools-for-stm32.12.3.rel1.win32_1.1.0.202410251130/tools/bin/../lib/gcc/arm-none-eabi/12.3.1/thumb/v6-m/nofp\libgcc.a(_udivsi3.o)
 .ARM.attributes
                0x00000409       0x1e C:/STM/STM32CubeIDE_1.17.0/STM32CubeIDE/plugins/com.st.stm32cube.ide.mcu.externaltools.gnu-tools-for-stm32.12.3.rel1.win32_1.1.0.202410251130/tools/bin/../lib/gcc/arm-none-eabi/12.3.1/thumb/v6-m/nofp\libgcc.a(_dvmd_tls.o)
 .ARM.attributes
                0x00000427       0x1e C:/STM/STM32CubeIDE_1.17.0/STM32CubeIDE/plugins/com.st.stm32cube.ide.mcu.externaltools.gnu-tools-for-stm32.12.3.rel1.win32_1.1.0.202410251130/tools/bin/../lib/gcc/arm-none-eabi/12.3.1/thumb/v6-m/nofp/crtn.o
OUTPUT(DE-230924.elf elf32-littlearm)
LOAD linker stubs
LOAD C:/STM/STM32CubeIDE_1.17.0/STM32CubeIDE/plugins/com.st.stm32cube.ide.mcu.externaltools.gnu-tools-for-stm32.12.3.rel1.win32_1.1.0.202410251130/tools/bin/../lib/gcc/arm-none-eabi/12.3.1/../../../../arm-none-eabi/lib/thumb/v6-m/nofp\libc.a
LOAD C:/STM/STM32CubeIDE_1.17.0/STM32CubeIDE/plugins/com.st.stm32cube.ide.mcu.externaltools.gnu-tools-for-stm32.12.3.rel1.win32_1.1.0.202410251130/tools/bin/../lib/gcc/arm-none-eabi/12.3.1/../../../../arm-none-eabi/lib/thumb/v6-m/nofp\libm.a
LOAD C:/STM/STM32CubeIDE_1.17.0/STM32CubeIDE/plugins/com.st.stm32cube.ide.mcu.externaltools.gnu-tools-for-stm32.12.3.rel1.win32_1.1.0.202410251130/tools/bin/../lib/gcc/arm-none-eabi/12.3.1/thumb/v6-m/nofp\libgcc.a

.comment        0x00000000       0x43
 .comment       0x00000000       0x43 ./Core/Src/TinyFrame.o
                                 0x44 (size before relaxing)
 .comment       0x00000043       0x44 ./Core/Src/main.o
 .comment       0x00000043       0x44 ./Core/Src/stm32f0xx_hal_msp.o
 .comment       0x00000043       0x44 ./Core/Src/stm32f0xx_it.o
 .comment       0x00000043       0x44 ./Core/Src/system_stm32f0xx.o
 .comment       0x00000043       0x44 ./Drivers/STM32F0xx_HAL_Driver/Src/stm32f0xx_hal.o
 .comment       0x00000043       0x44 ./Drivers/STM32F0xx_HAL_Driver/Src/stm32f0xx_hal_adc.o
 .comment       0x00000043       0x44 ./Drivers/STM32F0xx_HAL_Driver/Src/stm32f0xx_hal_cortex.o
 .comment       0x00000043       0x44 ./Drivers/STM32F0xx_HAL_Driver/Src/stm32f0xx_hal_crc.o
 .comment       0x00000043       0x44 ./Drivers/STM32F0xx_HAL_Driver/Src/stm32f0xx_hal_dma.o
 .comment       0x00000043       0x44 ./Drivers/STM32F0xx_HAL_Driver/Src/stm32f0xx_hal_gpio.o
 .comment       0x00000043       0x44 ./Drivers/STM32F0xx_HAL_Driver/Src/stm32f0xx_hal_rcc.o
 .comment       0x00000043       0x44 ./Drivers/STM32F0xx_HAL_Driver/Src/stm32f0xx_hal_rcc_ex.o
 .comment       0x00000043       0x44 ./Drivers/STM32F0xx_HAL_Driver/Src/stm32f0xx_hal_tim.o
 .comment       0x00000043       0x44 ./Drivers/STM32F0xx_HAL_Driver/Src/stm32f0xx_hal_tim_ex.o
 .comment       0x00000043       0x44 ./Drivers/STM32F0xx_HAL_Driver/Src/stm32f0xx_hal_uart.o
 .comment       0x00000043       0x44 ./Drivers/STM32F0xx_HAL_Driver/Src/stm32f0xx_hal_uart_ex.o

.debug_frame    0x00000000       0x6c
 .debug_frame   0x00000000       0x20 C:/STM/STM32CubeIDE_1.17.0/STM32CubeIDE/plugins/com.st.stm32cube.ide.mcu.externaltools.gnu-tools-for-stm32.12.3.rel1.win32_1.1.0.202410251130/tools/bin/../lib/gcc/arm-none-eabi/12.3.1/../../../../arm-none-eabi/lib/thumb/v6-m/nofp\libc_nano.a(libc_a-memset.o)
 .debug_frame   0x00000020       0x2c C:/STM/STM32CubeIDE_1.17.0/STM32CubeIDE/plugins/com.st.stm32cube.ide.mcu.externaltools.gnu-tools-for-stm32.12.3.rel1.win32_1.1.0.202410251130/tools/bin/../lib/gcc/arm-none-eabi/12.3.1/../../../../arm-none-eabi/lib/thumb/v6-m/nofp\libc_nano.a(libc_a-init.o)
 .debug_frame   0x0000004c       0x20 C:/STM/STM32CubeIDE_1.17.0/STM32CubeIDE/plugins/com.st.stm32cube.ide.mcu.externaltools.gnu-tools-for-stm32.12.3.rel1.win32_1.1.0.202410251130/tools/bin/../lib/gcc/arm-none-eabi/12.3.1/thumb/v6-m/nofp\libgcc.a(_udivsi3.o)
