../Core/Src/main.c:156:5:main	8	static
../Core/Src/main.c:365:6:SystemClock_Config	96	static
../Core/Src/main.c:415:13:MX_ADC_Init	24	static
../Core/Src/main.c:477:13:MX_CRC_Init	8	static
../Core/Src/main.c:507:13:MX_IWDG_Init	8	static
../Core/Src/main.c:536:13:MX_TIM14_Init	8	static
../Core/Src/main.c:567:13:MX_USART1_UART_Init	8	static
../Core/Src/main.c:602:13:MX_GPIO_Init	48	static
../Core/Src/main.c:657:16:ReadAddressAndDelay	16	static
../Core/Src/main.c:670:6:HAL_TIM_PeriodElapsedCallback	16	static
../Core/Src/main.c:708:6:HAL_GPIO_EXTI_Callback	16	static
../Core/Src/main.c:726:11:STATUS_Listener	24	static
../Core/Src/main.c:748:11:SOFTSTART_Listener	24	static
../Core/Src/main.c:790:6:RS485_Init	8	static
../Core/Src/main.c:805:6:RS485_Tick	8	static
../Core/Src/main.c:817:6:TF_WriteImpl	24	static
../Core/Src/main.c:828:6:HAL_UART_RxCpltCallback	16	static
../Core/Src/main.c:841:6:HAL_UART_TxCpltCallback	16	static
../Core/Src/main.c:849:6:HAL_UART_ErrorCallback	16	static
../Core/Src/main.c:865:13:ADC3_Read	24	static
../Core/Src/main.c:948:13:HandleLedBlink	16	static
../Core/Src/main.c:979:13:Error_Signal	8	static
../Core/Src/main.c:1027:6:Error_Handler	8	static,ignoring_inline_asm
