../Core/Inc/TinyFrame.h:133:22:TF_ClearMsg	16	static
../Core/Src/TinyFrame.c:38:17:TF_ClaimTx	16	static
../Core/Src/TinyFrame.c:47:17:TF_ReleaseTx	16	static
../Core/Src/TinyFrame.c:138:21:TF_CksumStart	8	static
../Core/Src/TinyFrame.c:141:21:TF_CksumAdd	16	static
../Core/Src/TinyFrame.c:144:21:TF_CksumEnd	16	static
../Core/Src/TinyFrame.c:213:13:TF_InitStatic	24	static
../Core/Src/TinyFrame.c:231:20:TF_Init	24	static
../Core/Src/TinyFrame.c:243:6:TF_DeInit	16	static
../Core/Src/TinyFrame.c:256:29:renew_id_listener	16	static
../Core/Src/TinyFrame.c:265:20:cleanup_id_listener	48	static
../Core/Src/TinyFrame.c:282:29:cleanup_type_listener	24	static
../Core/Src/TinyFrame.c:289:29:cleanup_generic_listener	24	static
../Core/Src/TinyFrame.c:301:13:TF_AddIdListener	32	static
../Core/Src/TinyFrame.c:329:13:TF_AddTypeListener	32	static
../Core/Src/TinyFrame.c:357:13:TF_AddGenericListener	24	static
../Core/Src/TinyFrame.c:380:13:TF_RemoveIdListener	24	static
../Core/Src/TinyFrame.c:397:13:TF_RemoveTypeListener	24	static
../Core/Src/TinyFrame.c:414:13:TF_RemoveGenericListener	24	static
../Core/Src/TinyFrame.c:432:20:TF_HandleReceivedMessage	72	static
../Core/Src/TinyFrame.c:529:13:TF_RenewIdListener	24	static
../Core/Src/TinyFrame.c:547:13:TF_Accept	32	static
../Core/Src/TinyFrame.c:555:13:TF_ResetParser	16	static
../Core/Src/TinyFrame.c:561:20:pars_begin_frame	16	static
../Core/Src/TinyFrame.c:576:13:TF_AcceptChar	16	static
../Core/Src/TinyFrame.c:756:33:TF_ComposeHead	48	static
../Core/Src/TinyFrame.c:810:33:TF_ComposeBody	48	static
../Core/Src/TinyFrame.c:831:33:TF_ComposeTail	40	static
../Core/Src/TinyFrame.c:852:20:TF_SendFrame_Begin	24	static
../Core/Src/TinyFrame.c:877:20:TF_SendFrame_Chunk	48	static
../Core/Src/TinyFrame.c:903:20:TF_SendFrame_End	16	static
../Core/Src/TinyFrame.c:929:20:TF_SendFrame	24	static
../Core/Src/TinyFrame.c:944:13:TF_Send	16	static
../Core/Src/TinyFrame.c:949:13:TF_SendSimple	64	static
../Core/Src/TinyFrame.c:959:13:TF_QuerySimple	64	static
../Core/Src/TinyFrame.c:969:13:TF_Query	24	static
../Core/Src/TinyFrame.c:974:13:TF_Respond	16	static
../Core/Src/TinyFrame.c:981:13:TF_Send_Multipart	16	static
../Core/Src/TinyFrame.c:986:13:TF_SendSimple_Multipart	16	static
../Core/Src/TinyFrame.c:990:13:TF_QuerySimple_Multipart	40	static
../Core/Src/TinyFrame.c:994:13:TF_Query_Multipart	24	static
../Core/Src/TinyFrame.c:999:13:TF_Respond_Multipart	16	static
../Core/Src/TinyFrame.c:1004:13:TF_Multipart_Payload	24	static
../Core/Src/TinyFrame.c:1008:13:TF_Multipart_Close	16	static
../Core/Src/TinyFrame.c:1021:13:TF_Tick	24	static
../Core/Src/TinyFrame.c:1047:6:dumpFrame	24	static
../Core/Src/TinyFrame.c:1062:6:dumpFrameInfo	32	static
