Component: ARM Compiler 5.06 update 6 (build 750) Tool: armlink [4d35ed]

==============================================================================

Section Cross References

    startup_stm32f030x6.o(RESET) refers to startup_stm32f030x6.o(STACK) for __initial_sp
    startup_stm32f030x6.o(RESET) refers to startup_stm32f030x6.o(.text) for Reset_Handler
    startup_stm32f030x6.o(RESET) refers to stm32f0xx_it.o(i.NMI_Handler) for NMI_Handler
    startup_stm32f030x6.o(RESET) refers to stm32f0xx_it.o(i.HardFault_Handler) for HardFault_Handler
    startup_stm32f030x6.o(RESET) refers to stm32f0xx_it.o(i.SVC_Handler) for SVC_Handler
    startup_stm32f030x6.o(RESET) refers to stm32f0xx_it.o(i.PendSV_Handler) for PendSV_Handler
    startup_stm32f030x6.o(RESET) refers to stm32f0xx_it.o(i.SysTick_Handler) for SysTick_Handler
    startup_stm32f030x6.o(RESET) refers to stm32f0xx_it.o(i.EXTI0_1_IRQHandler) for EXTI0_1_IRQHandler
    startup_stm32f030x6.o(RESET) refers to stm32f0xx_it.o(i.TIM14_IRQHandler) for TIM14_IRQHandler
    startup_stm32f030x6.o(RESET) refers to stm32f0xx_it.o(i.USART1_IRQHandler) for USART1_IRQHandler
    startup_stm32f030x6.o(.text) refers to system_stm32f0xx.o(i.SystemInit) for SystemInit
    startup_stm32f030x6.o(.text) refers to entry.o(.ARM.Collect$$$$00000000) for __main
    tinyframe.o(i.TF_Accept) refers to tinyframe.o(i.TF_AcceptChar) for TF_AcceptChar
    tinyframe.o(i.TF_AcceptChar) refers to tinyframe.o(i.TF_ResetParser) for TF_ResetParser
    tinyframe.o(i.TF_AcceptChar) refers to tinyframe.o(i.__ARM_common_switch8) for __ARM_common_switch8
    tinyframe.o(i.TF_AcceptChar) refers to tinyframe.o(i.pars_begin_frame) for pars_begin_frame
    tinyframe.o(i.TF_AcceptChar) refers to tinyframe.o(i.TF_CksumAdd) for TF_CksumAdd
    tinyframe.o(i.TF_AcceptChar) refers to tinyframe.o(i.TF_CksumEnd) for TF_CksumEnd
    tinyframe.o(i.TF_AcceptChar) refers to tinyframe.o(i.TF_CksumStart) for TF_CksumStart
    tinyframe.o(i.TF_AcceptChar) refers to tinyframe.o(i.TF_HandleReceivedMessage) for TF_HandleReceivedMessage
    tinyframe.o(i.TF_CksumAdd) refers to tinyframe.o(.constdata) for .constdata
    tinyframe.o(i.TF_ComposeHead) refers to tinyframe.o(i.TF_CksumStart) for TF_CksumStart
    tinyframe.o(i.TF_ComposeHead) refers to tinyframe.o(i.TF_CksumAdd) for TF_CksumAdd
    tinyframe.o(i.TF_ComposeHead) refers to tinyframe.o(i.TF_CksumEnd) for TF_CksumEnd
    tinyframe.o(i.TF_DeInit) refers to malloc.o(i.free) for free
    tinyframe.o(i.TF_HandleReceivedMessage) refers to memseta.o(.text) for __aeabi_memclr4
    tinyframe.o(i.TF_HandleReceivedMessage) refers to tinyframe.o(i.cleanup_id_listener) for cleanup_id_listener
    tinyframe.o(i.TF_HandleReceivedMessage) refers to tinyframe.o(i.cleanup_type_listener) for cleanup_type_listener
    tinyframe.o(i.TF_HandleReceivedMessage) refers to tinyframe.o(i.cleanup_generic_listener) for cleanup_generic_listener
    tinyframe.o(i.TF_Init) refers to malloc.o(i.malloc) for malloc
    tinyframe.o(i.TF_Init) refers to tinyframe.o(i.TF_InitStatic) for TF_InitStatic
    tinyframe.o(i.TF_InitStatic) refers to memseta.o(.text) for __aeabi_memclr4
    tinyframe.o(i.TF_Multipart_Close) refers to tinyframe.o(i.TF_SendFrame_End) for TF_SendFrame_End
    tinyframe.o(i.TF_Multipart_Payload) refers to tinyframe.o(i.TF_SendFrame_Chunk) for TF_SendFrame_Chunk
    tinyframe.o(i.TF_Query) refers to tinyframe.o(i.TF_SendFrame) for TF_SendFrame
    tinyframe.o(i.TF_QuerySimple) refers to memseta.o(.text) for __aeabi_memclr4
    tinyframe.o(i.TF_QuerySimple) refers to tinyframe.o(i.TF_SendFrame) for TF_SendFrame
    tinyframe.o(i.TF_QuerySimple_Multipart) refers to tinyframe.o(i.TF_QuerySimple) for TF_QuerySimple
    tinyframe.o(i.TF_Query_Multipart) refers to tinyframe.o(i.TF_Query) for TF_Query
    tinyframe.o(i.TF_RemoveGenericListener) refers to tinyframe.o(i.cleanup_generic_listener) for cleanup_generic_listener
    tinyframe.o(i.TF_RemoveIdListener) refers to tinyframe.o(i.cleanup_id_listener) for cleanup_id_listener
    tinyframe.o(i.TF_RemoveTypeListener) refers to tinyframe.o(i.cleanup_type_listener) for cleanup_type_listener
    tinyframe.o(i.TF_Respond) refers to tinyframe.o(i.TF_Send) for TF_Send
    tinyframe.o(i.TF_Respond_Multipart) refers to tinyframe.o(i.TF_Respond) for TF_Respond
    tinyframe.o(i.TF_Send) refers to tinyframe.o(i.TF_SendFrame) for TF_SendFrame
    tinyframe.o(i.TF_SendFrame) refers to tinyframe.o(i.TF_SendFrame_Begin) for TF_SendFrame_Begin
    tinyframe.o(i.TF_SendFrame) refers to tinyframe.o(i.TF_SendFrame_Chunk) for TF_SendFrame_Chunk
    tinyframe.o(i.TF_SendFrame) refers to tinyframe.o(i.TF_SendFrame_End) for TF_SendFrame_End
    tinyframe.o(i.TF_SendFrame_Begin) refers to tinyframe.o(i.TF_ClaimTx) for TF_ClaimTx
    tinyframe.o(i.TF_SendFrame_Begin) refers to tinyframe.o(i.TF_ComposeHead) for TF_ComposeHead
    tinyframe.o(i.TF_SendFrame_Begin) refers to tinyframe.o(i.TF_AddIdListener) for TF_AddIdListener
[...]
    Removing stm32f0xx_hal_tim.o(i.HAL_TIM_IC_DeInit), (80 bytes).
    Removing stm32f0xx_hal_tim.o(i.HAL_TIM_IC_GetState), (6 bytes).
    Removing stm32f0xx_hal_tim.o(i.HAL_TIM_IC_Init), (74 bytes).
    Removing stm32f0xx_hal_tim.o(i.HAL_TIM_IC_MspDeInit), (2 bytes).
    Removing stm32f0xx_hal_tim.o(i.HAL_TIM_IC_MspInit), (2 bytes).
    Removing stm32f0xx_hal_tim.o(i.HAL_TIM_IC_Start), (192 bytes).
    Removing stm32f0xx_hal_tim.o(i.HAL_TIM_IC_Start_DMA), (460 bytes).
    Removing stm32f0xx_hal_tim.o(i.HAL_TIM_IC_Start_IT), (264 bytes).
    Removing stm32f0xx_hal_tim.o(i.HAL_TIM_IC_Stop), (112 bytes).
    Removing stm32f0xx_hal_tim.o(i.HAL_TIM_IC_Stop_DMA), (216 bytes).
    Removing stm32f0xx_hal_tim.o(i.HAL_TIM_IC_Stop_IT), (184 bytes).
    Removing stm32f0xx_hal_tim.o(i.HAL_TIM_OC_ConfigChannel), (80 bytes).
    Removing stm32f0xx_hal_tim.o(i.HAL_TIM_OC_DeInit), (80 bytes).
    Removing stm32f0xx_hal_tim.o(i.HAL_TIM_OC_GetState), (6 bytes).
    Removing stm32f0xx_hal_tim.o(i.HAL_TIM_OC_Init), (74 bytes).
    Removing stm32f0xx_hal_tim.o(i.HAL_TIM_OC_MspDeInit), (2 bytes).
    Removing stm32f0xx_hal_tim.o(i.HAL_TIM_OC_MspInit), (2 bytes).
    Removing stm32f0xx_hal_tim.o(i.HAL_TIM_OC_Start), (172 bytes).
    Removing stm32f0xx_hal_tim.o(i.HAL_TIM_OC_Start_DMA), (448 bytes).
    Removing stm32f0xx_hal_tim.o(i.HAL_TIM_OC_Start_IT), (244 bytes).
    Removing stm32f0xx_hal_tim.o(i.HAL_TIM_OC_Stop), (140 bytes).
    Removing stm32f0xx_hal_tim.o(i.HAL_TIM_OC_Stop_DMA), (244 bytes).
    Removing stm32f0xx_hal_tim.o(i.HAL_TIM_OC_Stop_IT), (212 bytes).
    Removing stm32f0xx_hal_tim.o(i.HAL_TIM_OnePulse_ConfigChannel), (256 bytes).
    Removing stm32f0xx_hal_tim.o(i.HAL_TIM_OnePulse_DeInit), (72 bytes).
    Removing stm32f0xx_hal_tim.o(i.HAL_TIM_OnePulse_GetState), (6 bytes).
    Removing stm32f0xx_hal_tim.o(i.HAL_TIM_OnePulse_Init), (86 bytes).
    Removing stm32f0xx_hal_tim.o(i.HAL_TIM_OnePulse_MspDeInit), (2 bytes).
    Removing stm32f0xx_hal_tim.o(i.HAL_TIM_OnePulse_MspInit), (2 bytes).
    Removing stm32f0xx_hal_tim.o(i.HAL_TIM_OnePulse_Start), (116 bytes).
    Removing stm32f0xx_hal_tim.o(i.HAL_TIM_OnePulse_Start_IT), (136 bytes).
    Removing stm32f0xx_hal_tim.o(i.HAL_TIM_OnePulse_Stop), (128 bytes).
    Removing stm32f0xx_hal_tim.o(i.HAL_TIM_OnePulse_Stop_IT), (148 bytes).
    Removing stm32f0xx_hal_tim.o(i.HAL_TIM_PWM_ConfigChannel), (224 bytes).
    Removing stm32f0xx_hal_tim.o(i.HAL_TIM_PWM_DeInit), (80 bytes).
    Removing stm32f0xx_hal_tim.o(i.HAL_TIM_PWM_GetState), (6 bytes).
    Removing stm32f0xx_hal_tim.o(i.HAL_TIM_PWM_Init), (74 bytes).
    Removing stm32f0xx_hal_tim.o(i.HAL_TIM_PWM_MspDeInit), (2 bytes).
    Removing stm32f0xx_hal_tim.o(i.HAL_TIM_PWM_MspInit), (2 bytes).
    Removing stm32f0xx_hal_tim.o(i.HAL_TIM_PWM_PulseFinishedHalfCpltCallback), (2 bytes).
    Removing stm32f0xx_hal_tim.o(i.HAL_TIM_PWM_Start), (172 bytes).
    Removing stm32f0xx_hal_tim.o(i.HAL_TIM_PWM_Start_DMA), (448 bytes).
    Removing stm32f0xx_hal_tim.o(i.HAL_TIM_PWM_Start_IT), (244 bytes).
    Removing stm32f0xx_hal_tim.o(i.HAL_TIM_PWM_Stop), (140 bytes).
    Removing stm32f0xx_hal_tim.o(i.HAL_TIM_PWM_Stop_DMA), (244 bytes).
    Removing stm32f0xx_hal_tim.o(i.HAL_TIM_PWM_Stop_IT), (212 bytes).
    Removing stm32f0xx_hal_tim.o(i.HAL_TIM_PeriodElapsedCallback), (2 bytes).
    Removing stm32f0xx_hal_tim.o(i.HAL_TIM_PeriodElapsedHalfCpltCallback), (2 bytes).
    Removing stm32f0xx_hal_tim.o(i.HAL_TIM_ReadCapturedValue), (44 bytes).
    Removing stm32f0xx_hal_tim.o(i.HAL_TIM_SlaveConfigSynchro), (74 bytes).
    Removing stm32f0xx_hal_tim.o(i.HAL_TIM_SlaveConfigSynchro_IT), (74 bytes).
    Removing stm32f0xx_hal_tim.o(i.HAL_TIM_TriggerHalfCpltCallback), (2 bytes).
    Removing stm32f0xx_hal_tim.o(i.TIM_CCxChannelCmd), (26 bytes).
    Removing stm32f0xx_hal_tim.o(i.TIM_DMACaptureCplt), (118 bytes).
    Removing stm32f0xx_hal_tim.o(i.TIM_DMACaptureHalfCplt), (62 bytes).
    Removing stm32f0xx_hal_tim.o(i.TIM_DMADelayPulseCplt), (102 bytes).
    Removing stm32f0xx_hal_tim.o(i.TIM_DMADelayPulseHalfCplt), (62 bytes).
    Removing stm32f0xx_hal_tim.o(i.TIM_DMAError), (84 bytes).
    Removing stm32f0xx_hal_tim.o(i.TIM_DMAPeriodElapsedCplt), (24 bytes).
    Removing stm32f0xx_hal_tim.o(i.TIM_DMAPeriodElapsedHalfCplt), (10 bytes).
    Removing stm32f0xx_hal_tim.o(i.TIM_DMATriggerCplt), (24 bytes).
    Removing stm32f0xx_hal_tim.o(i.TIM_DMATriggerHalfCplt), (10 bytes).
    Removing stm32f0xx_hal_tim.o(i.TIM_ETR_SetConfig), (22 bytes).
    Removing stm32f0xx_hal_tim.o(i.TIM_ITRx_SetConfig), (16 bytes).
    Removing stm32f0xx_hal_tim.o(i.TIM_OC1_SetConfig), (124 bytes).
    Removing stm32f0xx_hal_tim.o(i.TIM_OC2_SetConfig), (128 bytes).
    Removing stm32f0xx_hal_tim.o(i.TIM_OC3_SetConfig), (128 bytes).
    Removing stm32f0xx_hal_tim.o(i.TIM_OC4_SetConfig), (104 bytes).
    Removing stm32f0xx_hal_tim.o(i.TIM_SlaveTimer_SetConfig), (140 bytes).
    Removing stm32f0xx_hal_tim.o(i.TIM_TI1_ConfigInputStage), (34 bytes).
    Removing stm32f0xx_hal_tim.o(i.TIM_TI1_SetConfig), (72 bytes).
    Removing stm32f0xx_hal_tim.o(i.TIM_TI2_ConfigInputStage), (38 bytes).
    Removing stm32f0xx_hal_tim.o(i.TIM_TI2_SetConfig), (52 bytes).
    Removing stm32f0xx_hal_tim.o(i.TIM_TI3_SetConfig), (52 bytes).
    Removing stm32f0xx_hal_tim.o(i.TIM_TI4_SetConfig), (58 bytes).
    Removing stm32f0xx_hal_tim_ex.o(.rev16_text), (4 bytes).
    Removing stm32f0xx_hal_tim_ex.o(.revsh_text), (4 bytes).
    Removing stm32f0xx_hal_tim_ex.o(i.HAL_TIMEx_CommutHalfCpltCallback), (2 bytes).
    Removing stm32f0xx_hal_tim_ex.o(i.HAL_TIMEx_ConfigBreakDeadTime), (94 bytes).
    Removing stm32f0xx_hal_tim_ex.o(i.HAL_TIMEx_ConfigCommutEvent), (108 bytes).
    Removing stm32f0xx_hal_tim_ex.o(i.HAL_TIMEx_ConfigCommutEvent_DMA), (140 bytes).
    Removing stm32f0xx_hal_tim_ex.o(i.HAL_TIMEx_ConfigCommutEvent_IT), (108 bytes).
    Removing stm32f0xx_hal_tim_ex.o(i.HAL_TIMEx_GetChannelNState), (30 bytes).
    Removing stm32f0xx_hal_tim_ex.o(i.HAL_TIMEx_HallSensor_DeInit), (72 bytes).
    Removing stm32f0xx_hal_tim_ex.o(i.HAL_TIMEx_HallSensor_GetState), (6 bytes).
    Removing stm32f0xx_hal_tim_ex.o(i.HAL_TIMEx_HallSensor_Init), (198 bytes).
    Removing stm32f0xx_hal_tim_ex.o(i.HAL_TIMEx_HallSensor_MspDeInit), (2 bytes).
    Removing stm32f0xx_hal_tim_ex.o(i.HAL_TIMEx_HallSensor_MspInit), (2 bytes).
    Removing stm32f0xx_hal_tim_ex.o(i.HAL_TIMEx_HallSensor_Start), (112 bytes).
    Removing stm32f0xx_hal_tim_ex.o(i.HAL_TIMEx_HallSensor_Start_DMA), (196 bytes).
    Removing stm32f0xx_hal_tim_ex.o(i.HAL_TIMEx_HallSensor_Start_IT), (120 bytes).
    Removing stm32f0xx_hal_tim_ex.o(i.HAL_TIMEx_HallSensor_Stop), (64 bytes).
    Removing stm32f0xx_hal_tim_ex.o(i.HAL_TIMEx_HallSensor_Stop_DMA), (76 bytes).
    Removing stm32f0xx_hal_tim_ex.o(i.HAL_TIMEx_HallSensor_Stop_IT), (76 bytes).
    Removing stm32f0xx_hal_tim_ex.o(i.HAL_TIMEx_MasterConfigSynchronization), (80 bytes).
    Removing stm32f0xx_hal_tim_ex.o(i.HAL_TIMEx_OCN_Start), (144 bytes).
    Removing stm32f0xx_hal_tim_ex.o(i.HAL_TIMEx_OCN_Start_DMA), (372 bytes).
    Removing stm32f0xx_hal_tim_ex.o(i.HAL_TIMEx_OCN_Start_IT), (208 bytes).
    Removing stm32f0xx_hal_tim_ex.o(i.HAL_TIMEx_OCN_Stop), (108 bytes).
    Removing stm32f0xx_hal_tim_ex.o(i.HAL_TIMEx_OCN_Stop_DMA), (192 bytes).
    Removing stm32f0xx_hal_tim_ex.o(i.HAL_TIMEx_OCN_Stop_IT), (184 bytes).
    Removing stm32f0xx_hal_tim_ex.o(i.HAL_TIMEx_OnePulseN_Start), (98 bytes).
    Removing stm32f0xx_hal_tim_ex.o(i.HAL_TIMEx_OnePulseN_Start_IT), (116 bytes).
    Removing stm32f0xx_hal_tim_ex.o(i.HAL_TIMEx_OnePulseN_Stop), (112 bytes).
    Removing stm32f0xx_hal_tim_ex.o(i.HAL_TIMEx_OnePulseN_Stop_IT), (132 bytes).
    Removing stm32f0xx_hal_tim_ex.o(i.HAL_TIMEx_PWMN_Start), (144 bytes).
    Removing stm32f0xx_hal_tim_ex.o(i.HAL_TIMEx_PWMN_Start_DMA), (372 bytes).
    Removing stm32f0xx_hal_tim_ex.o(i.HAL_TIMEx_PWMN_Start_IT), (208 bytes).
    Removing stm32f0xx_hal_tim_ex.o(i.HAL_TIMEx_PWMN_Stop), (108 bytes).
    Removing stm32f0xx_hal_tim_ex.o(i.HAL_TIMEx_PWMN_Stop_DMA), (192 bytes).
    Removing stm32f0xx_hal_tim_ex.o(i.HAL_TIMEx_PWMN_Stop_IT), (184 bytes).
    Removing stm32f0xx_hal_tim_ex.o(i.HAL_TIMEx_RemapConfig), (28 bytes).
    Removing stm32f0xx_hal_tim_ex.o(i.TIMEx_DMACommutationCplt), (16 bytes).
    Removing stm32f0xx_hal_tim_ex.o(i.TIMEx_DMACommutationHalfCplt), (16 bytes).
    Removing stm32f0xx_hal_tim_ex.o(i.TIM_CCxNChannelCmd), (26 bytes).
    Removing stm32f0xx_hal_tim_ex.o(i.TIM_DMADelayPulseNCplt), (80 bytes).
    Removing stm32f0xx_hal_tim_ex.o(i.TIM_DMAErrorCCxN), (62 bytes).
    Removing stm32f0xx_hal_uart.o(.rev16_text), (4 bytes).
    Removing stm32f0xx_hal_uart.o(.revsh_text), (4 bytes).
    Removing stm32f0xx_hal_uart.o(i.HAL_HalfDuplex_EnableReceiver), (78 bytes).
    Removing stm32f0xx_hal_uart.o(i.HAL_HalfDuplex_EnableTransmitter), (78 bytes).
    Removing stm32f0xx_hal_uart.o(i.HAL_HalfDuplex_Init), (112 bytes).
    Removing stm32f0xx_hal_uart.o(i.HAL_MultiProcessor_DisableMuteMode), (58 bytes).
    Removing stm32f0xx_hal_uart.o(i.HAL_MultiProcessor_EnableMuteMode), (58 bytes).
    Removing stm32f0xx_hal_uart.o(i.HAL_MultiProcessor_EnterMuteMode), (12 bytes).
    Removing stm32f0xx_hal_uart.o(i.HAL_MultiProcessor_Init), (144 bytes).
    Removing stm32f0xx_hal_uart.o(i.HAL_UART_Abort), (256 bytes).
    Removing stm32f0xx_hal_uart.o(i.HAL_UART_AbortCpltCallback), (2 bytes).
    Removing stm32f0xx_hal_uart.o(i.HAL_UART_AbortReceiveCpltCallback), (2 bytes).
    Removing stm32f0xx_hal_uart.o(i.HAL_UART_AbortReceive_IT), (216 bytes).
    Removing stm32f0xx_hal_uart.o(i.HAL_UART_AbortTransmit), (112 bytes).
    Removing stm32f0xx_hal_uart.o(i.HAL_UART_AbortTransmitCpltCallback), (2 bytes).
    Removing stm32f0xx_hal_uart.o(i.HAL_UART_AbortTransmit_IT), (132 bytes).
    Removing stm32f0xx_hal_uart.o(i.HAL_UART_Abort_IT), (300 bytes).
    Removing stm32f0xx_hal_uart.o(i.HAL_UART_DMAPause), (130 bytes).
    Removing stm32f0xx_hal_uart.o(i.HAL_UART_DMAResume), (128 bytes).
    Removing stm32f0xx_hal_uart.o(i.HAL_UART_DMAStop), (162 bytes).
    Removing stm32f0xx_hal_uart.o(i.HAL_UART_DeInit), (68 bytes).
    Removing stm32f0xx_hal_uart.o(i.HAL_UART_DisableReceiverTimeout), (56 bytes).
    Removing stm32f0xx_hal_uart.o(i.HAL_UART_EnableReceiverTimeout), (56 bytes).
    Removing stm32f0xx_hal_uart.o(i.HAL_UART_ErrorCallback), (2 bytes).
    Removing stm32f0xx_hal_uart.o(i.HAL_UART_GetError), (6 bytes).
    Removing stm32f0xx_hal_uart.o(i.HAL_UART_GetState), (12 bytes).
    Removing stm32f0xx_hal_uart.o(i.HAL_UART_Init), (112 bytes).
    Removing stm32f0xx_hal_uart.o(i.HAL_UART_MspDeInit), (2 bytes).
    Removing stm32f0xx_hal_uart.o(i.HAL_UART_MspInit), (2 bytes).
    Removing stm32f0xx_hal_uart.o(i.HAL_UART_Receive), (256 bytes).
    Removing stm32f0xx_hal_uart.o(i.HAL_UART_Receive_DMA), (94 bytes).
    Removing stm32f0xx_hal_uart.o(i.HAL_UART_ReceiverTimeout_Config), (14 bytes).
    Removing stm32f0xx_hal_uart.o(i.HAL_UART_RxCpltCallback), (2 bytes).
    Removing stm32f0xx_hal_uart.o(i.HAL_UART_RxHalfCpltCallback), (2 bytes).
    Removing stm32f0xx_hal_uart.o(i.HAL_UART_Transmit_DMA), (180 bytes).
    Removing stm32f0xx_hal_uart.o(i.HAL_UART_Transmit_IT), (128 bytes).
    Removing stm32f0xx_hal_uart.o(i.HAL_UART_TxCpltCallback), (2 bytes).
    Removing stm32f0xx_hal_uart.o(i.HAL_UART_TxHalfCpltCallback), (2 bytes).
    Removing stm32f0xx_hal_uart.o(i.UART_DMAError), (76 bytes).
    Removing stm32f0xx_hal_uart.o(i.UART_DMAReceiveCplt), (150 bytes).
    Removing stm32f0xx_hal_uart.o(i.UART_DMARxAbortCallback), (66 bytes).
    Removing stm32f0xx_hal_uart.o(i.UART_DMARxHalfCplt), (32 bytes).
    Removing stm32f0xx_hal_uart.o(i.UART_DMARxOnlyAbortCallback), (40 bytes).
    Removing stm32f0xx_hal_uart.o(i.UART_DMATransmitCplt), (74 bytes).
    Removing stm32f0xx_hal_uart.o(i.UART_DMATxAbortCallback), (54 bytes).
    Removing stm32f0xx_hal_uart.o(i.UART_DMATxHalfCplt), (10 bytes).
    Removing stm32f0xx_hal_uart.o(i.UART_DMATxOnlyAbortCallback), (20 bytes).
    Removing stm32f0xx_hal_uart.o(i.UART_EndTxTransfer), (32 bytes).
    Removing stm32f0xx_hal_uart.o(i.UART_Start_Receive_DMA), (176 bytes).
    Removing stm32f0xx_hal_uart.o(i.UART_TxISR_16BIT), (94 bytes).
    Removing stm32f0xx_hal_uart.o(i.UART_TxISR_8BIT), (90 bytes).
    Removing stm32f0xx_hal_uart_ex.o(.rev16_text), (4 bytes).
    Removing stm32f0xx_hal_uart_ex.o(.revsh_text), (4 bytes).
    Removing stm32f0xx_hal_uart_ex.o(i.HAL_MultiProcessorEx_AddressLength_Set), (52 bytes).
    Removing stm32f0xx_hal_uart_ex.o(i.HAL_UARTEx_GetRxEventType), (4 bytes).
    Removing stm32f0xx_hal_uart_ex.o(i.HAL_UARTEx_ReceiveToIdle), (332 bytes).
    Removing stm32f0xx_hal_uart_ex.o(i.HAL_UARTEx_ReceiveToIdle_DMA), (112 bytes).
    Removing stm32f0xx_hal_uart_ex.o(i.HAL_UARTEx_ReceiveToIdle_IT), (112 bytes).
    Removing system_stm32f0xx.o(.rev16_text), (4 bytes).
    Removing system_stm32f0xx.o(.revsh_text), (4 bytes).
    Removing system_stm32f0xx.o(i.SystemCoreClockUpdate), (124 bytes).
    Removing dadd.o(.text), (356 bytes).
    Removing dmul.o(.text), (208 bytes).
    Removing ddiv.o(.text), (240 bytes).
    Removing dfixul.o(.text), (64 bytes).
    Removing cdrcmple.o(.text), (40 bytes).
    Removing depilogue.o(.text), (190 bytes).
    Removing depilogue.o(i.__ARM_clz), (46 bytes).

543 unused section(s) (total 46026 bytes) removed from the image.

==============================================================================

Image Symbol Table

    Local Symbols

    Symbol Name                              Value     Ov Type        Size  Object(Section)

    ../Core/Src/main.c                       0x00000000   Number         0  main.o ABSOLUTE
    ../Core/Src/stm32f0xx_hal_msp.c          0x00000000   Number         0  stm32f0xx_hal_msp.o ABSOLUTE
    ../Core/Src/stm32f0xx_it.c               0x00000000   Number         0  stm32f0xx_it.o ABSOLUTE
    ../Core/Src/system_stm32f0xx.c           0x00000000   Number         0  system_stm32f0xx.o ABSOLUTE
    ../Drivers/STM32F0xx_HAL_Driver/Src/stm32f0xx_hal.c 0x00000000   Number         0  stm32f0xx_hal.o ABSOLUTE
    ../Drivers/STM32F0xx_HAL_Driver/Src/stm32f0xx_hal_adc.c 0x00000000   Number         0  stm32f0xx_hal_adc.o ABSOLUTE
    ../Drivers/STM32F0xx_HAL_Driver/Src/stm32f0xx_hal_adc_ex.c 0x00000000   Number         0  stm32f0xx_hal_adc_ex.o ABSOLUTE
    ../Drivers/STM32F0xx_HAL_Driver/Src/stm32f0xx_hal_cortex.c 0x00000000   Number         0  stm32f0xx_hal_cortex.o ABSOLUTE
    ../Drivers/STM32F0xx_HAL_Driver/Src/stm32f0xx_hal_crc.c 0x00000000   Number         0  stm32f0xx_hal_crc.o ABSOLUTE
    ../Drivers/STM32F0xx_HAL_Driver/Src/stm32f0xx_hal_crc_ex.c 0x00000000   Number         0  stm32f0xx_hal_crc_ex.o ABSOLUTE
    ../Drivers/STM32F0xx_HAL_Driver/Src/stm32f0xx_hal_dma.c 0x00000000   Number         0  stm32f0xx_hal_dma.o ABSOLUTE
    ../Drivers/STM32F0xx_HAL_Driver/Src/stm32f0xx_hal_exti.c 0x00000000   Number         0  stm32f0xx_hal_exti.o ABSOLUTE
    ../Drivers/STM32F0xx_HAL_Driver/Src/stm32f0xx_hal_flash.c 0x00000000   Number         0  stm32f0xx_hal_flash.o ABSOLUTE
    ../Drivers/STM32F0xx_HAL_Driver/Src/stm32f0xx_hal_flash_ex.c 0x00000000   Number         0  stm32f0xx_hal_flash_ex.o ABSOLUTE
    ../Drivers/STM32F0xx_HAL_Driver/Src/stm32f0xx_hal_gpio.c 0x00000000   Number         0  stm32f0xx_hal_gpio.o ABSOLUTE
    ../Drivers/STM32F0xx_HAL_Driver/Src/stm32f0xx_hal_i2c.c 0x00000000   Number         0  stm32f0xx_hal_i2c.o ABSOLUTE
    ../Drivers/STM32F0xx_HAL_Driver/Src/stm32f0xx_hal_i2c_ex.c 0x00000000   Number         0  stm32f0xx_hal_i2c_ex.o ABSOLUTE
    ../Drivers/STM32F0xx_HAL_Driver/Src/stm32f0xx_hal_iwdg.c 0x00000000   Number         0  stm32f0xx_hal_iwdg.o ABSOLUTE
    ../Drivers/STM32F0xx_HAL_Driver/Src/stm32f0xx_hal_pwr.c 0x00000000   Number         0  stm32f0xx_hal_pwr.o ABSOLUTE
    ../Drivers/STM32F0xx_HAL_Driver/Src/stm32f0xx_hal_pwr_ex.c 0x00000000   Number         0  stm32f0xx_hal_pwr_ex.o ABSOLUTE
    ../Drivers/STM32F0xx_HAL_Driver/Src/stm32f0xx_hal_rcc.c 0x00000000   Number         0  stm32f0xx_hal_rcc.o ABSOLUTE
    ../Drivers/STM32F0xx_HAL_Driver/Src/stm32f0xx_hal_rcc_ex.c 0x00000000   Number         0  stm32f0xx_hal_rcc_ex.o ABSOLUTE
    ../Drivers/STM32F0xx_HAL_Driver/Src/stm32f0xx_hal_tim.c 0x00000000   Number         0  stm32f0xx_hal_tim.o ABSOLUTE
    ../Drivers/STM32F0xx_HAL_Driver/Src/stm32f0xx_hal_tim_ex.c 0x00000000   Number         0  stm32f0xx_hal_tim_ex.o ABSOLUTE
    ../Drivers/STM32F0xx_HAL_Driver/Src/stm32f0xx_hal_uart.c 0x00000000   Number         0  stm32f0xx_hal_uart.o ABSOLUTE
    ../Drivers/STM32F0xx_HAL_Driver/Src/stm32f0xx_hal_uart_ex.c 0x00000000   Number         0  stm32f0xx_hal_uart_ex.o ABSOLUTE
    ../clib/microlib/division.c              0x00000000   Number         0  uidiv.o ABSOLUTE
    ../clib/microlib/division.c              0x00000000   Number         0  uldiv.o ABSOLUTE
    ../clib/microlib/init/entry.s            0x00000000   Number         0  entry5.o ABSOLUTE
    ../clib/microlib/init/entry.s            0x00000000   Number         0  entry7a.o ABSOLUTE
    ../clib/microlib/init/entry.s            0x00000000   Number         0  entry7b.o ABSOLUTE
    ../clib/microlib/init/entry.s            0x00000000   Number         0  entry8a.o ABSOLUTE
    ../clib/microlib/init/entry.s            0x00000000   Number         0  entry8b.o ABSOLUTE
    ../clib/microlib/init/entry.s            0x00000000   Number         0  entry9a.o ABSOLUTE
    ../clib/microlib/init/entry.s            0x00000000   Number         0  entry9b.o ABSOLUTE
    ../clib/microlib/init/entry.s            0x00000000   Number         0  entry10a.o ABSOLUTE
    ../clib/microlib/init/entry.s            0x00000000   Number         0  entry11b.o ABSOLUTE
    ../clib/microlib/init/entry.s            0x00000000   Number         0  entry10b.o ABSOLUTE
    ../clib/microlib/init/entry.s            0x00000000   Number         0  entry11a.o ABSOLUTE
    ../clib/microlib/init/entry.s            0x00000000   Number         0  entry.o ABSOLUTE
    ../clib/microlib/init/entry.s            0x00000000   Number         0  entry2.o ABSOLUTE
    ../clib/microlib/longlong.c              0x00000000   Number         0  llshl.o ABSOLUTE
    ../clib/microlib/longlong.c              0x00000000   Number         0  llsshr.o ABSOLUTE
    ../clib/microlib/longlong.c              0x00000000   Number         0  llushr.o ABSOLUTE
    ../clib/microlib/malloc/malloc.c         0x00000000   Number         0  malloc.o ABSOLUTE
    ../clib/microlib/malloc/malloc.c         0x00000000   Number         0  mallocr.o ABSOLUTE
    ../clib/microlib/malloc/malloc.c         0x00000000   Number         0  mallocra.o ABSOLUTE
    ../clib/microlib/malloc/malloc.c         0x00000000   Number         0  malloca.o ABSOLUTE
    ../clib/microlib/malloc/mvars.c          0x00000000   Number         0  mvars.o ABSOLUTE
    ../clib/microlib/printf/printf.c         0x00000000   Number         0  printf5.o ABSOLUTE
    ../clib/microlib/printf/printf.c         0x00000000   Number         0  printf4.o ABSOLUTE
    ../clib/microlib/printf/printf.c         0x00000000   Number         0  printf3.o ABSOLUTE
    ../clib/microlib/printf/printf.c         0x00000000   Number         0  printf2.o ABSOLUTE
    ../clib/microlib/printf/printf.c         0x00000000   Number         0  printf0.o ABSOLUTE
    ../clib/microlib/printf/printf.c         0x00000000   Number         0  printfb.o ABSOLUTE
    ../clib/microlib/printf/printf.c         0x00000000   Number         0  printf1.o ABSOLUTE
    ../clib/microlib/printf/printf.c         0x00000000   Number         0  printfa.o ABSOLUTE
    ../clib/microlib/printf/printf.c         0x00000000   Number         0  printf8.o ABSOLUTE
    ../clib/microlib/printf/printf.c         0x00000000   Number         0  printf7.o ABSOLUTE
    ../clib/microlib/printf/printf.c         0x00000000   Number         0  printf6.o ABSOLUTE
    ../clib/microlib/printf/stubs.s          0x00000000   Number         0  stubs.o ABSOLUTE
    ../clib/microlib/stdio/fputc.c           0x00000000   Number         0  fputc.o ABSOLUTE
    ../clib/microlib/stdio/semi.s            0x00000000   Number         0  semi.o ABSOLUTE
    ../clib/microlib/stdio/streams.c         0x00000000   Number         0  stdout.o ABSOLUTE
    ../clib/microlib/string/memcpy.c         0x00000000   Number         0  memcpya.o ABSOLUTE
    ../clib/microlib/string/memcpy.c         0x00000000   Number         0  memcpyb.o ABSOLUTE
    ../clib/microlib/string/memset.c         0x00000000   Number         0  memseta.o ABSOLUTE
    ../clib/microlib/stubs.s                 0x00000000   Number         0  iusefp.o ABSOLUTE
    ../clib/microlib/stubs.s                 0x00000000   Number         0  iusesemip.o ABSOLUTE
    ../fplib/microlib/fpadd.c                0x00000000   Number         0  dadd.o ABSOLUTE
    ../fplib/microlib/fpdiv.c                0x00000000   Number         0  ddiv.o ABSOLUTE
    ../fplib/microlib/fpepilogue.c           0x00000000   Number         0  depilogue.o ABSOLUTE
    ../fplib/microlib/fpfix.c                0x00000000   Number         0  dfixul.o ABSOLUTE
    ../fplib/microlib/fpmul.c                0x00000000   Number         0  dmul.o ABSOLUTE
    ..\Common\common.c                       0x00000000   Number         0  common.o ABSOLUTE
    ..\Core\Src\main.c                       0x00000000   Number         0  main.o ABSOLUTE
    ..\Core\Src\stm32f0xx_hal_msp.c          0x00000000   Number         0  stm32f0xx_hal_msp.o ABSOLUTE
    ..\Core\Src\stm32f0xx_it.c               0x00000000   Number         0  stm32f0xx_it.o ABSOLUTE
    ..\Core\Src\system_stm32f0xx.c           0x00000000   Number         0  system_stm32f0xx.o ABSOLUTE
    ..\Drivers\STM32F0xx_HAL_Driver\Src\stm32f0xx_hal.c 0x00000000   Number         0  stm32f0xx_hal.o ABSOLUTE
    ..\Drivers\STM32F0xx_HAL_Driver\Src\stm32f0xx_hal_adc.c 0x00000000   Number         0  stm32f0xx_hal_adc.o ABSOLUTE
    ..\Drivers\STM32F0xx_HAL_Driver\Src\stm32f0xx_hal_adc_ex.c 0x00000000   Number         0  stm32f0xx_hal_adc_ex.o ABSOLUTE
    ..\Drivers\STM32F0xx_HAL_Driver\Src\stm32f0xx_hal_cortex.c 0x00000000   Number         0  stm32f0xx_hal_cortex.o ABSOLUTE
    ..\Drivers\STM32F0xx_HAL_Driver\Src\stm32f0xx_hal_crc.c 0x00000000   Number         0  stm32f0xx_hal_crc.o ABSOLUTE
    ..\Drivers\STM32F0xx_HAL_Driver\Src\stm32f0xx_hal_crc_ex.c 0x00000000   Number         0  stm32f0xx_hal_crc_ex.o ABSOLUTE
    ..\Drivers\STM32F0xx_HAL_Driver\Src\stm32f0xx_hal_dma.c 0x00000000   Number         0  stm32f0xx_hal_dma.o ABSOLUTE
    ..\Drivers\STM32F0xx_HAL_Driver\Src\stm32f0xx_hal_exti.c 0x00000000   Number         0  stm32f0xx_hal_exti.o ABSOLUTE
    ..\Drivers\STM32F0xx_HAL_Driver\Src\stm32f0xx_hal_flash.c 0x00000000   Number         0  stm32f0xx_hal_flash.o ABSOLUTE
    ..\Drivers\STM32F0xx_HAL_Driver\Src\stm32f0xx_hal_flash_ex.c 0x00000000   Number         0  stm32f0xx_hal_flash_ex.o ABSOLUTE
    ..\Drivers\STM32F0xx_HAL_Driver\Src\stm32f0xx_hal_gpio.c 0x00000000   Number         0  stm32f0xx_hal_gpio.o ABSOLUTE
    ..\Drivers\STM32F0xx_HAL_Driver\Src\stm32f0xx_hal_i2c.c 0x00000000   Number         0  stm32f0xx_hal_i2c.o ABSOLUTE
    ..\Drivers\STM32F0xx_HAL_Driver\Src\stm32f0xx_hal_i2c_ex.c 0x00000000   Number         0  stm32f0xx_hal_i2c_ex.o ABSOLUTE
    ..\Drivers\STM32F0xx_HAL_Driver\Src\stm32f0xx_hal_iwdg.c 0x00000000   Number         0  stm32f0xx_hal_iwdg.o ABSOLUTE
    ..\Drivers\STM32F0xx_HAL_Driver\Src\stm32f0xx_hal_pwr.c 0x00000000   Number         0  stm32f0xx_hal_pwr.o ABSOLUTE
    ..\Drivers\STM32F0xx_HAL_Driver\Src\stm32f0xx_hal_pwr_ex.c 0x00000000   Number         0  stm32f0xx_hal_pwr_ex.o ABSOLUTE
    ..\Drivers\STM32F0xx_HAL_Driver\Src\stm32f0xx_hal_rcc.c 0x00000000   Number         0  stm32f0xx_hal_rcc.o ABSOLUTE
    ..\Drivers\STM32F0xx_HAL_Driver\Src\stm32f0xx_hal_rcc_ex.c 0x00000000   Number         0  stm32f0xx_hal_rcc_ex.o ABSOLUTE
    ..\Drivers\STM32F0xx_HAL_Driver\Src\stm32f0xx_hal_tim.c 0x00000000   Number         0  stm32f0xx_hal_tim.o ABSOLUTE
    ..\Drivers\STM32F0xx_HAL_Driver\Src\stm32f0xx_hal_tim_ex.c 0x00000000   Number         0  stm32f0xx_hal_tim_ex.o ABSOLUTE
    ..\Drivers\STM32F0xx_HAL_Driver\Src\stm32f0xx_hal_uart.c 0x00000000   Number         0  stm32f0xx_hal_uart.o ABSOLUTE
    ..\Drivers\STM32F0xx_HAL_Driver\Src\stm32f0xx_hal_uart_ex.c 0x00000000   Number         0  stm32f0xx_hal_uart_ex.o ABSOLUTE
    ..\Middlewares\TinyFrame\TinyFrame.c     0x00000000   Number         0  tinyframe.o ABSOLUTE
    ..\\Common\\common.c                     0x00000000   Number         0  common.o ABSOLUTE
    ..\\Middlewares\\TinyFrame\\TinyFrame.c  0x00000000   Number         0  tinyframe.o ABSOLUTE
    cdrcmple.s                               0x00000000   Number         0  cdrcmple.o ABSOLUTE
    dc.s                                     0x00000000   Number         0  dc.o ABSOLUTE
    handlers.s                               0x00000000   Number         0  handlers.o ABSOLUTE
    init.s                                   0x00000000   Number         0  init.o ABSOLUTE
    startup_stm32f030x6.s                    0x00000000   Number         0  startup_stm32f030x6.o ABSOLUTE
    RESET                                    0x08000000   Section      176  startup_stm32f030x6.o(RESET)
    .ARM.Collect$$$$00000000                 0x080000b0   Section        0  entry.o(.ARM.Collect$$$$00000000)
    .ARM.Collect$$$$00000001                 0x080000b0   Section        4  entry2.o(.ARM.Collect$$$$00000001)
    .ARM.Collect$$$$00000004                 0x080000b4   Section        4  entry5.o(.ARM.Collect$$$$00000004)
    .ARM.Collect$$$$00000008                 0x080000b8   Section        0  entry7b.o(.ARM.Collect$$$$00000008)
    .ARM.Collect$$$$0000000A                 0x080000b8   Section        0  entry8b.o(.ARM.Collect$$$$0000000A)
    .ARM.Collect$$$$0000000B                 0x080000b8   Section        8  entry9a.o(.ARM.Collect$$$$0000000B)
    .ARM.Collect$$$$0000000D                 0x080000c0   Section        0  entry10a.o(.ARM.Collect$$$$0000000D)
    .ARM.Collect$$$$0000000F                 0x080000c0   Section        0  entry11a.o(.ARM.Collect$$$$0000000F)
    .ARM.Collect$$$$00002712                 0x080000c0   Section        4  entry2.o(.ARM.Collect$$$$00002712)
    __lit__00000000                          0x080000c0   Data           4  entry2.o(.ARM.Collect$$$$00002712)
    .text                                    0x080000c4   Section       28  startup_stm32f030x6.o(.text)
    .text                                    0x080000e0   Section        0  uidiv.o(.text)
    .text                                    0x0800010c   Section        0  uldiv.o(.text)
    .text                                    0x0800016c   Section        0  llushr.o(.text)
    .text                                    0x0800018e   Section        0  memseta.o(.text)
    .text                                    0x080001b2   Section        0  llshl.o(.text)
    .text                                    0x080001d4   Section       36  init.o(.text)
    i.ADC3_Read                              0x080001f8   Section        0  main.o(i.ADC3_Read)
    ADC3_Read                                0x080001f9   Thumb Code   390  main.o(i.ADC3_Read)
    i.ADC_Enable                             0x0800038c   Section        0  stm32f0xx_hal_adc.o(i.ADC_Enable)
    ADC_Enable                               0x0800038d   Thumb Code   152  stm32f0xx_hal_adc.o(i.ADC_Enable)
    i.EXTI0_1_IRQHandler                     0x08000430   Section        0  stm32f0xx_it.o(i.EXTI0_1_IRQHandler)
    i.Error_Handler                          0x0800043c   Section        0  main.o(i.Error_Handler)
    i.Error_Signal                           0x0800046c   Section        0  main.o(i.Error_Signal)
    Error_Signal                             0x0800046d   Thumb Code   470  main.o(i.Error_Signal)
    i.HAL_ADC_ConfigChannel                  0x08000648   Section        0  stm32f0xx_hal_adc.o(i.HAL_ADC_ConfigChannel)
    i.HAL_ADC_GetValue                       0x08000760   Section        0  stm32f0xx_hal_adc.o(i.HAL_ADC_GetValue)
    i.HAL_ADC_Init                           0x08000768   Section        0  stm32f0xx_hal_adc.o(i.HAL_ADC_Init)
    i.HAL_ADC_MspDeInit                      0x080008e0   Section        0  stm32f0xx_hal_msp.o(i.HAL_ADC_MspDeInit)
    i.HAL_ADC_MspInit                        0x08000908   Section        0  stm32f0xx_hal_msp.o(i.HAL_ADC_MspInit)
    i.HAL_ADC_PollForConversion              0x08000960   Section        0  stm32f0xx_hal_adc.o(i.HAL_ADC_PollForConversion)
    i.HAL_ADC_Start                          0x08000a28   Section        0  stm32f0xx_hal_adc.o(i.HAL_ADC_Start)
    i.HAL_CRC_Init                           0x08000a88   Section        0  stm32f0xx_hal_crc.o(i.HAL_CRC_Init)
    i.HAL_CRC_MspDeInit                      0x08000ae4   Section        0  stm32f0xx_hal_msp.o(i.HAL_CRC_MspDeInit)
    i.HAL_CRC_MspInit                        0x08000b00   Section        0  stm32f0xx_hal_msp.o(i.HAL_CRC_MspInit)
    i.HAL_DMA_Abort                          0x08000b24   Section        0  stm32f0xx_hal_dma.o(i.HAL_DMA_Abort)
    i.HAL_DMA_Abort_IT                       0x08000b64   Section        0  stm32f0xx_hal_dma.o(i.HAL_DMA_Abort_IT)
    i.HAL_DMA_GetError                       0x08000bac   Section        0  stm32f0xx_hal_dma.o(i.HAL_DMA_GetError)
    i.HAL_DeInit                             0x08000bb0   Section        0  stm32f0xx_hal.o(i.HAL_DeInit)
    i.HAL_Delay                              0x08000bd4   Section        0  stm32f0xx_hal.o(i.HAL_Delay)
    i.HAL_GPIO_DeInit                        0x08000bf8   Section        0  stm32f0xx_hal_gpio.o(i.HAL_GPIO_DeInit)
    i.HAL_GPIO_EXTI_Callback                 0x08000cc4   Section        0  main.o(i.HAL_GPIO_EXTI_Callback)
    i.HAL_GPIO_EXTI_IRQHandler               0x08000d10   Section        0  stm32f0xx_hal_gpio.o(i.HAL_GPIO_EXTI_IRQHandler)
    i.HAL_GPIO_Init                          0x08000d28   Section        0  stm32f0xx_hal_gpio.o(i.HAL_GPIO_Init)
    i.HAL_GPIO_ReadPin                       0x08000e80   Section        0  stm32f0xx_hal_gpio.o(i.HAL_GPIO_ReadPin)
    i.HAL_GPIO_TogglePin                     0x08000e8e   Section        0  stm32f0xx_hal_gpio.o(i.HAL_GPIO_TogglePin)
    i.HAL_GPIO_WritePin                      0x08000e9e   Section        0  stm32f0xx_hal_gpio.o(i.HAL_GPIO_WritePin)
    i.HAL_GetTick                            0x08000eac   Section        0  stm32f0xx_hal.o(i.HAL_GetTick)
    i.HAL_IncTick                            0x08000eb8   Section        0  stm32f0xx_hal.o(i.HAL_IncTick)
    i.HAL_Init                               0x08000ec8   Section        0  stm32f0xx_hal.o(i.HAL_Init)
    i.HAL_InitTick                           0x08000ee8   Section        0  stm32f0xx_hal.o(i.HAL_InitTick)
    i.HAL_MspDeInit                          0x08000f30   Section        0  stm32f0xx_hal.o(i.HAL_MspDeInit)
    i.HAL_MspInit                            0x08000f34   Section        0  stm32f0xx_hal_msp.o(i.HAL_MspInit)
    i.HAL_NVIC_DisableIRQ                    0x08000f5c   Section        0  stm32f0xx_hal_cortex.o(i.HAL_NVIC_DisableIRQ)
    i.HAL_NVIC_EnableIRQ                     0x08000f7c   Section        0  stm32f0xx_hal_cortex.o(i.HAL_NVIC_EnableIRQ)
    i.HAL_NVIC_SetPriority                   0x08000f94   Section        0  stm32f0xx_hal_cortex.o(i.HAL_NVIC_SetPriority)
    i.HAL_NVIC_SystemReset                   0x08000f9c   Section        0  stm32f0xx_hal_cortex.o(i.HAL_NVIC_SystemReset)
    i.HAL_RCCEx_PeriphCLKConfig              0x08000fb8   Section        0  stm32f0xx_hal_rcc_ex.o(i.HAL_RCCEx_PeriphCLKConfig)
    i.HAL_RCC_ClockConfig                    0x080010a8   Section        0  stm32f0xx_hal_rcc.o(i.HAL_RCC_ClockConfig)
    i.HAL_RCC_GetHCLKFreq                    0x080011c8   Section        0  stm32f0xx_hal_rcc.o(i.HAL_RCC_GetHCLKFreq)
    i.HAL_RCC_GetPCLK1Freq                   0x080011d4   Section        0  stm32f0xx_hal_rcc.o(i.HAL_RCC_GetPCLK1Freq)
    i.HAL_RCC_GetSysClockFreq                0x080011f4   Section        0  stm32f0xx_hal_rcc.o(i.HAL_RCC_GetSysClockFreq)
    i.HAL_RCC_OscConfig                      0x0800124c   Section        0  stm32f0xx_hal_rcc.o(i.HAL_RCC_OscConfig)
    i.HAL_RS485Ex_Init                       0x08001668   Section        0  stm32f0xx_hal_uart_ex.o(i.HAL_RS485Ex_Init)
    i.HAL_SYSTICK_Config                     0x080016f8   Section        0  stm32f0xx_hal_cortex.o(i.HAL_SYSTICK_Config)
    i.HAL_TIMEx_BreakCallback                0x08001728   Section        0  stm32f0xx_hal_tim_ex.o(i.HAL_TIMEx_BreakCallback)
    i.HAL_TIMEx_CommutCallback               0x0800172a   Section        0  stm32f0xx_hal_tim_ex.o(i.HAL_TIMEx_CommutCallback)
    i.HAL_TIM_Base_Init                      0x0800172c   Section        0  stm32f0xx_hal_tim.o(i.HAL_TIM_Base_Init)
    i.HAL_TIM_Base_MspDeInit                 0x08001778   Section        0  stm32f0xx_hal_msp.o(i.HAL_TIM_Base_MspDeInit)
    i.HAL_TIM_Base_MspInit                   0x0800179c   Section        0  stm32f0xx_hal_msp.o(i.HAL_TIM_Base_MspInit)
    i.HAL_TIM_Base_Start_IT                  0x080017d0   Section        0  stm32f0xx_hal_tim.o(i.HAL_TIM_Base_Start_IT)
    i.HAL_TIM_Base_Stop_IT                   0x08001820   Section        0  stm32f0xx_hal_tim.o(i.HAL_TIM_Base_Stop_IT)
    i.HAL_TIM_IC_CaptureCallback             0x08001854   Section        0  stm32f0xx_hal_tim.o(i.HAL_TIM_IC_CaptureCallback)
    i.HAL_TIM_IRQHandler                     0x08001856   Section        0  stm32f0xx_hal_tim.o(i.HAL_TIM_IRQHandler)
    i.HAL_TIM_OC_DelayElapsedCallback        0x08001986   Section        0  stm32f0xx_hal_tim.o(i.HAL_TIM_OC_DelayElapsedCallback)
    i.HAL_TIM_PWM_PulseFinishedCallback      0x08001988   Section        0  stm32f0xx_hal_tim.o(i.HAL_TIM_PWM_PulseFinishedCallback)
    i.HAL_TIM_PeriodElapsedCallback          0x0800198c   Section        0  main.o(i.HAL_TIM_PeriodElapsedCallback)
    i.HAL_TIM_TriggerCallback                0x08001a1c   Section        0  stm32f0xx_hal_tim.o(i.HAL_TIM_TriggerCallback)
    i.HAL_UARTEx_RxEventCallback             0x08001a1e   Section        0  stm32f0xx_hal_uart.o(i.HAL_UARTEx_RxEventCallback)
    i.HAL_UART_AbortReceive                  0x08001a20   Section        0  stm32f0xx_hal_uart.o(i.HAL_UART_AbortReceive)
    i.HAL_UART_ErrorCallback                 0x08001ad8   Section        0  main.o(i.HAL_UART_ErrorCallback)
    i.HAL_UART_IRQHandler                    0x08001b14   Section        0  stm32f0xx_hal_uart.o(i.HAL_UART_IRQHandler)
    i.HAL_UART_MspDeInit                     0x08001da0   Section        0  stm32f0xx_hal_msp.o(i.HAL_UART_MspDeInit)
    i.HAL_UART_MspInit                       0x08001dd0   Section        0  stm32f0xx_hal_msp.o(i.HAL_UART_MspInit)
    i.HAL_UART_Receive_IT                    0x08001e40   Section        0  stm32f0xx_hal_uart.o(i.HAL_UART_Receive_IT)
    i.HAL_UART_RxCpltCallback                0x08001ea0   Section        0  main.o(i.HAL_UART_RxCpltCallback)
    i.HAL_UART_Transmit                      0x08001ecc   Section        0  stm32f0xx_hal_uart.o(i.HAL_UART_Transmit)
    i.HAL_UART_TxCpltCallback                0x08001fa0   Section        0  main.o(i.HAL_UART_TxCpltCallback)
    i.HardFault_Handler                      0x08001fa2   Section        0  stm32f0xx_it.o(i.HardFault_Handler)
    i.MX_CRC_Init                            0x08001fa4   Section        0  main.o(i.MX_CRC_Init)
    MX_CRC_Init                              0x08001fa5   Thumb Code    34  main.o(i.MX_CRC_Init)
    i.MX_IWDG_Init                           0x08001fd0   Section        0  main.o(i.MX_IWDG_Init)
    MX_IWDG_Init                             0x08001fd1   Thumb Code     2  main.o(i.MX_IWDG_Init)
    i.NMI_Handler                            0x08001fd2   Section        0  stm32f0xx_it.o(i.NMI_Handler)
    i.PendSV_Handler                         0x08001fd4   Section        0  stm32f0xx_it.o(i.PendSV_Handler)
    i.SVC_Handler                            0x08001fd6   Section        0  stm32f0xx_it.o(i.SVC_Handler)
    i.SysTick_Handler                        0x08001fd8   Section        0  stm32f0xx_it.o(i.SysTick_Handler)
    i.SystemInit                             0x08001fe0   Section        0  system_stm32f0xx.o(i.SystemInit)
    i.TF_CksumAdd                            0x08001fe4   Section        0  tinyframe.o(i.TF_CksumAdd)
    TF_CksumAdd                              0x08001fe5   Thumb Code    16  tinyframe.o(i.TF_CksumAdd)
    i.TF_CksumEnd                            0x08001ff8   Section        0  tinyframe.o(i.TF_CksumEnd)
    TF_CksumEnd                              0x08001ff9   Thumb Code     2  tinyframe.o(i.TF_CksumEnd)
    i.TF_CksumStart                          0x08001ffa   Section        0  tinyframe.o(i.TF_CksumStart)
    TF_CksumStart                            0x08001ffb   Thumb Code     4  tinyframe.o(i.TF_CksumStart)
    i.__scatterload_null                     0x08001ffe   Section        2  handlers.o(i.__scatterload_null)
    .ARM.__at_0x08002000                     0x08002000   Section        4  common.o(.ARM.__at_0x08002000)
    __tagsym$$used                           0x08002000   Number         0  common.o(.ARM.__at_0x08002000)
    .ARM.__at_0x08002004                     0x08002004   Section        4  common.o(.ARM.__at_0x08002004)
    __tagsym$$used                           0x08002004   Number         0  common.o(.ARM.__at_0x08002004)
    .ARM.__at_0x08002008                     0x08002008   Section        4  common.o(.ARM.__at_0x08002008)
    __tagsym$$used                           0x08002008   Number         0  common.o(.ARM.__at_0x08002008)
    .ARM.__at_0x0800200C                     0x0800200c   Section        4  common.o(.ARM.__at_0x0800200C)
    __tagsym$$used                           0x0800200c   Number         0  common.o(.ARM.__at_0x0800200C)
    i.MX_ADC_Init                            0x08002010   Section        0  main.o(i.MX_ADC_Init)
    MX_ADC_Init                              0x08002011   Thumb Code   134  main.o(i.MX_ADC_Init)
    i.MX_GPIO_Init                           0x080020a0   Section        0  main.o(i.MX_GPIO_Init)
    MX_GPIO_Init                             0x080020a1   Thumb Code   168  main.o(i.MX_GPIO_Init)
    i.MX_TIM14_Init                          0x08002154   Section        0  main.o(i.MX_TIM14_Init)
    MX_TIM14_Init                            0x08002155   Thumb Code    36  main.o(i.MX_TIM14_Init)
    i.MX_USART1_UART_Init                    0x08002184   Section        0  main.o(i.MX_USART1_UART_Init)
    MX_USART1_UART_Init                      0x08002185   Thumb Code    72  main.o(i.MX_USART1_UART_Init)
    i.RS485_Init                             0x080021d8   Section        0  main.o(i.RS485_Init)
    i.SOFTSTART_Listener                     0x08002220   Section        0  main.o(i.SOFTSTART_Listener)
    i.STATUS_Listener                        0x08002298   Section        0  main.o(i.STATUS_Listener)
    i.SystemClock_Config                     0x080022dc   Section        0  main.o(i.SystemClock_Config)
    i.TF_AcceptChar                          0x08002358   Section        0  tinyframe.o(i.TF_AcceptChar)
    i.TF_AddIdListener                       0x080024cc   Section        0  tinyframe.o(i.TF_AddIdListener)
    i.TF_AddTypeListener                     0x08002514   Section        0  tinyframe.o(i.TF_AddTypeListener)
    i.TF_ClaimTx                             0x0800254c   Section        0  tinyframe.o(i.TF_ClaimTx)
    TF_ClaimTx                               0x0800254d   Thumb Code    24  tinyframe.o(i.TF_ClaimTx)
    i.TF_ComposeHead                         0x08002564   Section        0  tinyframe.o(i.TF_ComposeHead)
    TF_ComposeHead                           0x08002565   Thumb Code   178  tinyframe.o(i.TF_ComposeHead)
    i.TF_HandleReceivedMessage               0x08002616   Section        0  tinyframe.o(i.TF_HandleReceivedMessage)
    TF_HandleReceivedMessage                 0x08002617   Thumb Code   284  tinyframe.o(i.TF_HandleReceivedMessage)
    i.TF_InitStatic                          0x08002732   Section        0  tinyframe.o(i.TF_InitStatic)
    i.TF_ReleaseTx                           0x08002758   Section        0  tinyframe.o(i.TF_ReleaseTx)
    TF_ReleaseTx                             0x08002759   Thumb Code    12  tinyframe.o(i.TF_ReleaseTx)
    i.TF_ResetParser                         0x08002764   Section        0  tinyframe.o(i.TF_ResetParser)
    i.TF_Respond                             0x0800276a   Section        0  tinyframe.o(i.TF_Respond)
    i.TF_Send                                0x08002776   Section        0  tinyframe.o(i.TF_Send)
    i.TF_SendFrame                           0x08002782   Section        0  tinyframe.o(i.TF_SendFrame)
    TF_SendFrame                             0x08002783   Thumb Code    52  tinyframe.o(i.TF_SendFrame)
    i.TF_SendFrame_Begin                     0x080027b8   Section        0  tinyframe.o(i.TF_SendFrame_Begin)
    TF_SendFrame_Begin                       0x080027b9   Thumb Code    92  tinyframe.o(i.TF_SendFrame_Begin)
    i.TF_SendFrame_Chunk                     0x08002818   Section        0  tinyframe.o(i.TF_SendFrame_Chunk)
    TF_SendFrame_Chunk                       0x08002819   Thumb Code   152  tinyframe.o(i.TF_SendFrame_Chunk)
    i.TF_SendFrame_End                       0x080028b4   Section        0  tinyframe.o(i.TF_SendFrame_End)
    TF_SendFrame_End                         0x080028b5   Thumb Code   116  tinyframe.o(i.TF_SendFrame_End)
    i.TF_WriteImpl                           0x0800292c   Section        0  main.o(i.TF_WriteImpl)
    i.TIM14_IRQHandler                       0x08002954   Section        0  stm32f0xx_it.o(i.TIM14_IRQHandler)
    i.TIM_Base_SetConfig                     0x08002964   Section        0  stm32f0xx_hal_tim.o(i.TIM_Base_SetConfig)
    i.UART_AdvFeatureConfig                  0x080029ec   Section        0  stm32f0xx_hal_uart.o(i.UART_AdvFeatureConfig)
    i.UART_CheckIdleState                    0x08002ab8   Section        0  stm32f0xx_hal_uart.o(i.UART_CheckIdleState)
    i.UART_DMAAbortOnError                   0x08002b80   Section        0  stm32f0xx_hal_uart.o(i.UART_DMAAbortOnError)
    UART_DMAAbortOnError                     0x08002b81   Thumb Code    20  stm32f0xx_hal_uart.o(i.UART_DMAAbortOnError)
    i.UART_EndRxTransfer                     0x08002b94   Section        0  stm32f0xx_hal_uart.o(i.UART_EndRxTransfer)
    UART_EndRxTransfer                       0x08002b95   Thumb Code    94  stm32f0xx_hal_uart.o(i.UART_EndRxTransfer)
    i.UART_EndTransmit_IT                    0x08002bf2   Section        0  stm32f0xx_hal_uart.o(i.UART_EndTransmit_IT)
    UART_EndTransmit_IT                      0x08002bf3   Thumb Code    40  stm32f0xx_hal_uart.o(i.UART_EndTransmit_IT)
    i.UART_RxISR_16BIT                       0x08002c1a   Section        0  stm32f0xx_hal_uart.o(i.UART_RxISR_16BIT)
    UART_RxISR_16BIT                         0x08002c1b   Thumb Code   208  stm32f0xx_hal_uart.o(i.UART_RxISR_16BIT)
    i.UART_RxISR_8BIT                        0x08002cea   Section        0  stm32f0xx_hal_uart.o(i.UART_RxISR_8BIT)
    UART_RxISR_8BIT                          0x08002ceb   Thumb Code   208  stm32f0xx_hal_uart.o(i.UART_RxISR_8BIT)
    i.UART_SetConfig                         0x08002dbc   Section        0  stm32f0xx_hal_uart.o(i.UART_SetConfig)
    i.UART_Start_Receive_IT                  0x08002ee8   Section        0  stm32f0xx_hal_uart.o(i.UART_Start_Receive_IT)
    i.UART_WaitOnFlagUntilTimeout            0x08002fac   Section        0  stm32f0xx_hal_uart.o(i.UART_WaitOnFlagUntilTimeout)
    i.USART1_IRQHandler                      0x0800304c   Section        0  stm32f0xx_it.o(i.USART1_IRQHandler)
    i.__ARM_common_ll_muluu                  0x0800305c   Section        0  stm32f0xx_hal_rcc.o(i.__ARM_common_ll_muluu)
    i.__ARM_common_switch8                   0x0800308c   Section        0  tinyframe.o(i.__ARM_common_switch8)
    i.__NVIC_SetPriority                     0x080030a8   Section        0  stm32f0xx_hal_cortex.o(i.__NVIC_SetPriority)
    __NVIC_SetPriority                       0x080030a9   Thumb Code    60  stm32f0xx_hal_cortex.o(i.__NVIC_SetPriority)
    i.__scatterload_copy                     0x080030ec   Section       14  handlers.o(i.__scatterload_copy)
    i.__scatterload_zeroinit                 0x080030fa   Section       14  handlers.o(i.__scatterload_zeroinit)
    i.cleanup_generic_listener               0x08003108   Section        0  tinyframe.o(i.cleanup_generic_listener)
    cleanup_generic_listener                 0x08003109   Thumb Code    22  tinyframe.o(i.cleanup_generic_listener)
    i.cleanup_id_listener                    0x0800311e   Section        0  tinyframe.o(i.cleanup_id_listener)
    cleanup_id_listener                      0x0800311f   Thumb Code    68  tinyframe.o(i.cleanup_id_listener)
    i.cleanup_type_listener                  0x08003162   Section        0  tinyframe.o(i.cleanup_type_listener)
    cleanup_type_listener                    0x08003163   Thumb Code    22  tinyframe.o(i.cleanup_type_listener)
    i.main                                   0x08003178   Section        0  main.o(i.main)
    i.pars_begin_frame                       0x0800345c   Section        0  tinyframe.o(i.pars_begin_frame)
    pars_begin_frame                         0x0800345d   Thumb Code    36  tinyframe.o(i.pars_begin_frame)
    .constdata                               0x08003480   Section      512  tinyframe.o(.constdata)
    crc16_table                              0x08003480   Data         512  tinyframe.o(.constdata)
    .constdata                               0x08003680   Section       32  stm32f0xx_hal_rcc.o(.constdata)
    aPLLMULFactorTable                       0x08003680   Data          16  stm32f0xx_hal_rcc.o(.constdata)
    aPredivFactorTable                       0x08003690   Data          16  stm32f0xx_hal_rcc.o(.constdata)
    .constdata                               0x080036a0   Section       16  system_stm32f0xx.o(.constdata)
    .constdata                               0x080036b0   Section        8  system_stm32f0xx.o(.constdata)
    .data                                    0x20000000   Section       56  main.o(.data)
    trigger1                                 0x20000007   Data           1  main.o(.data)
    trigger2                                 0x20000008   Data           1  main.o(.data)
    adc_cnt                                  0x2000000a   Data           1  main.o(.data)
    loctmr                                   0x2000001c   Data           4  main.o(.data)
    adc_timer                                0x20000020   Data           4  main.o(.data)
    .data                                    0x20000038   Section       12  stm32f0xx_hal.o(.data)
    .data                                    0x20000044   Section        4  system_stm32f0xx.o(.data)
    .bss                                     0x20000048   Section     2076  main.o(.bss)
    STACK                                    0x20000868   Section     1024  startup_stm32f030x6.o(STACK)

    Global Symbols

    Symbol Name                              Value     Ov Type        Size  Object(Section)

    BuildAttributes$$THM_ISAv3M$S$PE$A:L22$X:L11$S22$IEEE1$IW$USESV6$~STKCKD$USESV7$~SHL$OSPACE$ROPI$EBA8$MICROLIB$REQ8$PRES8$EABIv2 0x00000000   Number         0  anon$$obj.o ABSOLUTE
    __ARM_use_no_argv                        0x00000000   Number         0  main.o ABSOLUTE
    _printf_a                                0x00000000   Number         0  stubs.o ABSOLUTE
    _printf_c                                0x00000000   Number         0  stubs.o ABSOLUTE
    _printf_charcount                        0x00000000   Number         0  stubs.o ABSOLUTE
    _printf_d                                0x00000000   Number         0  stubs.o ABSOLUTE
    _printf_e                                0x00000000   Number         0  stubs.o ABSOLUTE
    _printf_f                                0x00000000   Number         0  stubs.o ABSOLUTE
    _printf_flags                            0x00000000   Number         0  stubs.o ABSOLUTE
    _printf_fp_dec                           0x00000000   Number         0  stubs.o ABSOLUTE
    _printf_fp_hex                           0x00000000   Number         0  stubs.o ABSOLUTE
    _printf_g                                0x00000000   Number         0  stubs.o ABSOLUTE
    _printf_i                                0x00000000   Number         0  stubs.o ABSOLUTE
    _printf_int_dec                          0x00000000   Number         0  stubs.o ABSOLUTE
    _printf_l                                0x00000000   Number         0  stubs.o ABSOLUTE
    _printf_lc                               0x00000000   Number         0  stubs.o ABSOLUTE
    _printf_ll                               0x00000000   Number         0  stubs.o ABSOLUTE
    _printf_lld                              0x00000000   Number         0  stubs.o ABSOLUTE
    _printf_lli                              0x00000000   Number         0  stubs.o ABSOLUTE
    _printf_llo                              0x00000000   Number         0  stubs.o ABSOLUTE
    _printf_llu                              0x00000000   Number         0  stubs.o ABSOLUTE
    _printf_llx                              0x00000000   Number         0  stubs.o ABSOLUTE
    _printf_longlong_dec                     0x00000000   Number         0  stubs.o ABSOLUTE
    _printf_longlong_hex                     0x00000000   Number         0  stubs.o ABSOLUTE
    _printf_longlong_oct                     0x00000000   Number         0  stubs.o ABSOLUTE
    _printf_ls                               0x00000000   Number         0  stubs.o ABSOLUTE
    _printf_mbtowc                           0x00000000   Number         0  stubs.o ABSOLUTE
    _printf_n                                0x00000000   Number         0  stubs.o ABSOLUTE
    _printf_o                                0x00000000   Number         0  stubs.o ABSOLUTE
    _printf_p                                0x00000000   Number         0  stubs.o ABSOLUTE
    _printf_percent                          0x00000000   Number         0  stubs.o ABSOLUTE
    _printf_pre_padding                      0x00000000   Number         0  stubs.o ABSOLUTE
    _printf_return_value                     0x00000000   Number         0  stubs.o ABSOLUTE
    _printf_s                                0x00000000   Number         0  stubs.o ABSOLUTE
    _printf_sizespec                         0x00000000   Number         0  stubs.o ABSOLUTE
    _printf_str                              0x00000000   Number         0  stubs.o ABSOLUTE
    _printf_truncate_signed                  0x00000000   Number         0  stubs.o ABSOLUTE
    _printf_truncate_unsigned                0x00000000   Number         0  stubs.o ABSOLUTE
    _printf_u                                0x00000000   Number         0  stubs.o ABSOLUTE
    _printf_wc                               0x00000000   Number         0  stubs.o ABSOLUTE
    _printf_wctomb                           0x00000000   Number         0  stubs.o ABSOLUTE
    _printf_widthprec                        0x00000000   Number         0  stubs.o ABSOLUTE
    _printf_x                                0x00000000   Number         0  stubs.o ABSOLUTE
    __cpp_initialize__aeabi_                  - Undefined Weak Reference
    __cxa_finalize                            - Undefined Weak Reference
    __decompress                              - Undefined Weak Reference
    _clock_init                               - Undefined Weak Reference
    _microlib_exit                            - Undefined Weak Reference
    __Vectors_Size                           0x000000b0   Number         0  startup_stm32f030x6.o ABSOLUTE
    __Vectors                                0x08000000   Data           4  startup_stm32f030x6.o(RESET)
    __Vectors_End                            0x080000b0   Data           0  startup_stm32f030x6.o(RESET)
    __main                                   0x080000b1   Thumb Code     0  entry.o(.ARM.Collect$$$$00000000)
    _main_stk                                0x080000b1   Thumb Code     0  entry2.o(.ARM.Collect$$$$00000001)
    _main_scatterload                        0x080000b5   Thumb Code     0  entry5.o(.ARM.Collect$$$$00000004)
    __main_after_scatterload                 0x080000b9   Thumb Code     0  entry5.o(.ARM.Collect$$$$00000004)
    _main_clock                              0x080000b9   Thumb Code     0  entry7b.o(.ARM.Collect$$$$00000008)
    _main_cpp_init                           0x080000b9   Thumb Code     0  entry8b.o(.ARM.Collect$$$$0000000A)
    _main_init                               0x080000b9   Thumb Code     0  entry9a.o(.ARM.Collect$$$$0000000B)
    __rt_final_cpp                           0x080000c1   Thumb Code     0  entry10a.o(.ARM.Collect$$$$0000000D)
    __rt_final_exit                          0x080000c1   Thumb Code     0  entry11a.o(.ARM.Collect$$$$0000000F)
    Reset_Handler                            0x080000c5   Thumb Code     8  startup_stm32f030x6.o(.text)
    ADC1_IRQHandler                          0x080000d7   Thumb Code     0  startup_stm32f030x6.o(.text)
    DMA1_Channel1_IRQHandler                 0x080000d7   Thumb Code     0  startup_stm32f030x6.o(.text)
    DMA1_Channel2_3_IRQHandler               0x080000d7   Thumb Code     0  startup_stm32f030x6.o(.text)
    DMA1_Channel4_5_IRQHandler               0x080000d7   Thumb Code     0  startup_stm32f030x6.o(.text)
    EXTI2_3_IRQHandler                       0x080000d7   Thumb Code     0  startup_stm32f030x6.o(.text)
    EXTI4_15_IRQHandler                      0x080000d7   Thumb Code     0  startup_stm32f030x6.o(.text)
    FLASH_IRQHandler                         0x080000d7   Thumb Code     0  startup_stm32f030x6.o(.text)
    I2C1_IRQHandler                          0x080000d7   Thumb Code     0  startup_stm32f030x6.o(.text)
    RCC_IRQHandler                           0x080000d7   Thumb Code     0  startup_stm32f030x6.o(.text)
    RTC_IRQHandler                           0x080000d7   Thumb Code     0  startup_stm32f030x6.o(.text)
    SPI1_IRQHandler                          0x080000d7   Thumb Code     0  startup_stm32f030x6.o(.text)
    TIM16_IRQHandler                         0x080000d7   Thumb Code     0  startup_stm32f030x6.o(.text)
    TIM17_IRQHandler                         0x080000d7   Thumb Code     0  startup_stm32f030x6.o(.text)
    TIM1_BRK_UP_TRG_COM_IRQHandler           0x080000d7   Thumb Code     0  startup_stm32f030x6.o(.text)
    TIM1_CC_IRQHandler                       0x080000d7   Thumb Code     0  startup_stm32f030x6.o(.text)
    TIM3_IRQHandler                          0x080000d7   Thumb Code     0  startup_stm32f030x6.o(.text)
    WWDG_IRQHandler                          0x080000d7   Thumb Code     0  startup_stm32f030x6.o(.text)
    __aeabi_uidiv                            0x080000e1   Thumb Code     0  uidiv.o(.text)
    __aeabi_uidivmod                         0x080000e1   Thumb Code    44  uidiv.o(.text)
    __aeabi_uldivmod                         0x0800010d   Thumb Code    96  uldiv.o(.text)
    __aeabi_llsr                             0x0800016d   Thumb Code    34  llushr.o(.text)
    _ll_ushift_r                             0x0800016d   Thumb Code     0  llushr.o(.text)
    __aeabi_memset                           0x0800018f   Thumb Code    14  memseta.o(.text)
    __aeabi_memset4                          0x0800018f   Thumb Code     0  memseta.o(.text)
    __aeabi_memset8                          0x0800018f   Thumb Code     0  memseta.o(.text)
    __aeabi_memclr                           0x0800019d   Thumb Code     4  memseta.o(.text)
    __aeabi_memclr4                          0x0800019d   Thumb Code     0  memseta.o(.text)
    __aeabi_memclr8                          0x0800019d   Thumb Code     0  memseta.o(.text)
    _memset$wrapper                          0x080001a1   Thumb Code    18  memseta.o(.text)
    __aeabi_llsl                             0x080001b3   Thumb Code    32  llshl.o(.text)
    _ll_shift_l                              0x080001b3   Thumb Code     0  llshl.o(.text)
    __scatterload                            0x080001d5   Thumb Code    28  init.o(.text)
    __scatterload_rt2                        0x080001d5   Thumb Code     0  init.o(.text)
    EXTI0_1_IRQHandler                       0x08000431   Thumb Code    10  stm32f0xx_it.o(i.EXTI0_1_IRQHandler)
    Error_Handler                            0x0800043d   Thumb Code    42  main.o(i.Error_Handler)
    HAL_ADC_ConfigChannel                    0x08000649   Thumb Code   262  stm32f0xx_hal_adc.o(i.HAL_ADC_ConfigChannel)
    HAL_ADC_GetValue                         0x08000761   Thumb Code     6  stm32f0xx_hal_adc.o(i.HAL_ADC_GetValue)
    HAL_ADC_Init                             0x08000769   Thumb Code   368  stm32f0xx_hal_adc.o(i.HAL_ADC_Init)
    HAL_ADC_MspDeInit                        0x080008e1   Thumb Code    32  stm32f0xx_hal_msp.o(i.HAL_ADC_MspDeInit)
    HAL_ADC_MspInit                          0x08000909   Thumb Code    78  stm32f0xx_hal_msp.o(i.HAL_ADC_MspInit)
    HAL_ADC_PollForConversion                0x08000961   Thumb Code   198  stm32f0xx_hal_adc.o(i.HAL_ADC_PollForConversion)
    HAL_ADC_Start                            0x08000a29   Thumb Code    90  stm32f0xx_hal_adc.o(i.HAL_ADC_Start)
    HAL_CRC_Init                             0x08000a89   Thumb Code    92  stm32f0xx_hal_crc.o(i.HAL_CRC_Init)
    HAL_CRC_MspDeInit                        0x08000ae5   Thumb Code    20  stm32f0xx_hal_msp.o(i.HAL_CRC_MspDeInit)
    HAL_CRC_MspInit                          0x08000b01   Thumb Code    28  stm32f0xx_hal_msp.o(i.HAL_CRC_MspInit)
    HAL_DMA_Abort                            0x08000b25   Thumb Code    64  stm32f0xx_hal_dma.o(i.HAL_DMA_Abort)
    HAL_DMA_Abort_IT                         0x08000b65   Thumb Code    72  stm32f0xx_hal_dma.o(i.HAL_DMA_Abort_IT)
    HAL_DMA_GetError                         0x08000bad   Thumb Code     4  stm32f0xx_hal_dma.o(i.HAL_DMA_GetError)
    HAL_DeInit                               0x08000bb1   Thumb Code    30  stm32f0xx_hal.o(i.HAL_DeInit)
    HAL_Delay                                0x08000bd5   Thumb Code    32  stm32f0xx_hal.o(i.HAL_Delay)
    HAL_GPIO_DeInit                          0x08000bf9   Thumb Code   184  stm32f0xx_hal_gpio.o(i.HAL_GPIO_DeInit)
    HAL_GPIO_EXTI_Callback                   0x08000cc5   Thumb Code    66  main.o(i.HAL_GPIO_EXTI_Callback)
    HAL_GPIO_EXTI_IRQHandler                 0x08000d11   Thumb Code    18  stm32f0xx_hal_gpio.o(i.HAL_GPIO_EXTI_IRQHandler)
    HAL_GPIO_Init                            0x08000d29   Thumb Code   318  stm32f0xx_hal_gpio.o(i.HAL_GPIO_Init)
    HAL_GPIO_ReadPin                         0x08000e81   Thumb Code    14  stm32f0xx_hal_gpio.o(i.HAL_GPIO_ReadPin)
    HAL_GPIO_TogglePin                       0x08000e8f   Thumb Code    16  stm32f0xx_hal_gpio.o(i.HAL_GPIO_TogglePin)
    HAL_GPIO_WritePin                        0x08000e9f   Thumb Code    12  stm32f0xx_hal_gpio.o(i.HAL_GPIO_WritePin)
    HAL_GetTick                              0x08000ead   Thumb Code     6  stm32f0xx_hal.o(i.HAL_GetTick)
    HAL_IncTick                              0x08000eb9   Thumb Code    12  stm32f0xx_hal.o(i.HAL_IncTick)
    HAL_Init                                 0x08000ec9   Thumb Code    26  stm32f0xx_hal.o(i.HAL_Init)
    HAL_InitTick                             0x08000ee9   Thumb Code    62  stm32f0xx_hal.o(i.HAL_InitTick)
    HAL_MspDeInit                            0x08000f31   Thumb Code     2  stm32f0xx_hal.o(i.HAL_MspDeInit)
    HAL_MspInit                              0x08000f35   Thumb Code    34  stm32f0xx_hal_msp.o(i.HAL_MspInit)
    HAL_NVIC_DisableIRQ                      0x08000f5d   Thumb Code    26  stm32f0xx_hal_cortex.o(i.HAL_NVIC_DisableIRQ)
    HAL_NVIC_EnableIRQ                       0x08000f7d   Thumb Code    18  stm32f0xx_hal_cortex.o(i.HAL_NVIC_EnableIRQ)
    HAL_NVIC_SetPriority                     0x08000f95   Thumb Code     8  stm32f0xx_hal_cortex.o(i.HAL_NVIC_SetPriority)
    HAL_NVIC_SystemReset                     0x08000f9d   Thumb Code    18  stm32f0xx_hal_cortex.o(i.HAL_NVIC_SystemReset)
    HAL_RCCEx_PeriphCLKConfig                0x08000fb9   Thumb Code   226  stm32f0xx_hal_rcc_ex.o(i.HAL_RCCEx_PeriphCLKConfig)
    HAL_RCC_ClockConfig                      0x080010a9   Thumb Code   266  stm32f0xx_hal_rcc.o(i.HAL_RCC_ClockConfig)
    HAL_RCC_GetHCLKFreq                      0x080011c9   Thumb Code     6  stm32f0xx_hal_rcc.o(i.HAL_RCC_GetHCLKFreq)
    HAL_RCC_GetPCLK1Freq                     0x080011d5   Thumb Code    22  stm32f0xx_hal_rcc.o(i.HAL_RCC_GetPCLK1Freq)
    HAL_RCC_GetSysClockFreq                  0x080011f5   Thumb Code    72  stm32f0xx_hal_rcc.o(i.HAL_RCC_GetSysClockFreq)
    HAL_RCC_OscConfig                        0x0800124d   Thumb Code  1052  stm32f0xx_hal_rcc.o(i.HAL_RCC_OscConfig)
    HAL_RS485Ex_Init                         0x08001669   Thumb Code   138  stm32f0xx_hal_uart_ex.o(i.HAL_RS485Ex_Init)
    HAL_SYSTICK_Config                       0x080016f9   Thumb Code    38  stm32f0xx_hal_cortex.o(i.HAL_SYSTICK_Config)
    HAL_TIMEx_BreakCallback                  0x08001729   Thumb Code     2  stm32f0xx_hal_tim_ex.o(i.HAL_TIMEx_BreakCallback)
    HAL_TIMEx_CommutCallback                 0x0800172b   Thumb Code     2  stm32f0xx_hal_tim_ex.o(i.HAL_TIMEx_CommutCallback)
    HAL_TIM_Base_Init                        0x0800172d   Thumb Code    74  stm32f0xx_hal_tim.o(i.HAL_TIM_Base_Init)
    HAL_TIM_Base_MspDeInit                   0x08001779   Thumb Code    28  stm32f0xx_hal_msp.o(i.HAL_TIM_Base_MspDeInit)
    HAL_TIM_Base_MspInit                     0x0800179d   Thumb Code    44  stm32f0xx_hal_msp.o(i.HAL_TIM_Base_MspInit)
    HAL_TIM_Base_Start_IT                    0x080017d1   Thumb Code    70  stm32f0xx_hal_tim.o(i.HAL_TIM_Base_Start_IT)
    HAL_TIM_Base_Stop_IT                     0x08001821   Thumb Code    46  stm32f0xx_hal_tim.o(i.HAL_TIM_Base_Stop_IT)
    HAL_TIM_IC_CaptureCallback               0x08001855   Thumb Code     2  stm32f0xx_hal_tim.o(i.HAL_TIM_IC_CaptureCallback)
    HAL_TIM_IRQHandler                       0x08001857   Thumb Code   304  stm32f0xx_hal_tim.o(i.HAL_TIM_IRQHandler)
    HAL_TIM_OC_DelayElapsedCallback          0x08001987   Thumb Code     2  stm32f0xx_hal_tim.o(i.HAL_TIM_OC_DelayElapsedCallback)
    HAL_TIM_PWM_PulseFinishedCallback        0x08001989   Thumb Code     2  stm32f0xx_hal_tim.o(i.HAL_TIM_PWM_PulseFinishedCallback)
    HAL_TIM_PeriodElapsedCallback            0x0800198d   Thumb Code   136  main.o(i.HAL_TIM_PeriodElapsedCallback)
    HAL_TIM_TriggerCallback                  0x08001a1d   Thumb Code     2  stm32f0xx_hal_tim.o(i.HAL_TIM_TriggerCallback)
    HAL_UARTEx_RxEventCallback               0x08001a1f   Thumb Code     2  stm32f0xx_hal_uart.o(i.HAL_UARTEx_RxEventCallback)
    HAL_UART_AbortReceive                    0x08001a21   Thumb Code   184  stm32f0xx_hal_uart.o(i.HAL_UART_AbortReceive)
    HAL_UART_ErrorCallback                   0x08001ad9   Thumb Code    52  main.o(i.HAL_UART_ErrorCallback)
    HAL_UART_IRQHandler                      0x08001b15   Thumb Code   640  stm32f0xx_hal_uart.o(i.HAL_UART_IRQHandler)
    HAL_UART_MspDeInit                       0x08001da1   Thumb Code    40  stm32f0xx_hal_msp.o(i.HAL_UART_MspDeInit)
    HAL_UART_MspInit                         0x08001dd1   Thumb Code   104  stm32f0xx_hal_msp.o(i.HAL_UART_MspInit)
    HAL_UART_Receive_IT                      0x08001e41   Thumb Code    94  stm32f0xx_hal_uart.o(i.HAL_UART_Receive_IT)
    HAL_UART_RxCpltCallback                  0x08001ea1   Thumb Code    36  main.o(i.HAL_UART_RxCpltCallback)
    HAL_UART_Transmit                        0x08001ecd   Thumb Code   212  stm32f0xx_hal_uart.o(i.HAL_UART_Transmit)
    HAL_UART_TxCpltCallback                  0x08001fa1   Thumb Code     2  main.o(i.HAL_UART_TxCpltCallback)
    HardFault_Handler                        0x08001fa3   Thumb Code     2  stm32f0xx_it.o(i.HardFault_Handler)
    NMI_Handler                              0x08001fd3   Thumb Code     2  stm32f0xx_it.o(i.NMI_Handler)
    PendSV_Handler                           0x08001fd5   Thumb Code     2  stm32f0xx_it.o(i.PendSV_Handler)
    SVC_Handler                              0x08001fd7   Thumb Code     2  stm32f0xx_it.o(i.SVC_Handler)
    SysTick_Handler                          0x08001fd9   Thumb Code     8  stm32f0xx_it.o(i.SysTick_Handler)
    SystemInit                               0x08001fe1   Thumb Code     2  system_stm32f0xx.o(i.SystemInit)
    __scatterload_null                       0x08001fff   Thumb Code     2  handlers.o(i.__scatterload_null)
    size                                     0x08002000   Data           4  common.o(.ARM.__at_0x08002000)
    crc_32                                   0x08002004   Data           4  common.o(.ARM.__at_0x08002004)
    version                                  0x08002008   Data           4  common.o(.ARM.__at_0x08002008)
    address                                  0x0800200c   Data           4  common.o(.ARM.__at_0x0800200C)
    RS485_Init                               0x080021d9   Thumb Code    56  main.o(i.RS485_Init)
    SOFTSTART_Listener                       0x08002221   Thumb Code   116  main.o(i.SOFTSTART_Listener)
    STATUS_Listener                          0x08002299   Thumb Code    64  main.o(i.STATUS_Listener)
    SystemClock_Config                       0x080022dd   Thumb Code   124  main.o(i.SystemClock_Config)
    TF_AcceptChar                            0x08002359   Thumb Code   372  tinyframe.o(i.TF_AcceptChar)
    TF_AddIdListener                         0x080024cd   Thumb Code    72  tinyframe.o(i.TF_AddIdListener)
    TF_AddTypeListener                       0x08002515   Thumb Code    56  tinyframe.o(i.TF_AddTypeListener)
    TF_InitStatic                            0x08002733   Thumb Code    38  tinyframe.o(i.TF_InitStatic)
    TF_ResetParser                           0x08002765   Thumb Code     6  tinyframe.o(i.TF_ResetParser)
    TF_Respond                               0x0800276b   Thumb Code    12  tinyframe.o(i.TF_Respond)
    TF_Send                                  0x08002777   Thumb Code    12  tinyframe.o(i.TF_Send)
    TF_WriteImpl                             0x0800292d   Thumb Code    32  main.o(i.TF_WriteImpl)
    TIM14_IRQHandler                         0x08002955   Thumb Code    10  stm32f0xx_it.o(i.TIM14_IRQHandler)
    TIM_Base_SetConfig                       0x08002965   Thumb Code   114  stm32f0xx_hal_tim.o(i.TIM_Base_SetConfig)
    UART_AdvFeatureConfig                    0x080029ed   Thumb Code   202  stm32f0xx_hal_uart.o(i.UART_AdvFeatureConfig)
    UART_CheckIdleState                      0x08002ab9   Thumb Code   194  stm32f0xx_hal_uart.o(i.UART_CheckIdleState)
    UART_SetConfig                           0x08002dbd   Thumb Code   282  stm32f0xx_hal_uart.o(i.UART_SetConfig)
    UART_Start_Receive_IT                    0x08002ee9   Thumb Code   184  stm32f0xx_hal_uart.o(i.UART_Start_Receive_IT)
    UART_WaitOnFlagUntilTimeout              0x08002fad   Thumb Code   158  stm32f0xx_hal_uart.o(i.UART_WaitOnFlagUntilTimeout)
    USART1_IRQHandler                        0x0800304d   Thumb Code    10  stm32f0xx_it.o(i.USART1_IRQHandler)
    __ARM_common_ll_muluu                    0x0800305d   Thumb Code    48  stm32f0xx_hal_rcc.o(i.__ARM_common_ll_muluu)
    __ARM_common_switch8                     0x0800308d   Thumb Code    26  tinyframe.o(i.__ARM_common_switch8)
    __scatterload_copy                       0x080030ed   Thumb Code    14  handlers.o(i.__scatterload_copy)
    __scatterload_zeroinit                   0x080030fb   Thumb Code    14  handlers.o(i.__scatterload_zeroinit)
    main                                     0x08003179   Thumb Code   726  main.o(i.main)
    AHBPrescTable                            0x080036a0   Data          16  system_stm32f0xx.o(.constdata)
    APBPrescTable                            0x080036b0   Data           8  system_stm32f0xx.o(.constdata)
    Region$$Table$$Base                      0x080036b8   Number         0  anon$$obj.o(Region$$Table)
    Region$$Table$$Limit                     0x080036d8   Number         0  anon$$obj.o(Region$$Table)
    init_tf                                  0x20000000   Data           1  main.o(.data)
    start                                    0x20000001   Data           1  main.o(.data)
    stop                                     0x20000002   Data           1  main.o(.data)
    end                                      0x20000003   Data           1  main.o(.data)
    error                                    0x20000004   Data           1  main.o(.data)
    trsec                                    0x20000005   Data           1  main.o(.data)
    remote                                   0x20000006   Data           1  main.o(.data)
    sys_state                                0x20000009   Data           1  main.o(.data)
    sel                                      0x2000000b   Data           1  main.o(.data)
    rec                                      0x2000000c   Data           1  main.o(.data)
    sys_flags                                0x2000000d   Data           1  main.o(.data)
    led_cnt                                  0x2000000e   Data           1  main.o(.data)
    led_rep                                  0x2000000f   Data           1  main.o(.data)
    error_cnt                                0x20000010   Data           1  main.o(.data)
    sec_voltage                              0x20000012   Data           2  main.o(.data)
    trafo_volt                               0x20000014   Data           2  main.o(.data)
    trafo_temp                               0x20000016   Data           2  main.o(.data)
    triac_temp                               0x20000018   Data           2  main.o(.data)
    tmr                                      0x2000001a   Data           2  main.o(.data)
    chktmr                                   0x20000024   Data           4  main.o(.data)
    start_tmr                                0x20000028   Data           4  main.o(.data)
    start_tout                               0x2000002c   Data           4  main.o(.data)
    led_tmr                                  0x20000030   Data           4  main.o(.data)
    led_tout                                 0x20000034   Data           4  main.o(.data)
    uwTickFreq                               0x20000038   Data           1  stm32f0xx_hal.o(.data)
    uwTickPrio                               0x2000003c   Data           4  stm32f0xx_hal.o(.data)
    uwTick                                   0x20000040   Data           4  stm32f0xx_hal.o(.data)
    SystemCoreClock                          0x20000044   Data           4  system_stm32f0xx.o(.data)
    hadc                                     0x20000048   Data          64  main.o(.bss)
    hcrc                                     0x20000088   Data          28  main.o(.bss)
    htim14                                   0x200000a4   Data          72  main.o(.bss)
    huart1                                   0x200000ec   Data         136  main.o(.bss)
    tfapp                                    0x20000174   Data        1776  main.o(.bss)
    __initial_sp                             0x20000c68   Data           0  startup_stm32f030x6.o(STACK)



==============================================================================

Memory Map of the image

  Image Entry point : 0x080000b1

  Load Region LR_IROM1 (Base: 0x08000000, Size: 0x00003720, Max: 0x00004000, ABSOLUTE)

    Execution Region ER_IROM1 (Exec base: 0x08000000, Load base: 0x08000000, Size: 0x000036d8, Max: 0x00004000, ABSOLUTE)

    Exec Addr    Load Addr    Size         Type   Attr      Idx    E Section Name        Object

    0x08000000   0x08000000   0x000000b0   Data   RO            3    RESET               startup_stm32f030x6.o
    0x080000b0   0x080000b0   0x00000000   Code   RO         4043  * .ARM.Collect$$$$00000000  mc_p.l(entry.o)
    0x080000b0   0x080000b0   0x00000004   Code   RO         4343    .ARM.Collect$$$$00000001  mc_p.l(entry2.o)
    0x080000b4   0x080000b4   0x00000004   Code   RO         4346    .ARM.Collect$$$$00000004  mc_p.l(entry5.o)
    0x080000b8   0x080000b8   0x00000000   Code   RO         4348    .ARM.Collect$$$$00000008  mc_p.l(entry7b.o)
    0x080000b8   0x080000b8   0x00000000   Code   RO         4350    .ARM.Collect$$$$0000000A  mc_p.l(entry8b.o)
    0x080000b8   0x080000b8   0x00000008   Code   RO         4351    .ARM.Collect$$$$0000000B  mc_p.l(entry9a.o)
    0x080000c0   0x080000c0   0x00000000   Code   RO         4353    .ARM.Collect$$$$0000000D  mc_p.l(entry10a.o)
    0x080000c0   0x080000c0   0x00000000   Code   RO         4355    .ARM.Collect$$$$0000000F  mc_p.l(entry11a.o)
    0x080000c0   0x080000c0   0x00000004   Code   RO         4344    .ARM.Collect$$$$00002712  mc_p.l(entry2.o)
    0x080000c4   0x080000c4   0x0000001c   Code   RO            4    .text               startup_stm32f030x6.o
    0x080000e0   0x080000e0   0x0000002c   Code   RO         4046    .text               mc_p.l(uidiv.o)
    0x0800010c   0x0800010c   0x00000060   Code   RO         4048    .text               mc_p.l(uldiv.o)
    0x0800016c   0x0800016c   0x00000022   Code   RO         4050    .text               mc_p.l(llushr.o)
    0x0800018e   0x0800018e   0x00000024   Code   RO         4052    .text               mc_p.l(memseta.o)
    0x080001b2   0x080001b2   0x00000020   Code   RO         4360    .text               mc_p.l(llshl.o)
    0x080001d2   0x080001d2   0x00000002   PAD
    0x080001d4   0x080001d4   0x00000024   Code   RO         4379    .text               mc_p.l(init.o)
    0x080001f8   0x080001f8   0x00000194   Code   RO          597    i.ADC3_Read         main.o
    0x0800038c   0x0800038c   0x000000a4   Code   RO          880    i.ADC_Enable        stm32f0xx_hal_adc.o
    0x08000430   0x08000430   0x0000000a   Code   RO          741    i.EXTI0_1_IRQHandler  stm32f0xx_it.o
    0x0800043a   0x0800043a   0x00000002   PAD
    0x0800043c   0x0800043c   0x00000030   Code   RO          598    i.Error_Handler     main.o
    0x0800046c   0x0800046c   0x000001dc   Code   RO          599    i.Error_Signal      main.o
    0x08000648   0x08000648   0x00000118   Code   RO          882    i.HAL_ADC_ConfigChannel  stm32f0xx_hal_adc.o
    0x08000760   0x08000760   0x00000006   Code   RO          889    i.HAL_ADC_GetValue  stm32f0xx_hal_adc.o
    0x08000766   0x08000766   0x00000002   PAD
    0x08000768   0x08000768   0x00000178   Code   RO          891    i.HAL_ADC_Init      stm32f0xx_hal_adc.o
    0x080008e0   0x080008e0   0x00000028   Code   RO          807    i.HAL_ADC_MspDeInit  stm32f0xx_hal_msp.o
    0x08000908   0x08000908   0x00000058   Code   RO          808    i.HAL_ADC_MspInit   stm32f0xx_hal_msp.o
    0x08000960   0x08000960   0x000000c6   Code   RO          895    i.HAL_ADC_PollForConversion  stm32f0xx_hal_adc.o
    0x08000a26   0x08000a26   0x00000002   PAD
    0x08000a28   0x08000a28   0x00000060   Code   RO          897    i.HAL_ADC_Start     stm32f0xx_hal_adc.o
    0x08000a88   0x08000a88   0x0000005c   Code   RO         2489    i.HAL_CRC_Init      stm32f0xx_hal_crc.o
    0x08000ae4   0x08000ae4   0x0000001c   Code   RO          809    i.HAL_CRC_MspDeInit  stm32f0xx_hal_msp.o
    0x08000b00   0x08000b00   0x00000024   Code   RO          810    i.HAL_CRC_MspInit   stm32f0xx_hal_msp.o
    0x08000b24   0x08000b24   0x00000040   Code   RO         1926    i.HAL_DMA_Abort     stm32f0xx_hal_dma.o
    0x08000b64   0x08000b64   0x00000048   Code   RO         1927    i.HAL_DMA_Abort_IT  stm32f0xx_hal_dma.o
    0x08000bac   0x08000bac   0x00000004   Code   RO         1929    i.HAL_DMA_GetError  stm32f0xx_hal_dma.o
    0x08000bb0   0x08000bb0   0x00000024   Code   RO         1202    i.HAL_DeInit        stm32f0xx_hal.o
    0x08000bd4   0x08000bd4   0x00000024   Code   RO         1203    i.HAL_Delay         stm32f0xx_hal.o
    0x08000bf8   0x08000bf8   0x000000cc   Code   RO         1862    i.HAL_GPIO_DeInit   stm32f0xx_hal_gpio.o
    0x08000cc4   0x08000cc4   0x0000004c   Code   RO          600    i.HAL_GPIO_EXTI_Callback  main.o
    0x08000d10   0x08000d10   0x00000018   Code   RO         1864    i.HAL_GPIO_EXTI_IRQHandler  stm32f0xx_hal_gpio.o
    0x08000d28   0x08000d28   0x00000158   Code   RO         1865    i.HAL_GPIO_Init     stm32f0xx_hal_gpio.o
    0x08000e80   0x08000e80   0x0000000e   Code   RO         1867    i.HAL_GPIO_ReadPin  stm32f0xx_hal_gpio.o
    0x08000e8e   0x08000e8e   0x00000010   Code   RO         1868    i.HAL_GPIO_TogglePin  stm32f0xx_hal_gpio.o
    0x08000e9e   0x08000e9e   0x0000000c   Code   RO         1869    i.HAL_GPIO_WritePin  stm32f0xx_hal_gpio.o
    0x08000eaa   0x08000eaa   0x00000002   PAD
    0x08000eac   0x08000eac   0x0000000c   Code   RO         1207    i.HAL_GetTick       stm32f0xx_hal.o
    0x08000eb8   0x08000eb8   0x00000010   Code   RO         1213    i.HAL_IncTick       stm32f0xx_hal.o
    0x08000ec8   0x08000ec8   0x00000020   Code   RO         1214    i.HAL_Init          stm32f0xx_hal.o
    0x08000ee8   0x08000ee8   0x00000048   Code   RO         1215    i.HAL_InitTick      stm32f0xx_hal.o
    0x08000f30   0x08000f30   0x00000002   Code   RO         1216    i.HAL_MspDeInit     stm32f0xx_hal.o
    0x08000f32   0x08000f32   0x00000002   PAD
    0x08000f34   0x08000f34   0x00000028   Code   RO          811    i.HAL_MspInit       stm32f0xx_hal_msp.o
    0x08000f5c   0x08000f5c   0x00000020   Code   RO         2021    i.HAL_NVIC_DisableIRQ  stm32f0xx_hal_cortex.o
    0x08000f7c   0x08000f7c   0x00000018   Code   RO         2022    i.HAL_NVIC_EnableIRQ  stm32f0xx_hal_cortex.o
    0x08000f94   0x08000f94   0x00000008   Code   RO         2026    i.HAL_NVIC_SetPriority  stm32f0xx_hal_cortex.o
    0x08000f9c   0x08000f9c   0x0000001c   Code   RO         2027    i.HAL_NVIC_SystemReset  stm32f0xx_hal_cortex.o
    0x08000fb8   0x08000fb8   0x000000f0   Code   RO         1168    i.HAL_RCCEx_PeriphCLKConfig  stm32f0xx_hal_rcc_ex.o
    0x080010a8   0x080010a8   0x00000120   Code   RO         1072    i.HAL_RCC_ClockConfig  stm32f0xx_hal_rcc.o
    0x080011c8   0x080011c8   0x0000000c   Code   RO         1077    i.HAL_RCC_GetHCLKFreq  stm32f0xx_hal_rcc.o
    0x080011d4   0x080011d4   0x00000020   Code   RO         1079    i.HAL_RCC_GetPCLK1Freq  stm32f0xx_hal_rcc.o
    0x080011f4   0x080011f4   0x00000058   Code   RO         1080    i.HAL_RCC_GetSysClockFreq  stm32f0xx_hal_rcc.o
    0x0800124c   0x0800124c   0x0000041c   Code   RO         1083    i.HAL_RCC_OscConfig  stm32f0xx_hal_rcc.o
    0x08001668   0x08001668   0x00000090   Code   RO         3962    i.HAL_RS485Ex_Init  stm32f0xx_hal_uart_ex.o
    0x080016f8   0x080016f8   0x00000030   Code   RO         2030    i.HAL_SYSTICK_Config  stm32f0xx_hal_cortex.o
    0x08001728   0x08001728   0x00000002   Code   RO         3314    i.HAL_TIMEx_BreakCallback  stm32f0xx_hal_tim_ex.o
    0x0800172a   0x0800172a   0x00000002   Code   RO         3315    i.HAL_TIMEx_CommutCallback  stm32f0xx_hal_tim_ex.o
    0x0800172c   0x0800172c   0x0000004a   Code   RO         2603    i.HAL_TIM_Base_Init  stm32f0xx_hal_tim.o
    0x08001776   0x08001776   0x00000002   PAD
    0x08001778   0x08001778   0x00000024   Code   RO          812    i.HAL_TIM_Base_MspDeInit  stm32f0xx_hal_msp.o
    0x0800179c   0x0800179c   0x00000034   Code   RO          813    i.HAL_TIM_Base_MspInit  stm32f0xx_hal_msp.o
    0x080017d0   0x080017d0   0x00000050   Code   RO         2608    i.HAL_TIM_Base_Start_IT  stm32f0xx_hal_tim.o
    0x08001820   0x08001820   0x00000034   Code   RO         2611    i.HAL_TIM_Base_Stop_IT  stm32f0xx_hal_tim.o
    0x08001854   0x08001854   0x00000002   Code   RO         2637    i.HAL_TIM_IC_CaptureCallback  stm32f0xx_hal_tim.o
    0x08001856   0x08001856   0x00000130   Code   RO         2651    i.HAL_TIM_IRQHandler  stm32f0xx_hal_tim.o
    0x08001986   0x08001986   0x00000002   Code   RO         2654    i.HAL_TIM_OC_DelayElapsedCallback  stm32f0xx_hal_tim.o
    0x08001988   0x08001988   0x00000002   Code   RO         2681    i.HAL_TIM_PWM_PulseFinishedCallback  stm32f0xx_hal_tim.o
    0x0800198a   0x0800198a   0x00000002   PAD
    0x0800198c   0x0800198c   0x00000090   Code   RO          601    i.HAL_TIM_PeriodElapsedCallback  main.o
    0x08001a1c   0x08001a1c   0x00000002   Code   RO         2694    i.HAL_TIM_TriggerCallback  stm32f0xx_hal_tim.o
    0x08001a1e   0x08001a1e   0x00000002   Code   RO         3584    i.HAL_UARTEx_RxEventCallback  stm32f0xx_hal_uart.o
    0x08001a20   0x08001a20   0x000000b8   Code   RO         3587    i.HAL_UART_AbortReceive  stm32f0xx_hal_uart.o
    0x08001ad8   0x08001ad8   0x0000003c   Code   RO          602    i.HAL_UART_ErrorCallback  main.o
    0x08001b14   0x08001b14   0x0000028c   Code   RO         3603    i.HAL_UART_IRQHandler  stm32f0xx_hal_uart.o
    0x08001da0   0x08001da0   0x00000030   Code   RO          814    i.HAL_UART_MspDeInit  stm32f0xx_hal_msp.o
    0x08001dd0   0x08001dd0   0x00000070   Code   RO          815    i.HAL_UART_MspInit  stm32f0xx_hal_msp.o
    0x08001e40   0x08001e40   0x0000005e   Code   RO         3609    i.HAL_UART_Receive_IT  stm32f0xx_hal_uart.o
    0x08001e9e   0x08001e9e   0x00000002   PAD
    0x08001ea0   0x08001ea0   0x0000002c   Code   RO          603    i.HAL_UART_RxCpltCallback  main.o
    0x08001ecc   0x08001ecc   0x000000d4   Code   RO         3613    i.HAL_UART_Transmit  stm32f0xx_hal_uart.o
    0x08001fa0   0x08001fa0   0x00000002   Code   RO          604    i.HAL_UART_TxCpltCallback  main.o
    0x08001fa2   0x08001fa2   0x00000002   Code   RO          742    i.HardFault_Handler  stm32f0xx_it.o
    0x08001fa4   0x08001fa4   0x0000002c   Code   RO          606    i.MX_CRC_Init       main.o
    0x08001fd0   0x08001fd0   0x00000002   Code   RO          608    i.MX_IWDG_Init      main.o
    0x08001fd2   0x08001fd2   0x00000002   Code   RO          743    i.NMI_Handler       stm32f0xx_it.o
    0x08001fd4   0x08001fd4   0x00000002   Code   RO          744    i.PendSV_Handler    stm32f0xx_it.o
    0x08001fd6   0x08001fd6   0x00000002   Code   RO          745    i.SVC_Handler       stm32f0xx_it.o
    0x08001fd8   0x08001fd8   0x00000008   Code   RO          746    i.SysTick_Handler   stm32f0xx_it.o
    0x08001fe0   0x08001fe0   0x00000002   Code   RO         4012    i.SystemInit        system_stm32f0xx.o
    0x08001fe2   0x08001fe2   0x00000002   PAD
    0x08001fe4   0x08001fe4   0x00000014   Code   RO           17    i.TF_CksumAdd       tinyframe.o
    0x08001ff8   0x08001ff8   0x00000002   Code   RO           18    i.TF_CksumEnd       tinyframe.o
    0x08001ffa   0x08001ffa   0x00000004   Code   RO           19    i.TF_CksumStart     tinyframe.o
    0x08001ffe   0x08001ffe   0x00000002   Code   RO         4392    i.__scatterload_null  mc_p.l(handlers.o)
    0x08002000   0x08002000   0x00000004   Data   RO          444    .ARM.__at_0x08002000  common.o
    0x08002004   0x08002004   0x00000004   Data   RO          445    .ARM.__at_0x08002004  common.o
    0x08002008   0x08002008   0x00000004   Data   RO          446    .ARM.__at_0x08002008  common.o
    0x0800200c   0x0800200c   0x00000004   Data   RO          447    .ARM.__at_0x0800200C  common.o
    0x08002010   0x08002010   0x00000090   Code   RO          605    i.MX_ADC_Init       main.o
    0x080020a0   0x080020a0   0x000000b4   Code   RO          607    i.MX_GPIO_Init      main.o
    0x08002154   0x08002154   0x00000030   Code   RO          609    i.MX_TIM14_Init     main.o
    0x08002184   0x08002184   0x00000054   Code   RO          610    i.MX_USART1_UART_Init  main.o
    0x080021d8   0x080021d8   0x00000048   Code   RO          611    i.RS485_Init        main.o
    0x08002220   0x08002220   0x00000078   Code   RO          613    i.SOFTSTART_Listener  main.o
    0x08002298   0x08002298   0x00000044   Code   RO          614    i.STATUS_Listener   main.o
    0x080022dc   0x080022dc   0x0000007c   Code   RO          615    i.SystemClock_Config  main.o
    0x08002358   0x08002358   0x00000174   Code   RO           13    i.TF_AcceptChar     tinyframe.o
    0x080024cc   0x080024cc   0x00000048   Code   RO           15    i.TF_AddIdListener  tinyframe.o
    0x08002514   0x08002514   0x00000038   Code   RO           16    i.TF_AddTypeListener  tinyframe.o
    0x0800254c   0x0800254c   0x00000018   Code   RO           20    i.TF_ClaimTx        tinyframe.o
    0x08002564   0x08002564   0x000000b2   Code   RO           21    i.TF_ComposeHead    tinyframe.o
    0x08002616   0x08002616   0x0000011c   Code   RO           23    i.TF_HandleReceivedMessage  tinyframe.o
    0x08002732   0x08002732   0x00000026   Code   RO           25    i.TF_InitStatic     tinyframe.o
    0x08002758   0x08002758   0x0000000c   Code   RO           32    i.TF_ReleaseTx      tinyframe.o
    0x08002764   0x08002764   0x00000006   Code   RO           37    i.TF_ResetParser    tinyframe.o
    0x0800276a   0x0800276a   0x0000000c   Code   RO           38    i.TF_Respond        tinyframe.o
    0x08002776   0x08002776   0x0000000c   Code   RO           40    i.TF_Send           tinyframe.o
    0x08002782   0x08002782   0x00000034   Code   RO           41    i.TF_SendFrame      tinyframe.o
    0x080027b6   0x080027b6   0x00000002   PAD
    0x080027b8   0x080027b8   0x00000060   Code   RO           42    i.TF_SendFrame_Begin  tinyframe.o
    0x08002818   0x08002818   0x0000009c   Code   RO           43    i.TF_SendFrame_Chunk  tinyframe.o
    0x080028b4   0x080028b4   0x00000078   Code   RO           44    i.TF_SendFrame_End  tinyframe.o
    0x0800292c   0x0800292c   0x00000028   Code   RO          616    i.TF_WriteImpl      main.o
    0x08002954   0x08002954   0x00000010   Code   RO          747    i.TIM14_IRQHandler  stm32f0xx_it.o
    0x08002964   0x08002964   0x00000088   Code   RO         2696    i.TIM_Base_SetConfig  stm32f0xx_hal_tim.o
    0x080029ec   0x080029ec   0x000000ca   Code   RO         3618    i.UART_AdvFeatureConfig  stm32f0xx_hal_uart.o
    0x08002ab6   0x08002ab6   0x00000002   PAD
    0x08002ab8   0x08002ab8   0x000000c8   Code   RO         3619    i.UART_CheckIdleState  stm32f0xx_hal_uart.o
    0x08002b80   0x08002b80   0x00000014   Code   RO         3620    i.UART_DMAAbortOnError  stm32f0xx_hal_uart.o
    0x08002b94   0x08002b94   0x0000005e   Code   RO         3630    i.UART_EndRxTransfer  stm32f0xx_hal_uart.o
    0x08002bf2   0x08002bf2   0x00000028   Code   RO         3631    i.UART_EndTransmit_IT  stm32f0xx_hal_uart.o
    0x08002c1a   0x08002c1a   0x000000d0   Code   RO         3633    i.UART_RxISR_16BIT  stm32f0xx_hal_uart.o
    0x08002cea   0x08002cea   0x000000d0   Code   RO         3634    i.UART_RxISR_8BIT   stm32f0xx_hal_uart.o
    0x08002dba   0x08002dba   0x00000002   PAD
    0x08002dbc   0x08002dbc   0x0000012c   Code   RO         3635    i.UART_SetConfig    stm32f0xx_hal_uart.o
    0x08002ee8   0x08002ee8   0x000000c4   Code   RO         3637    i.UART_Start_Receive_IT  stm32f0xx_hal_uart.o
    0x08002fac   0x08002fac   0x0000009e   Code   RO         3640    i.UART_WaitOnFlagUntilTimeout  stm32f0xx_hal_uart.o
    0x0800304a   0x0800304a   0x00000002   PAD
    0x0800304c   0x0800304c   0x00000010   Code   RO          748    i.USART1_IRQHandler  stm32f0xx_it.o
    0x0800305c   0x0800305c   0x00000030   Code   RO         1159    i.__ARM_common_ll_muluu  stm32f0xx_hal_rcc.o
    0x0800308c   0x0800308c   0x0000001a   Code   RO          267    i.__ARM_common_switch8  tinyframe.o
    0x080030a6   0x080030a6   0x00000002   PAD
    0x080030a8   0x080030a8   0x00000044   Code   RO         2032    i.__NVIC_SetPriority  stm32f0xx_hal_cortex.o
    0x080030ec   0x080030ec   0x0000000e   Code   RO         4391    i.__scatterload_copy  mc_p.l(handlers.o)
    0x080030fa   0x080030fa   0x0000000e   Code   RO         4393    i.__scatterload_zeroinit  mc_p.l(handlers.o)
    0x08003108   0x08003108   0x00000016   Code   RO           49    i.cleanup_generic_listener  tinyframe.o
    0x0800311e   0x0800311e   0x00000044   Code   RO           50    i.cleanup_id_listener  tinyframe.o
    0x08003162   0x08003162   0x00000016   Code   RO           51    i.cleanup_type_listener  tinyframe.o
    0x08003178   0x08003178   0x000002e4   Code   RO          617    i.main              main.o
    0x0800345c   0x0800345c   0x00000024   Code   RO           54    i.pars_begin_frame  tinyframe.o
    0x08003480   0x08003480   0x00000200   Data   RO           55    .constdata          tinyframe.o
    0x08003680   0x08003680   0x00000020   Data   RO         1084    .constdata          stm32f0xx_hal_rcc.o
    0x080036a0   0x080036a0   0x00000010   Data   RO         4013    .constdata          system_stm32f0xx.o
    0x080036b0   0x080036b0   0x00000008   Data   RO         4014    .constdata          system_stm32f0xx.o
    0x080036b8   0x080036b8   0x00000020   Data   RO         4389    Region$$Table       anon$$obj.o


    Execution Region RW_IRAM1 (Exec base: 0x20000000, Load base: 0x080036d8, Size: 0x00000c68, Max: 0x00001000, ABSOLUTE)

    Exec Addr    Load Addr    Size         Type   Attr      Idx    E Section Name        Object

    0x20000000   0x080036d8   0x00000038   Data   RW          620    .data               main.o
    0x20000038   0x08003710   0x0000000c   Data   RW         1221    .data               stm32f0xx_hal.o
    0x20000044   0x0800371c   0x00000004   Data   RW         4015    .data               system_stm32f0xx.o
    0x20000048        -       0x0000081c   Zero   RW          618    .bss                main.o
    0x20000864   0x08003720   0x00000004   PAD
    0x20000868        -       0x00000400   Zero   RW            1    STACK               startup_stm32f030x6.o


==============================================================================

Image component sizes


      Code (inc. data)   RO Data    RW Data    ZI Data      Debug   Object Name

         0          0         16          0          0      20973   common.o
      2920        178          0         56       2076      14409   main.o
        28          8        176          0       1024        620   startup_stm32f030x6.o
       206         36          0         12          0       8718   stm32f0xx_hal.o
      1120         44          0          0          0       5570   stm32f0xx_hal_adc.o
       208         40          0          0          0      11514   stm32f0xx_hal_cortex.o
        92          0          0          0          0       1083   stm32f0xx_hal_crc.o
       140          0          0          0          0       2166   stm32f0xx_hal_dma.o
       614         52          0          0          0       4681   stm32f0xx_hal_gpio.o
       480         72          0          0          0       5298   stm32f0xx_hal_msp.o
      1520         68         32          0          0       5701   stm32f0xx_hal_rcc.o
       240         14          0          0          0       1412   stm32f0xx_hal_rcc_ex.o
       654         38          0          0          0       6190   stm32f0xx_hal_tim.o
         4          0          0          0          0       1505   stm32f0xx_hal_tim_ex.o
      2770         48          0          0          0      23102   stm32f0xx_hal_uart.o
       144          6          0          0          0       1339   stm32f0xx_hal_uart_ex.o
        58         12          0          0          0       3415   stm32f0xx_it.o
         2          0         24          4          0       1079   system_stm32f0xx.o
      1690         26        512          0          0     299836   tinyframe.o

    ----------------------------------------------------------------------
     12918        642        792         72       3104     418611   Object Totals
         0          0         32          0          0          0   (incl. Generated)
        28          0          0          0          4          0   (incl. Padding)

    ----------------------------------------------------------------------

      Code (inc. data)   RO Data    RW Data    ZI Data      Debug   Library Member Name

         0          0          0          0          0          0   entry.o
         0          0          0          0          0          0   entry10a.o
         0          0          0          0          0          0   entry11a.o
         8          4          0          0          0          0   entry2.o
         4          0          0          0          0          0   entry5.o
         0          0          0          0          0          0   entry7b.o
         0          0          0          0          0          0   entry8b.o
         8          4          0          0          0          0   entry9a.o
        30          0          0          0          0          0   handlers.o
        36          8          0          0          0         68   init.o
        32          0          0          0          0         68   llshl.o
        34          0          0          0          0         68   llushr.o
        36          0          0          0          0        100   memseta.o
        44          0          0          0          0         72   uidiv.o
        96          0          0          0          0         84   uldiv.o

    ----------------------------------------------------------------------
       330         16          0          0          0        460   Library Totals
         2          0          0          0          0          0   (incl. Padding)

    ----------------------------------------------------------------------

      Code (inc. data)   RO Data    RW Data    ZI Data      Debug   Library Name

       328         16          0          0          0        460   mc_p.l

    ----------------------------------------------------------------------
       330         16          0          0          0        460   Library Totals

    ----------------------------------------------------------------------

==============================================================================


      Code (inc. data)   RO Data    RW Data    ZI Data      Debug   

     13248        658        792         72       3104     413811   Grand Totals
     13248        658        792         72       3104     413811   ELF Image Totals
     13248        658        792         72          0          0   ROM Totals

==============================================================================

    Total RO  Size (Code + RO Data)                14040 (  13.71kB)
    Total RW  Size (RW Data + ZI Data)              3176 (   3.10kB)
    Total ROM Size (Code + RO Data + RW Data)      14112 (  13.78kB)

==============================================================================

