Archive member included to satisfy reference by file (symbol)

C:/STM/STM32CubeIDE_1.17.0/STM32CubeIDE/plugins/com.st.stm32cube.ide.mcu.externaltools.gnu-tools-for-stm32.12.3.rel1.win32_1.1.0.202410251130/tools/bin/../lib/gcc/arm-none-eabi/12.3.1/../../../../arm-none-eabi/lib/thumb/v6-m/nofp\libc_nano.a(libc_a-exit.o)
                              C:/STM/STM32CubeIDE_1.17.0/STM32CubeIDE/plugins/com.st.stm32cube.ide.mcu.externaltools.gnu-tools-for-stm32.12.3.rel1.win32_1.1.0.202410251130/tools/bin/../lib/gcc/arm-none-eabi/12.3.1/../../../../arm-none-eabi/lib/thumb/v6-m/nofp/crt0.o (exit)
C:/STM/STM32CubeIDE_1.17.0/STM32CubeIDE/plugins/com.st.stm32cube.ide.mcu.externaltools.gnu-tools-for-stm32.12.3.rel1.win32_1.1.0.202410251130/tools/bin/../lib/gcc/arm-none-eabi/12.3.1/../../../../arm-none-eabi/lib/thumb/v6-m/nofp\libc_nano.a(libc_a-malloc.o)
                              ./Core/Src/TinyFrame.o (malloc)
C:/STM/STM32CubeIDE_1.17.0/STM32CubeIDE/plugins/com.st.stm32cube.ide.mcu.externaltools.gnu-tools-for-stm32.12.3.rel1.win32_1.1.0.202410251130/tools/bin/../lib/gcc/arm-none-eabi/12.3.1/../../../../arm-none-eabi/lib/thumb/v6-m/nofp\libc_nano.a(libc_a-mallocr.o)
                              C:/STM/STM32CubeIDE_1.17.0/STM32CubeIDE/plugins/com.st.stm32cube.ide.mcu.externaltools.gnu-tools-for-stm32.12.3.rel1.win32_1.1.0.202410251130/tools/bin/../lib/gcc/arm-none-eabi/12.3.1/../../../../arm-none-eabi/lib/thumb/v6-m/nofp\libc_nano.a(libc_a-malloc.o) (_malloc_r)
C:/STM/STM32CubeIDE_1.17.0/STM32CubeIDE/plugins/com.st.stm32cube.ide.mcu.externaltools.gnu-tools-for-stm32.12.3.rel1.win32_1.1.0.202410251130/tools/bin/../lib/gcc/arm-none-eabi/12.3.1/../../../../arm-none-eabi/lib/thumb/v6-m/nofp\libc_nano.a(libc_a-mlock.o)
                              C:/STM/STM32CubeIDE_1.17.0/STM32CubeIDE/plugins/com.st.stm32cube.ide.mcu.externaltools.gnu-tools-for-stm32.12.3.rel1.win32_1.1.0.202410251130/tools/bin/../lib/gcc/arm-none-eabi/12.3.1/../../../../arm-none-eabi/lib/thumb/v6-m/nofp\libc_nano.a(libc_a-mallocr.o) (__malloc_lock)
C:/STM/STM32CubeIDE_1.17.0/STM32CubeIDE/plugins/com.st.stm32cube.ide.mcu.externaltools.gnu-tools-for-stm32.12.3.rel1.win32_1.1.0.202410251130/tools/bin/../lib/gcc/arm-none-eabi/12.3.1/../../../../arm-none-eabi/lib/thumb/v6-m/nofp\libc_nano.a(libc_a-findfp.o)
                              C:/STM/STM32CubeIDE_1.17.0/STM32CubeIDE/plugins/com.st.stm32cube.ide.mcu.externaltools.gnu-tools-for-stm32.12.3.rel1.win32_1.1.0.202410251130/tools/bin/../lib/gcc/arm-none-eabi/12.3.1/../../../../arm-none-eabi/lib/thumb/v6-m/nofp\libc_nano.a(libc_a-exit.o) (__stdio_exit_handler)
C:/STM/STM32CubeIDE_1.17.0/STM32CubeIDE/plugins/com.st.stm32cube.ide.mcu.externaltools.gnu-tools-for-stm32.12.3.rel1.win32_1.1.0.202410251130/tools/bin/../lib/gcc/arm-none-eabi/12.3.1/../../../../arm-none-eabi/lib/thumb/v6-m/nofp\libc_nano.a(libc_a-fwalk.o)
                              C:/STM/STM32CubeIDE_1.17.0/STM32CubeIDE/plugins/com.st.stm32cube.ide.mcu.externaltools.gnu-tools-for-stm32.12.3.rel1.win32_1.1.0.202410251130/tools/bin/../lib/gcc/arm-none-eabi/12.3.1/../../../../arm-none-eabi/lib/thumb/v6-m/nofp\libc_nano.a(libc_a-findfp.o) (_fwalk_sglue)
C:/STM/STM32CubeIDE_1.17.0/STM32CubeIDE/plugins/com.st.stm32cube.ide.mcu.externaltools.gnu-tools-for-stm32.12.3.rel1.win32_1.1.0.202410251130/tools/bin/../lib/gcc/arm-none-eabi/12.3.1/../../../../arm-none-eabi/lib/thumb/v6-m/nofp\libc_nano.a(libc_a-printf.o)
                              ./Core/Src/TinyFrame.o (printf)
C:/STM/STM32CubeIDE_1.17.0/STM32CubeIDE/plugins/com.st.stm32cube.ide.mcu.externaltools.gnu-tools-for-stm32.12.3.rel1.win32_1.1.0.202410251130/tools/bin/../lib/gcc/arm-none-eabi/12.3.1/../../../../arm-none-eabi/lib/thumb/v6-m/nofp\libc_nano.a(libc_a-putchar.o)
                              ./Core/Src/TinyFrame.o (putchar)
C:/STM/STM32CubeIDE_1.17.0/STM32CubeIDE/plugins/com.st.stm32cube.ide.mcu.externaltools.gnu-tools-for-stm32.12.3.rel1.win32_1.1.0.202410251130/tools/bin/../lib/gcc/arm-none-eabi/12.3.1/../../../../arm-none-eabi/lib/thumb/v6-m/nofp\libc_nano.a(libc_a-puts.o)
                              ./Core/Src/TinyFrame.o (puts)
C:/STM/STM32CubeIDE_1.17.0/STM32CubeIDE/plugins/com.st.stm32cube.ide.mcu.externaltools.gnu-tools-for-stm32.12.3.rel1.win32_1.1.0.202410251130/tools/bin/../lib/gcc/arm-none-eabi/12.3.1/../../../../arm-none-eabi/lib/thumb/v6-m/nofp\libc_nano.a(libc_a-stdio.o)
                              C:/STM/STM32CubeIDE_1.17.0/STM32CubeIDE/plugins/com.st.stm32cube.ide.mcu.externaltools.gnu-tools-for-stm32.12.3.rel1.win32_1.1.0.202410251130/tools/bin/../lib/gcc/arm-none-eabi/12.3.1/../../../../arm-none-eabi/lib/thumb/v6-m/nofp\libc_nano.a(libc_a-findfp.o) (__sread)
C:/STM/STM32CubeIDE_1.17.0/STM32CubeIDE/plugins/com.st.stm32cube.ide.mcu.externaltools.gnu-tools-for-stm32.12.3.rel1.win32_1.1.0.202410251130/tools/bin/../lib/gcc/arm-none-eabi/12.3.1/../../../../arm-none-eabi/lib/thumb/v6-m/nofp\libc_nano.a(libc_a-wbuf.o)
[...]
Memory Configuration

Name             Origin             Length             Attributes
RAM              0x20000000         0x00001000         xrw
FLASH            0x08000000         0x00004000         xr
*default*        0x00000000         0xffffffff

Linker script and memory map

LOAD C:/STM/STM32CubeIDE_1.17.0/STM32CubeIDE/plugins/com.st.stm32cube.ide.mcu.externaltools.gnu-tools-for-stm32.12.3.rel1.win32_1.1.0.202410251130/tools/bin/../lib/gcc/arm-none-eabi/12.3.1/thumb/v6-m/nofp/crti.o
LOAD C:/STM/STM32CubeIDE_1.17.0/STM32CubeIDE/plugins/com.st.stm32cube.ide.mcu.externaltools.gnu-tools-for-stm32.12.3.rel1.win32_1.1.0.202410251130/tools/bin/../lib/gcc/arm-none-eabi/12.3.1/thumb/v6-m/nofp/crtbegin.o
LOAD C:/STM/STM32CubeIDE_1.17.0/STM32CubeIDE/plugins/com.st.stm32cube.ide.mcu.externaltools.gnu-tools-for-stm32.12.3.rel1.win32_1.1.0.202410251130/tools/bin/../lib/gcc/arm-none-eabi/12.3.1/../../../../arm-none-eabi/lib/thumb/v6-m/nofp/crt0.o
LOAD ./Core/Src/TinyFrame.o
LOAD ./Core/Src/main.o
LOAD ./Core/Src/stm32f0xx_hal_msp.o
LOAD ./Core/Src/stm32f0xx_it.o
LOAD ./Core/Src/syscalls.o
LOAD ./Core/Src/sysmem.o
LOAD ./Core/Src/system_stm32f0xx.o
LOAD ./Core/Startup/startup_stm32f030f4px.o
LOAD ./Drivers/STM32F0xx_HAL_Driver/Src/stm32f0xx_hal.o
LOAD ./Drivers/STM32F0xx_HAL_Driver/Src/stm32f0xx_hal_adc.o
LOAD ./Drivers/STM32F0xx_HAL_Driver/Src/stm32f0xx_hal_adc_ex.o
LOAD ./Drivers/STM32F0xx_HAL_Driver/Src/stm32f0xx_hal_cortex.o
LOAD ./Drivers/STM32F0xx_HAL_Driver/Src/stm32f0xx_hal_crc.o
LOAD ./Drivers/STM32F0xx_HAL_Driver/Src/stm32f0xx_hal_crc_ex.o
LOAD ./Drivers/STM32F0xx_HAL_Driver/Src/stm32f0xx_hal_dma.o
LOAD ./Drivers/STM32F0xx_HAL_Driver/Src/stm32f0xx_hal_exti.o
LOAD ./Drivers/STM32F0xx_HAL_Driver/Src/stm32f0xx_hal_flash.o
LOAD ./Drivers/STM32F0xx_HAL_Driver/Src/stm32f0xx_hal_flash_ex.o
LOAD ./Drivers/STM32F0xx_HAL_Driver/Src/stm32f0xx_hal_gpio.o
LOAD ./Drivers/STM32F0xx_HAL_Driver/Src/stm32f0xx_hal_i2c.o
LOAD ./Drivers/STM32F0xx_HAL_Driver/Src/stm32f0xx_hal_i2c_ex.o
LOAD ./Drivers/STM32F0xx_HAL_Driver/Src/stm32f0xx_hal_iwdg.o
LOAD ./Drivers/STM32F0xx_HAL_Driver/Src/stm32f0xx_hal_pwr.o
LOAD ./Drivers/STM32F0xx_HAL_Driver/Src/stm32f0xx_hal_pwr_ex.o
LOAD ./Drivers/STM32F0xx_HAL_Driver/Src/stm32f0xx_hal_rcc.o
LOAD ./Drivers/STM32F0xx_HAL_Driver/Src/stm32f0xx_hal_rcc_ex.o
LOAD ./Drivers/STM32F0xx_HAL_Driver/Src/stm32f0xx_hal_tim.o
LOAD ./Drivers/STM32F0xx_HAL_Driver/Src/stm32f0xx_hal_tim_ex.o
LOAD ./Drivers/STM32F0xx_HAL_Driver/Src/stm32f0xx_hal_uart.o
LOAD ./Drivers/STM32F0xx_HAL_Driver/Src/stm32f0xx_hal_uart_ex.o
START GROUP
LOAD C:/STM/STM32CubeIDE_1.17.0/STM32CubeIDE/plugins/com.st.stm32cube.ide.mcu.externaltools.gnu-tools-for-stm32.12.3.rel1.win32_1.1.0.202410251130/tools/bin/../lib/gcc/arm-none-eabi/12.3.1/../../../../arm-none-eabi/lib/thumb/v6-m/nofp\libc_nano.a
LOAD C:/STM/STM32CubeIDE_1.17.0/STM32CubeIDE/plugins/com.st.stm32cube.ide.mcu.externaltools.gnu-tools-for-stm32.12.3.rel1.win32_1.1.0.202410251130/tools/bin/../lib/gcc/arm-none-eabi/12.3.1/../../../../arm-none-eabi/lib/thumb/v6-m/nofp\libm.a
END GROUP
START GROUP
LOAD C:/STM/STM32CubeIDE_1.17.0/STM32CubeIDE/plugins/com.st.stm32cube.ide.mcu.externaltools.gnu-tools-for-stm32.12.3.rel1.win32_1.1.0.202410251130/tools/bin/../lib/gcc/arm-none-eabi/12.3.1/thumb/v6-m/nofp\libgcc.a
LOAD C:/STM/STM32CubeIDE_1.17.0/STM32CubeIDE/plugins/com.st.stm32cube.ide.mcu.externaltools.gnu-tools-for-stm32.12.3.rel1.win32_1.1.0.202410251130/tools/bin/../lib/gcc/arm-none-eabi/12.3.1/../../../../arm-none-eabi/lib/thumb/v6-m/nofp\libc_nano.a
END GROUP
START GROUP
LOAD C:/STM/STM32CubeIDE_1.17.0/STM32CubeIDE/plugins/com.st.stm32cube.ide.mcu.externaltools.gnu-tools-for-stm32.12.3.rel1.win32_1.1.0.202410251130/tools/bin/../lib/gcc/arm-none-eabi/12.3.1/thumb/v6-m/nofp\libgcc.a
LOAD C:/STM/STM32CubeIDE_1.17.0/STM32CubeIDE/plugins/com.st.stm32cube.ide.mcu.externaltools.gnu-tools-for-stm32.12.3.rel1.win32_1.1.0.202410251130/tools/bin/../lib/gcc/arm-none-eabi/12.3.1/../../../../arm-none-eabi/lib/thumb/v6-m/nofp\libc_nano.a
LOAD C:/STM/STM32CubeIDE_1.17.0/STM32CubeIDE/plugins/com.st.stm32cube.ide.mcu.externaltools.gnu-tools-for-stm32.12.3.rel1.win32_1.1.0.202410251130/tools/bin/../lib/gcc/arm-none-eabi/12.3.1/../../../../arm-none-eabi/lib/thumb/v6-m/nofp\libnosys.a
END GROUP
START GROUP
LOAD C:/STM/STM32CubeIDE_1.17.0/STM32CubeIDE/plugins/com.st.stm32cube.ide.mcu.externaltools.gnu-tools-for-stm32.12.3.rel1.win32_1.1.0.202410251130/tools/bin/../lib/gcc/arm-none-eabi/12.3.1/thumb/v6-m/nofp\libgcc.a
LOAD C:/STM/STM32CubeIDE_1.17.0/STM32CubeIDE/plugins/com.st.stm32cube.ide.mcu.externaltools.gnu-tools-for-stm32.12.3.rel1.win32_1.1.0.202410251130/tools/bin/../lib/gcc/arm-none-eabi/12.3.1/../../../../arm-none-eabi/lib/thumb/v6-m/nofp\libc_nano.a
LOAD C:/STM/STM32CubeIDE_1.17.0/STM32CubeIDE/plugins/com.st.stm32cube.ide.mcu.externaltools.gnu-tools-for-stm32.12.3.rel1.win32_1.1.0.202410251130/tools/bin/../lib/gcc/arm-none-eabi/12.3.1/../../../../arm-none-eabi/lib/thumb/v6-m/nofp\libnosys.a
END GROUP
LOAD C:/STM/STM32CubeIDE_1.17.0/STM32CubeIDE/plugins/com.st.stm32cube.ide.mcu.externaltools.gnu-tools-for-stm32.12.3.rel1.win32_1.1.0.202410251130/tools/bin/../lib/gcc/arm-none-eabi/12.3.1/thumb/v6-m/nofp/crtend.o
LOAD C:/STM/STM32CubeIDE_1.17.0/STM32CubeIDE/plugins/com.st.stm32cube.ide.mcu.externaltools.gnu-tools-for-stm32.12.3.rel1.win32_1.1.0.202410251130/tools/bin/../lib/gcc/arm-none-eabi/12.3.1/thumb/v6-m/nofp/crtn.o
                0x20001000                        _estack = (ORIGIN (RAM) + LENGTH (RAM))
                0x00000200                        _Min_Heap_Size = 0x200
                0x00000400                        _Min_Stack_Size = 0x400

.isr_vector     0x08000000       0xc0
                0x08000000                        . = ALIGN (0x4)
 *(.isr_vector)
 .isr_vector    0x08000000       0xc0 ./Core/Startup/startup_stm32f030f4px.o
                0x08000000                g_pfnVectors
                0x080000c0                        . = ALIGN (0x4)

.text           0x080000c0     0x5eac
                0x080000c0                        . = ALIGN (0x4)
 *(.text)
 .text          0x080000c0       0x48 C:/STM/STM32CubeIDE_1.17.0/STM32CubeIDE/plugins/com.st.stm32cube.ide.mcu.externaltools.gnu-tools-for-stm32.12.3.rel1.win32_1.1.0.202410251130/tools/bin/../lib/gcc/arm-none-eabi/12.3.1/thumb/v6-m/nofp/crtbegin.o
 .text          0x08000108      0x114 C:/STM/STM32CubeIDE_1.17.0/STM32CubeIDE/plugins/com.st.stm32cube.ide.mcu.externaltools.gnu-tools-for-stm32.12.3.rel1.win32_1.1.0.202410251130/tools/bin/../lib/gcc/arm-none-eabi/12.3.1/thumb/v6-m/nofp\libgcc.a(_udivsi3.o)
                0x08000108                __aeabi_uidiv
                0x08000108                __udivsi3
                0x08000214                __aeabi_uidivmod
 .text          0x0800021c        0x4 C:/STM/STM32CubeIDE_1.17.0/STM32CubeIDE/plugins/com.st.stm32cube.ide.mcu.externaltools.gnu-tools-for-stm32.12.3.rel1.win32_1.1.0.202410251130/tools/bin/../lib/gcc/arm-none-eabi/12.3.1/thumb/v6-m/nofp\libgcc.a(_dvmd_tls.o)
                0x0800021c                __aeabi_idiv0
                0x0800021c                __aeabi_ldiv0
 *(.text*)
 .text.TF_ClearMsg
                0x08000220       0x1c ./Core/Src/TinyFrame.o
 .text.TF_ClaimTx
                0x0800023c       0x2c ./Core/Src/TinyFrame.o
 .text.TF_ReleaseTx
                0x08000268       0x1c ./Core/Src/TinyFrame.o
 .text.TF_CksumStart
                0x08000284        0xc ./Core/Src/TinyFrame.o
 .text.TF_CksumAdd
                0x08000290       0x40 ./Core/Src/TinyFrame.o
 .text.TF_CksumEnd
                0x080002d0       0x18 ./Core/Src/TinyFrame.o
 .text.TF_InitStatic
                0x080002e8       0x50 ./Core/Src/TinyFrame.o
                0x080002e8                TF_InitStatic
 .text.renew_id_listener
                0x08000338       0x18 ./Core/Src/TinyFrame.o
 .text.cleanup_id_listener
                0x08000350       0x84 ./Core/Src/TinyFrame.o
 .text.cleanup_type_listener
                0x080003d4       0x44 ./Core/Src/TinyFrame.o
 .text.cleanup_generic_listener
                0x08000418       0x44 ./Core/Src/TinyFrame.o
 .text.TF_AddIdListener
                0x0800045c       0xb4 ./Core/Src/TinyFrame.o
                0x0800045c                TF_AddIdListener
 .text.TF_AddTypeListener
                0x08000510       0x88 ./Core/Src/TinyFrame.o
                0x08000510                TF_AddTypeListener
 .text.TF_HandleReceivedMessage
                0x08000598      0x230 ./Core/Src/TinyFrame.o
 .text.TF_ResetParser
                0x080007c8       0x16 ./Core/Src/TinyFrame.o
                0x080007c8                TF_ResetParser
 *fill*         0x080007de        0x2 
 .text.pars_begin_frame
                0x080007e0       0x58 ./Core/Src/TinyFrame.o
 .text.TF_AcceptChar
                0x08000838      0x368 ./Core/Src/TinyFrame.o
                0x08000838                TF_AcceptChar
 .text.TF_ComposeHead
                0x08000ba0      0x23c ./Core/Src/TinyFrame.o
 .text.TF_ComposeBody
                0x08000ddc       0x88 ./Core/Src/TinyFrame.o
 .text.TF_ComposeTail
                0x08000e64       0x84 ./Core/Src/TinyFrame.o
 .text.TF_SendFrame_Begin
                0x08000ee8       0xa4 ./Core/Src/TinyFrame.o
 .text.TF_SendFrame_Chunk
                0x08000f8c       0xb0 ./Core/Src/TinyFrame.o
 .text.TF_SendFrame_End
                0x0800103c       0x9c ./Core/Src/TinyFrame.o
 .text.TF_SendFrame
                0x080010d8       0x66 ./Core/Src/TinyFrame.o
 .text.TF_Send  0x0800113e       0x20 ./Core/Src/TinyFrame.o
                0x0800113e                TF_Send
 .text.TF_Respond
                0x0800115e       0x26 ./Core/Src/TinyFrame.o
                0x0800115e                TF_Respond
 .text.main     0x08001184      0x5e8 ./Core/Src/main.o
                0x08001184                main
 .text.SystemClock_Config
                0x0800176c       0xd4 ./Core/Src/main.o
                0x0800176c                SystemClock_Config
 .text.MX_ADC_Init
                0x08001840       0xd0 ./Core/Src/main.o
 .text.MX_CRC_Init
                0x08001910       0x40 ./Core/Src/main.o
 .text.MX_IWDG_Init
                0x08001950        0xa ./Core/Src/main.o
 *fill*         0x0800195a        0x2 
 .text.MX_TIM14_Init
                0x0800195c       0x4c ./Core/Src/main.o
 .text.MX_USART1_UART_Init
                0x080019a8       0x64 ./Core/Src/main.o
 .text.MX_GPIO_Init
                0x08001a0c      0x150 ./Core/Src/main.o
 .text.ReadAddressAndDelay
                0x08001b5c       0x70 ./Core/Src/main.o
 .text.HAL_TIM_PeriodElapsedCallback
                0x08001bcc      0x118 ./Core/Src/main.o
                0x08001bcc                HAL_TIM_PeriodElapsedCallback
 .text.HAL_GPIO_EXTI_Callback
                0x08001ce4       0x88 ./Core/Src/main.o
                0x08001ce4                HAL_GPIO_EXTI_Callback
 .text.STATUS_Listener
                0x08001d6c       0x90 ./Core/Src/main.o
                0x08001d6c                STATUS_Listener
 .text.SOFTSTART_Listener
                0x08001dfc       0xf0 ./Core/Src/main.o
                0x08001dfc                SOFTSTART_Listener
 .text.RS485_Init
                0x08001eec       0x68 ./Core/Src/main.o
                0x08001eec                RS485_Init
 .text.TF_WriteImpl
                0x08001f54       0x44 ./Core/Src/main.o
                0x08001f54                TF_WriteImpl
 .text.HAL_UART_RxCpltCallback
                0x08001f98       0x40 ./Core/Src/main.o
                0x08001f98                HAL_UART_RxCpltCallback
 .text.HAL_UART_TxCpltCallback
                0x08001fd8       0x10 ./Core/Src/main.o
                0x08001fd8                HAL_UART_TxCpltCallback
 .text.HAL_UART_ErrorCallback
                0x08001fe8       0x54 ./Core/Src/main.o
                0x08001fe8                HAL_UART_ErrorCallback
 .text.ADC3_Read
                0x0800203c      0x210 ./Core/Src/main.o
 .text.HandleLedBlink
                0x0800224c       0xd0 ./Core/Src/main.o
 .text.Error_Signal
                0x0800231c      0x114 ./Core/Src/main.o
 .text.Error_Handler
                0x08002430       0x38 ./Core/Src/main.o
                0x08002430                Error_Handler
 .text.HAL_MspInit
                0x08002468       0x48 ./Core/Src/stm32f0xx_hal_msp.o
                0x08002468                HAL_MspInit
 .text.HAL_ADC_MspInit
                0x080024b0       0x8c ./Core/Src/stm32f0xx_hal_msp.o
                0x080024b0                HAL_ADC_MspInit
 .text.HAL_ADC_MspDeInit
                0x0800253c       0x40 ./Core/Src/stm32f0xx_hal_msp.o
                0x0800253c                HAL_ADC_MspDeInit
 .text.HAL_CRC_MspInit
                0x0800257c       0x3c ./Core/Src/stm32f0xx_hal_msp.o
                0x0800257c                HAL_CRC_MspInit
 .text.HAL_TIM_Base_MspInit
                0x080025b8       0x50 ./Core/Src/stm32f0xx_hal_msp.o
                0x080025b8                HAL_TIM_Base_MspInit
 .text.HAL_TIM_Base_MspDeInit
                0x08002608       0x38 ./Core/Src/stm32f0xx_hal_msp.o
                0x08002608                HAL_TIM_Base_MspDeInit
 .text.HAL_UART_MspInit
                0x08002640       0xa8 ./Core/Src/stm32f0xx_hal_msp.o
                0x08002640                HAL_UART_MspInit
 .text.HAL_UART_MspDeInit
                0x080026e8       0x44 ./Core/Src/stm32f0xx_hal_msp.o
                0x080026e8                HAL_UART_MspDeInit
 .text.NMI_Handler
                0x0800272c        0x8 ./Core/Src/stm32f0xx_it.o
                0x0800272c                NMI_Handler
 .text.HardFault_Handler
                0x08002734        0x8 ./Core/Src/stm32f0xx_it.o
                0x08002734                HardFault_Handler
 .text.SVC_Handler
                0x0800273c        0xa ./Core/Src/stm32f0xx_it.o
                0x0800273c                SVC_Handler
 .text.PendSV_Handler
                0x08002746        0xa ./Core/Src/stm32f0xx_it.o
                0x08002746                PendSV_Handler
 .text.SysTick_Handler
                0x08002750        0xe ./Core/Src/stm32f0xx_it.o
                0x08002750                SysTick_Handler
 .text.EXTI0_1_IRQHandler
                0x0800275e       0x10 ./Core/Src/stm32f0xx_it.o
                0x0800275e                EXTI0_1_IRQHandler
 *fill*         0x0800276e        0x2 
 .text.TIM14_IRQHandler
                0x08002770       0x18 ./Core/Src/stm32f0xx_it.o
                0x08002770                TIM14_IRQHandler
 .text.USART1_IRQHandler
                0x08002788       0x18 ./Core/Src/stm32f0xx_it.o
                0x08002788                USART1_IRQHandler
 .text.SystemInit
                0x080027a0        0xa ./Core/Src/system_stm32f0xx.o
                0x080027a0                SystemInit
 *fill*         0x080027aa        0x2 
 .text.Reset_Handler
                0x080027ac       0x50 ./Core/Startup/startup_stm32f030f4px.o
                0x080027ac                Reset_Handler
 .text.Default_Handler
                0x080027fc        0x2 ./Core/Startup/startup_stm32f030f4px.o
                0x080027fc                TIM1_CC_IRQHandler
                0x080027fc                I2C1_IRQHandler
                0x080027fc                SPI1_IRQHandler
                0x080027fc                EXTI2_3_IRQHandler
                0x080027fc                ADC1_IRQHandler
                0x080027fc                TIM17_IRQHandler
                0x080027fc                RTC_IRQHandler
                0x080027fc                TIM16_IRQHandler
                0x080027fc                TIM3_IRQHandler
                0x080027fc                EXTI4_15_IRQHandler
                0x080027fc                RCC_IRQHandler
                0x080027fc                DMA1_Channel1_IRQHandler
                0x080027fc                Default_Handler
                0x080027fc                DMA1_Channel4_5_IRQHandler
                0x080027fc                WWDG_IRQHandler
                0x080027fc                DMA1_Channel2_3_IRQHandler
                0x080027fc                FLASH_IRQHandler
                0x080027fc                TIM1_BRK_UP_TRG_COM_IRQHandler
 *fill*         0x080027fe        0x2 
 .text.HAL_Init
                0x08002800       0x28 ./Drivers/STM32F0xx_HAL_Driver/Src/stm32f0xx_hal.o
                0x08002800                HAL_Init
 .text.HAL_DeInit
                0x08002828       0x40 ./Drivers/STM32F0xx_HAL_Driver/Src/stm32f0xx_hal.o
                0x08002828                HAL_DeInit
 .text.HAL_MspDeInit
                0x08002868        0xa ./Drivers/STM32F0xx_HAL_Driver/Src/stm32f0xx_hal.o
                0x08002868                HAL_MspDeInit
 *fill*         0x08002872        0x2 
 .text.HAL_InitTick
                0x08002874       0x68 ./Drivers/STM32F0xx_HAL_Driver/Src/stm32f0xx_hal.o
                0x08002874                HAL_InitTick
 .text.HAL_IncTick
                0x080028dc       0x24 ./Drivers/STM32F0xx_HAL_Driver/Src/stm32f0xx_hal.o
                0x080028dc                HAL_IncTick
 .text.HAL_GetTick
                0x08002900       0x14 ./Drivers/STM32F0xx_HAL_Driver/Src/stm32f0xx_hal.o
                0x08002900                HAL_GetTick
 .text.HAL_Delay
                0x08002914       0x48 ./Drivers/STM32F0xx_HAL_Driver/Src/stm32f0xx_hal.o
                0x08002914                HAL_Delay
 .text.HAL_ADC_Init
                0x0800295c      0x280 ./Drivers/STM32F0xx_HAL_Driver/Src/stm32f0xx_hal_adc.o
                0x0800295c                HAL_ADC_Init
 .text.HAL_ADC_Start
                0x08002bdc       0xa8 ./Drivers/STM32F0xx_HAL_Driver/Src/stm32f0xx_hal_adc.o
                0x08002bdc                HAL_ADC_Start
 .text.HAL_ADC_PollForConversion
                0x08002c84      0x130 ./Drivers/STM32F0xx_HAL_Driver/Src/stm32f0xx_hal_adc.o
                0x08002c84                HAL_ADC_PollForConversion
 .text.HAL_ADC_GetValue
                0x08002db4       0x16 ./Drivers/STM32F0xx_HAL_Driver/Src/stm32f0xx_hal_adc.o
                0x08002db4                HAL_ADC_GetValue
 *fill*         0x08002dca        0x2 
 .text.HAL_ADC_ConfigChannel
                0x08002dcc      0x1ec ./Drivers/STM32F0xx_HAL_Driver/Src/stm32f0xx_hal_adc.o
                0x08002dcc                HAL_ADC_ConfigChannel
 .text.ADC_Enable
                0x08002fb8      0x108 ./Drivers/STM32F0xx_HAL_Driver/Src/stm32f0xx_hal_adc.o
 .text.__NVIC_EnableIRQ
                0x080030c0       0x34 ./Drivers/STM32F0xx_HAL_Driver/Src/stm32f0xx_hal_cortex.o
 .text.__NVIC_DisableIRQ
                0x080030f4       0x44 ./Drivers/STM32F0xx_HAL_Driver/Src/stm32f0xx_hal_cortex.o
 .text.__NVIC_SetPriority
                0x08003138       0xdc ./Drivers/STM32F0xx_HAL_Driver/Src/stm32f0xx_hal_cortex.o
 .text.__NVIC_SystemReset
                0x08003214       0x24 ./Drivers/STM32F0xx_HAL_Driver/Src/stm32f0xx_hal_cortex.o
 .text.SysTick_Config
                0x08003238       0x48 ./Drivers/STM32F0xx_HAL_Driver/Src/stm32f0xx_hal_cortex.o
 .text.HAL_NVIC_SetPriority
                0x08003280       0x2a ./Drivers/STM32F0xx_HAL_Driver/Src/stm32f0xx_hal_cortex.o
                0x08003280                HAL_NVIC_SetPriority
 .text.HAL_NVIC_EnableIRQ
                0x080032aa       0x20 ./Drivers/STM32F0xx_HAL_Driver/Src/stm32f0xx_hal_cortex.o
                0x080032aa                HAL_NVIC_EnableIRQ
 .text.HAL_NVIC_DisableIRQ
                0x080032ca       0x20 ./Drivers/STM32F0xx_HAL_Driver/Src/stm32f0xx_hal_cortex.o
                0x080032ca                HAL_NVIC_DisableIRQ
 .text.HAL_NVIC_SystemReset
                0x080032ea        0x8 ./Drivers/STM32F0xx_HAL_Driver/Src/stm32f0xx_hal_cortex.o
                0x080032ea                HAL_NVIC_SystemReset
 .text.HAL_SYSTICK_Config
                0x080032f2       0x1a ./Drivers/STM32F0xx_HAL_Driver/Src/stm32f0xx_hal_cortex.o
                0x080032f2                HAL_SYSTICK_Config
 .text.HAL_CRC_Init
                0x0800330c       0x8e ./Drivers/STM32F0xx_HAL_Driver/Src/stm32f0xx_hal_crc.o
                0x0800330c                HAL_CRC_Init
 .text.HAL_DMA_Abort
                0x0800339a       0x70 ./Drivers/STM32F0xx_HAL_Driver/Src/stm32f0xx_hal_dma.o
                0x0800339a                HAL_DMA_Abort
 .text.HAL_DMA_Abort_IT
                0x0800340a       0x8a ./Drivers/STM32F0xx_HAL_Driver/Src/stm32f0xx_hal_dma.o
                0x0800340a                HAL_DMA_Abort_IT
 .text.HAL_DMA_GetError
                0x08003494       0x14 ./Drivers/STM32F0xx_HAL_Driver/Src/stm32f0xx_hal_dma.o
                0x08003494                HAL_DMA_GetError
 .text.HAL_GPIO_Init
                0x080034a8      0x2e0 ./Drivers/STM32F0xx_HAL_Driver/Src/stm32f0xx_hal_gpio.o
                0x080034a8                HAL_GPIO_Init
 .text.HAL_GPIO_DeInit
                0x08003788      0x1a0 ./Drivers/STM32F0xx_HAL_Driver/Src/stm32f0xx_hal_gpio.o
                0x08003788                HAL_GPIO_DeInit
 .text.HAL_GPIO_ReadPin
                0x08003928       0x3a ./Drivers/STM32F0xx_HAL_Driver/Src/stm32f0xx_hal_gpio.o
                0x08003928                HAL_GPIO_ReadPin
 .text.HAL_GPIO_WritePin
                0x08003962       0x3a ./Drivers/STM32F0xx_HAL_Driver/Src/stm32f0xx_hal_gpio.o
                0x08003962                HAL_GPIO_WritePin
 .text.HAL_GPIO_TogglePin
                0x0800399c       0x36 ./Drivers/STM32F0xx_HAL_Driver/Src/stm32f0xx_hal_gpio.o
                0x0800399c                HAL_GPIO_TogglePin
 *fill*         0x080039d2        0x2 
 .text.HAL_GPIO_EXTI_IRQHandler
                0x080039d4       0x38 ./Drivers/STM32F0xx_HAL_Driver/Src/stm32f0xx_hal_gpio.o
                0x080039d4                HAL_GPIO_EXTI_IRQHandler
 .text.HAL_RCC_OscConfig
                0x08003a0c      0x634 ./Drivers/STM32F0xx_HAL_Driver/Src/stm32f0xx_hal_rcc.o
                0x08003a0c                HAL_RCC_OscConfig
 .text.HAL_RCC_ClockConfig
                0x08004040      0x19c ./Drivers/STM32F0xx_HAL_Driver/Src/stm32f0xx_hal_rcc.o
                0x08004040                HAL_RCC_ClockConfig
 .text.HAL_RCC_GetSysClockFreq
                0x080041dc       0xac ./Drivers/STM32F0xx_HAL_Driver/Src/stm32f0xx_hal_rcc.o
                0x080041dc                HAL_RCC_GetSysClockFreq
 .text.HAL_RCC_GetHCLKFreq
                0x08004288       0x14 ./Drivers/STM32F0xx_HAL_Driver/Src/stm32f0xx_hal_rcc.o
                0x08004288                HAL_RCC_GetHCLKFreq
 .text.HAL_RCC_GetPCLK1Freq
                0x0800429c       0x2c ./Drivers/STM32F0xx_HAL_Driver/Src/stm32f0xx_hal_rcc.o
                0x0800429c                HAL_RCC_GetPCLK1Freq
 .text.HAL_RCCEx_PeriphCLKConfig
                0x080042c8      0x19c ./Drivers/STM32F0xx_HAL_Driver/Src/stm32f0xx_hal_rcc_ex.o
                0x080042c8                HAL_RCCEx_PeriphCLKConfig
 .text.HAL_TIM_Base_Init
                0x08004464       0xa0 ./Drivers/STM32F0xx_HAL_Driver/Src/stm32f0xx_hal_tim.o
                0x08004464                HAL_TIM_Base_Init
 .text.HAL_TIM_Base_Start_IT
                0x08004504       0x8c ./Drivers/STM32F0xx_HAL_Driver/Src/stm32f0xx_hal_tim.o
                0x08004504                HAL_TIM_Base_Start_IT
 .text.HAL_TIM_Base_Stop_IT
                0x08004590       0x5c ./Drivers/STM32F0xx_HAL_Driver/Src/stm32f0xx_hal_tim.o
                0x08004590                HAL_TIM_Base_Stop_IT
 .text.HAL_TIM_IRQHandler
                0x080045ec      0x1dc ./Drivers/STM32F0xx_HAL_Driver/Src/stm32f0xx_hal_tim.o
                0x080045ec                HAL_TIM_IRQHandler
 .text.HAL_TIM_OC_DelayElapsedCallback
                0x080047c8       0x10 ./Drivers/STM32F0xx_HAL_Driver/Src/stm32f0xx_hal_tim.o
                0x080047c8                HAL_TIM_OC_DelayElapsedCallback
 .text.HAL_TIM_IC_CaptureCallback
                0x080047d8       0x10 ./Drivers/STM32F0xx_HAL_Driver/Src/stm32f0xx_hal_tim.o
                0x080047d8                HAL_TIM_IC_CaptureCallback
 .text.HAL_TIM_PWM_PulseFinishedCallback
                0x080047e8       0x10 ./Drivers/STM32F0xx_HAL_Driver/Src/stm32f0xx_hal_tim.o
                0x080047e8                HAL_TIM_PWM_PulseFinishedCallback
 .text.HAL_TIM_TriggerCallback
                0x080047f8       0x10 ./Drivers/STM32F0xx_HAL_Driver/Src/stm32f0xx_hal_tim.o
                0x080047f8                HAL_TIM_TriggerCallback
 .text.TIM_Base_SetConfig
                0x08004808       0xf4 ./Drivers/STM32F0xx_HAL_Driver/Src/stm32f0xx_hal_tim.o
                0x08004808                TIM_Base_SetConfig
 .text.HAL_TIMEx_CommutCallback
                0x080048fc       0x10 ./Drivers/STM32F0xx_HAL_Driver/Src/stm32f0xx_hal_tim_ex.o
                0x080048fc                HAL_TIMEx_CommutCallback
 .text.HAL_TIMEx_BreakCallback
                0x0800490c       0x10 ./Drivers/STM32F0xx_HAL_Driver/Src/stm32f0xx_hal_tim_ex.o
                0x0800490c                HAL_TIMEx_BreakCallback
 .text.HAL_UART_Transmit
                0x0800491c      0x13e ./Drivers/STM32F0xx_HAL_Driver/Src/stm32f0xx_hal_uart.o
                0x0800491c                HAL_UART_Transmit
 .text.HAL_UART_Receive_IT
                0x08004a5a       0xae ./Drivers/STM32F0xx_HAL_Driver/Src/stm32f0xx_hal_uart.o
                0x08004a5a                HAL_UART_Receive_IT
 .text.HAL_UART_AbortReceive
                0x08004b08      0x15c ./Drivers/STM32F0xx_HAL_Driver/Src/stm32f0xx_hal_uart.o
                0x08004b08                HAL_UART_AbortReceive
 .text.HAL_UART_IRQHandler
                0x08004c64      0x590 ./Drivers/STM32F0xx_HAL_Driver/Src/stm32f0xx_hal_uart.o
                0x08004c64                HAL_UART_IRQHandler
 .text.HAL_UARTEx_RxEventCallback
                0x080051f4       0x16 ./Drivers/STM32F0xx_HAL_Driver/Src/stm32f0xx_hal_uart.o
                0x080051f4                HAL_UARTEx_RxEventCallback
 *fill*         0x0800520a        0x2 
 .text.UART_SetConfig
                0x0800520c      0x250 ./Drivers/STM32F0xx_HAL_Driver/Src/stm32f0xx_hal_uart.o
                0x0800520c                UART_SetConfig
 .text.UART_AdvFeatureConfig
                0x0800545c      0x168 ./Drivers/STM32F0xx_HAL_Driver/Src/stm32f0xx_hal_uart.o
                0x0800545c                UART_AdvFeatureConfig
 .text.UART_CheckIdleState
                0x080055c4      0x150 ./Drivers/STM32F0xx_HAL_Driver/Src/stm32f0xx_hal_uart.o
                0x080055c4                UART_CheckIdleState
 .text.UART_WaitOnFlagUntilTimeout
                0x08005714       0xde ./Drivers/STM32F0xx_HAL_Driver/Src/stm32f0xx_hal_uart.o
                0x08005714                UART_WaitOnFlagUntilTimeout
 *fill*         0x080057f2        0x2 
 .text.UART_Start_Receive_IT
                0x080057f4      0x16c ./Drivers/STM32F0xx_HAL_Driver/Src/stm32f0xx_hal_uart.o
                0x080057f4                UART_Start_Receive_IT
 .text.UART_EndRxTransfer
                0x08005960       0xc8 ./Drivers/STM32F0xx_HAL_Driver/Src/stm32f0xx_hal_uart.o
 .text.UART_DMAAbortOnError
                0x08005a28       0x2e ./Drivers/STM32F0xx_HAL_Driver/Src/stm32f0xx_hal_uart.o
 .text.UART_EndTransmit_IT
                0x08005a56       0x56 ./Drivers/STM32F0xx_HAL_Driver/Src/stm32f0xx_hal_uart.o
 .text.UART_RxISR_8BIT
                0x08005aac      0x1b8 ./Drivers/STM32F0xx_HAL_Driver/Src/stm32f0xx_hal_uart.o
 .text.UART_RxISR_16BIT
                0x08005c64      0x1b8 ./Drivers/STM32F0xx_HAL_Driver/Src/stm32f0xx_hal_uart.o
 .text.HAL_RS485Ex_Init
                0x08005e1c       0xe0 ./Drivers/STM32F0xx_HAL_Driver/Src/stm32f0xx_hal_uart_ex.o
                0x08005e1c                HAL_RS485Ex_Init
 .text.memset   0x08005efc       0x10 C:/STM/STM32CubeIDE_1.17.0/STM32CubeIDE/plugins/com.st.stm32cube.ide.mcu.externaltools.gnu-tools-for-stm32.12.3.rel1.win32_1.1.0.202410251130/tools/bin/../lib/gcc/arm-none-eabi/12.3.1/../../../../arm-none-eabi/lib/thumb/v6-m/nofp\libc_nano.a(libc_a-memset.o)
                0x08005efc                memset
 .text.__libc_init_array
                0x08005f0c       0x48 C:/STM/STM32CubeIDE_1.17.0/STM32CubeIDE/plugins/com.st.stm32cube.ide.mcu.externaltools.gnu-tools-for-stm32.12.3.rel1.win32_1.1.0.202410251130/tools/bin/../lib/gcc/arm-none-eabi/12.3.1/../../../../arm-none-eabi/lib/thumb/v6-m/nofp\libc_nano.a(libc_a-init.o)
                0x08005f0c                __libc_init_array
 *(.glue_7)
 .glue_7        0x08005f54        0x0 linker stubs
 *(.glue_7t)
 .glue_7t       0x08005f54        0x0 linker stubs
 *(.eh_frame)
 .eh_frame      0x08005f54        0x0 C:/STM/STM32CubeIDE_1.17.0/STM32CubeIDE/plugins/com.st.stm32cube.ide.mcu.externaltools.gnu-tools-for-stm32.12.3.rel1.win32_1.1.0.202410251130/tools/bin/../lib/gcc/arm-none-eabi/12.3.1/thumb/v6-m/nofp/crtbegin.o
 *(.init)
 .init          0x08005f54        0x4 C:/STM/STM32CubeIDE_1.17.0/STM32CubeIDE/plugins/com.st.stm32cube.ide.mcu.externaltools.gnu-tools-for-stm32.12.3.rel1.win32_1.1.0.202410251130/tools/bin/../lib/gcc/arm-none-eabi/12.3.1/thumb/v6-m/nofp/crti.o
                0x08005f54                _init
 .init          0x08005f58        0x8 C:/STM/STM32CubeIDE_1.17.0/STM32CubeIDE/plugins/com.st.stm32cube.ide.mcu.externaltools.gnu-tools-for-stm32.12.3.rel1.win32_1.1.0.202410251130/tools/bin/../lib/gcc/arm-none-eabi/12.3.1/thumb/v6-m/nofp/crtn.o
 *(.fini)
 .fini          0x08005f60        0x4 C:/STM/STM32CubeIDE_1.17.0/STM32CubeIDE/plugins/com.st.stm32cube.ide.mcu.externaltools.gnu-tools-for-stm32.12.3.rel1.win32_1.1.0.202410251130/tools/bin/../lib/gcc/arm-none-eabi/12.3.1/thumb/v6-m/nofp/crti.o
                0x08005f60                _fini
 .fini          0x08005f64        0x8 C:/STM/STM32CubeIDE_1.17.0/STM32CubeIDE/plugins/com.st.stm32cube.ide.mcu.externaltools.gnu-tools-for-stm32.12.3.rel1.win32_1.1.0.202410251130/tools/bin/../lib/gcc/arm-none-eabi/12.3.1/thumb/v6-m/nofp/crtn.o
                0x08005f6c                        . = ALIGN (0x4)
                0x08005f6c                        _etext = .

.vfp11_veneer   0x08005f6c        0x0
 .vfp11_veneer  0x08005f6c        0x0 linker stubs

.v4_bx          0x08005f6c        0x0
 .v4_bx         0x08005f6c        0x0 linker stubs

.iplt           0x08005f6c        0x0
 .iplt          0x08005f6c        0x0 C:/STM/STM32CubeIDE_1.17.0/STM32CubeIDE/plugins/com.st.stm32cube.ide.mcu.externaltools.gnu-tools-for-stm32.12.3.rel1.win32_1.1.0.202410251130/tools/bin/../lib/gcc/arm-none-eabi/12.3.1/thumb/v6-m/nofp/crtbegin.o

.rodata         0x08005f6c      0x26c
                0x08005f6c                        . = ALIGN (0x4)
 *(.rodata)
 *(.rodata*)
 .rodata.crc16_table
                0x08005f6c      0x200 ./Core/Src/TinyFrame.o
 .rodata.TF_AcceptChar
                0x0800616c       0x1c ./Core/Src/TinyFrame.o
 .rodata.main   0x08006188       0x18 ./Core/Src/main.o
 .rodata.AHBPrescTable
                0x080061a0       0x10 ./Core/Src/system_stm32f0xx.o
                0x080061a0                AHBPrescTable
 .rodata.APBPrescTable
                0x080061b0        0x8 ./Core/Src/system_stm32f0xx.o
                0x080061b0                APBPrescTable
 .rodata.aPLLMULFactorTable.1
                0x080061b8       0x10 ./Drivers/STM32F0xx_HAL_Driver/Src/stm32f0xx_hal_rcc.o
 .rodata.aPredivFactorTable.0
                0x080061c8       0x10 ./Drivers/STM32F0xx_HAL_Driver/Src/stm32f0xx_hal_rcc.o
                0x080061d8                        . = ALIGN (0x4)

.ARM.extab      0x080061d8        0x0
                0x080061d8                        . = ALIGN (0x4)
 *(.ARM.extab* .gnu.linkonce.armextab.*)
                0x080061d8                        . = ALIGN (0x4)

.ARM            0x080061d8        0x0
                0x080061d8                        . = ALIGN (0x4)
                0x080061d8                        __exidx_start = .
 *(.ARM.exidx*)
                0x080061d8                        __exidx_end = .
                0x080061d8                        . = ALIGN (0x4)

.preinit_array  0x080061d8        0x0
                0x080061d8                        . = ALIGN (0x4)
                0x080061d8                        PROVIDE (__preinit_array_start = .)
 *(.preinit_array*)
                0x080061d8                        PROVIDE (__preinit_array_end = .)
                0x080061d8                        . = ALIGN (0x4)

.init_array     0x080061d8        0x4
                0x080061d8                        . = ALIGN (0x4)
                0x080061d8                        PROVIDE (__init_array_start = .)
 *(SORT_BY_NAME(.init_array.*))
 *(.init_array*)
 .init_array    0x080061d8        0x4 C:/STM/STM32CubeIDE_1.17.0/STM32CubeIDE/plugins/com.st.stm32cube.ide.mcu.externaltools.gnu-tools-for-stm32.12.3.rel1.win32_1.1.0.202410251130/tools/bin/../lib/gcc/arm-none-eabi/12.3.1/thumb/v6-m/nofp/crtbegin.o
                0x080061dc                        PROVIDE (__init_array_end = .)
                0x080061dc                        . = ALIGN (0x4)

.fini_array     0x080061dc        0x4
                0x080061dc                        . = ALIGN (0x4)
                [!provide]                        PROVIDE (__fini_array_start = .)
 *(SORT_BY_NAME(.fini_array.*))
 *(.fini_array*)
 .fini_array    0x080061dc        0x4 C:/STM/STM32CubeIDE_1.17.0/STM32CubeIDE/plugins/com.st.stm32cube.ide.mcu.externaltools.gnu-tools-for-stm32.12.3.rel1.win32_1.1.0.202410251130/tools/bin/../lib/gcc/arm-none-eabi/12.3.1/thumb/v6-m/nofp/crtbegin.o
                [!provide]                        PROVIDE (__fini_array_end = .)
                0x080061e0                        . = ALIGN (0x4)
                0x080061e0                        _sidata = LOADADDR (.data)

.rel.dyn        0x080061e0        0x0
 .rel.iplt      0x080061e0        0x0 C:/STM/STM32CubeIDE_1.17.0/STM32CubeIDE/plugins/com.st.stm32cube.ide.mcu.externaltools.gnu-tools-for-stm32.12.3.rel1.win32_1.1.0.202410251130/tools/bin/../lib/gcc/arm-none-eabi/12.3.1/thumb/v6-m/nofp/crtbegin.o

.data           0x20000000       0x10 load address 0x080061e0
                0x20000000                        . = ALIGN (0x4)
                0x20000000                        _sdata = .
 *(.data)
 *(.data*)
 .data.error_order.1
                0x20000000        0x3 ./Core/Src/main.o
 .data.error_size.0
                0x20000003        0x1 ./Core/Src/main.o
 .data.SystemCoreClock
                0x20000004        0x4 ./Core/Src/system_stm32f0xx.o
                0x20000004                SystemCoreClock
 .data.uwTickPrio
                0x20000008        0x4 ./Drivers/STM32F0xx_HAL_Driver/Src/stm32f0xx_hal.o
                0x20000008                uwTickPrio
 .data.uwTickFreq
                0x2000000c        0x1 ./Drivers/STM32F0xx_HAL_Driver/Src/stm32f0xx_hal.o
                0x2000000c                uwTickFreq
 *(.RamFunc)
 *(.RamFunc*)
                0x20000010                        . = ALIGN (0x4)
 *fill*         0x2000000d        0x3 
                0x20000010                        _edata = .

.igot.plt       0x20000010        0x0 load address 0x080061f0
 .igot.plt      0x20000010        0x0 C:/STM/STM32CubeIDE_1.17.0/STM32CubeIDE/plugins/com.st.stm32cube.ide.mcu.externaltools.gnu-tools-for-stm32.12.3.rel1.win32_1.1.0.202410251130/tools/bin/../lib/gcc/arm-none-eabi/12.3.1/thumb/v6-m/nofp/crtbegin.o
                0x20000010                        . = ALIGN (0x4)

.bss            0x20000010      0x884 load address 0x080061f0
                0x20000010                        _sbss = .
                0x20000010                        __bss_start__ = _sbss
 *(.bss)
 .bss           0x20000010       0x1c C:/STM/STM32CubeIDE_1.17.0/STM32CubeIDE/plugins/com.st.stm32cube.ide.mcu.externaltools.gnu-tools-for-stm32.12.3.rel1.win32_1.1.0.202410251130/tools/bin/../lib/gcc/arm-none-eabi/12.3.1/thumb/v6-m/nofp/crtbegin.o
 *(.bss*)
 .bss.hadc      0x2000002c       0x40 ./Core/Src/main.o
                0x2000002c                hadc
 .bss.hcrc      0x2000006c       0x1c ./Core/Src/main.o
                0x2000006c                hcrc
 .bss.htim14    0x20000088       0x48 ./Core/Src/main.o
                0x20000088                htim14
 .bss.huart1    0x200000d0       0x88 ./Core/Src/main.o
                0x200000d0                huart1
 .bss.tfapp     0x20000158      0x6f0 ./Core/Src/main.o
                0x20000158                tfapp
 .bss.rec       0x20000848        0x1 ./Core/Src/main.o
                0x20000848                rec
 .bss.addr      0x20000849        0x1 ./Core/Src/main.o
                0x20000849                addr
 .bss.sys_flags
                0x2000084a        0x1 ./Core/Src/main.o
                0x2000084a                sys_flags
 .bss.led_cnt   0x2000084b        0x1 ./Core/Src/main.o
                0x2000084b                led_cnt
 .bss.led_rep   0x2000084c        0x1 ./Core/Src/main.o
                0x2000084c                led_rep
 .bss.error_cnt
                0x2000084d        0x1 ./Core/Src/main.o
                0x2000084d                error_cnt
 .bss.trafo_temp
                0x2000084e        0x2 ./Core/Src/main.o
                0x2000084e                trafo_temp
 .bss.triac_temp
                0x20000850        0x2 ./Core/Src/main.o
                0x20000850                triac_temp
 .bss.tmr       0x20000852        0x2 ./Core/Src/main.o
                0x20000852                tmr
 .bss.blink_done
                0x20000854        0x1 ./Core/Src/main.o
                0x20000854                blink_done
 *fill*         0x20000855        0x3 
 .bss.chktmr    0x20000858        0x4 ./Core/Src/main.o
                0x20000858                chktmr
 .bss.start_tmr
                0x2000085c        0x4 ./Core/Src/main.o
                0x2000085c                start_tmr
 .bss.start_tout
                0x20000860        0x4 ./Core/Src/main.o
                0x20000860                start_tout
 .bss.led_tmr   0x20000864        0x4 ./Core/Src/main.o
                0x20000864                led_tmr
 .bss.led_tout  0x20000868        0x4 ./Core/Src/main.o
                0x20000868                led_tout
 .bss.start_led_tmr
                0x2000086c        0x4 ./Core/Src/main.o
                0x2000086c                start_led_tmr
 .bss.init_tf   0x20000870        0x1 ./Core/Src/main.o
                0x20000870                init_tf
 .bss.start     0x20000871        0x1 ./Core/Src/main.o
                0x20000871                start
 .bss.stop      0x20000872        0x1 ./Core/Src/main.o
                0x20000872                stop
 .bss.end       0x20000873        0x1 ./Core/Src/main.o
                0x20000873                end
 .bss.error     0x20000874        0x1 ./Core/Src/main.o
                0x20000874                error
 .bss.remote    0x20000875        0x1 ./Core/Src/main.o
                0x20000875                remote
 .bss.trigger1  0x20000876        0x1 ./Core/Src/main.o
 .bss.trigger2  0x20000877        0x1 ./Core/Src/main.o
 .bss.sys_state
                0x20000878        0x1 ./Core/Src/main.o
                0x20000878                sys_state
 *fill*         0x20000879        0x3 
 .bss.loctmr.6  0x2000087c        0x4 ./Core/Src/main.o
 .bss.adc_timer.5
                0x20000880        0x4 ./Core/Src/main.o
 .bss.adc_cnt.4
                0x20000884        0x1 ./Core/Src/main.o
 *fill*         0x20000885        0x3 
 .bss.inner_counter.3
                0x20000888        0x4 ./Core/Src/main.o
 .bss.error_index.2
                0x2000088c        0x1 ./Core/Src/main.o
 *fill*         0x2000088d        0x3 
 .bss.uwTick    0x20000890        0x4 ./Drivers/STM32F0xx_HAL_Driver/Src/stm32f0xx_hal.o
                0x20000890                uwTick
 *(COMMON)
                0x20000894                        . = ALIGN (0x4)
                0x20000894                        _ebss = .
                0x20000894                        __bss_end__ = _ebss

._user_heap_stack
                0x20000894      0x604 load address 0x080061f0
                0x20000898                        . = ALIGN (0x8)
 *fill*         0x20000894        0x4 
                [!provide]                        PROVIDE (end = .)
                0x20000898                        PROVIDE (_end = .)
                0x20000a98                        . = (. + _Min_Heap_Size)
 *fill*         0x20000898      0x200 
                0x20000e98                        . = (. + _Min_Stack_Size)
 *fill*         0x20000a98      0x400 
                0x20000e98                        . = ALIGN (0x8)

/DISCARD/
 libc.a(*)
 libm.a(*)
 libgcc.a(*)

.ARM.attributes
                0x00000000       0x28
 *(.ARM.attributes)
 .ARM.attributes
                0x00000000       0x1e C:/STM/STM32CubeIDE_1.17.0/STM32CubeIDE/plugins/com.st.stm32cube.ide.mcu.externaltools.gnu-tools-for-stm32.12.3.rel1.win32_1.1.0.202410251130/tools/bin/../lib/gcc/arm-none-eabi/12.3.1/thumb/v6-m/nofp/crti.o
 .ARM.attributes
                0x0000001e       0x2c C:/STM/STM32CubeIDE_1.17.0/STM32CubeIDE/plugins/com.st.stm32cube.ide.mcu.externaltools.gnu-tools-for-stm32.12.3.rel1.win32_1.1.0.202410251130/tools/bin/../lib/gcc/arm-none-eabi/12.3.1/thumb/v6-m/nofp/crtbegin.o
 .ARM.attributes
                0x0000004a       0x2c ./Core/Src/TinyFrame.o
 .ARM.attributes
                0x00000076       0x2c ./Core/Src/main.o
 .ARM.attributes
                0x000000a2       0x2c ./Core/Src/stm32f0xx_hal_msp.o
 .ARM.attributes
                0x000000ce       0x2c ./Core/Src/stm32f0xx_it.o
 .ARM.attributes
                0x000000fa       0x2c ./Core/Src/system_stm32f0xx.o
 .ARM.attributes
                0x00000126       0x21 ./Core/Startup/startup_stm32f030f4px.o
 .ARM.attributes
                0x00000147       0x2c ./Drivers/STM32F0xx_HAL_Driver/Src/stm32f0xx_hal.o
 .ARM.attributes
                0x00000173       0x2c ./Drivers/STM32F0xx_HAL_Driver/Src/stm32f0xx_hal_adc.o
 .ARM.attributes
                0x0000019f       0x2c ./Drivers/STM32F0xx_HAL_Driver/Src/stm32f0xx_hal_cortex.o
 .ARM.attributes
                0x000001cb       0x2c ./Drivers/STM32F0xx_HAL_Driver/Src/stm32f0xx_hal_crc.o
 .ARM.attributes
                0x000001f7       0x2c ./Drivers/STM32F0xx_HAL_Driver/Src/stm32f0xx_hal_dma.o
 .ARM.attributes
                0x00000223       0x2c ./Drivers/STM32F0xx_HAL_Driver/Src/stm32f0xx_hal_gpio.o
 .ARM.attributes
                0x0000024f       0x2c ./Drivers/STM32F0xx_HAL_Driver/Src/stm32f0xx_hal_rcc.o
 .ARM.attributes
                0x0000027b       0x2c ./Drivers/STM32F0xx_HAL_Driver/Src/stm32f0xx_hal_rcc_ex.o
 .ARM.attributes
                0x000002a7       0x2c ./Drivers/STM32F0xx_HAL_Driver/Src/stm32f0xx_hal_tim.o
 .ARM.attributes
                0x000002d3       0x2c ./Drivers/STM32F0xx_HAL_Driver/Src/stm32f0xx_hal_tim_ex.o
 .ARM.attributes
                0x000002ff       0x2c ./Drivers/STM32F0xx_HAL_Driver/Src/stm32f0xx_hal_uart.o
 .ARM.attributes
                0x0000032b       0x2c ./Drivers/STM32F0xx_HAL_Driver/Src/stm32f0xx_hal_uart_ex.o
 .ARM.attributes
                0x00000357       0x2c C:/STM/STM32CubeIDE_1.17.0/STM32CubeIDE/plugins/com.st.stm32cube.ide.mcu.externaltools.gnu-tools-for-stm32.12.3.rel1.win32_1.1.0.202410251130/tools/bin/../lib/gcc/arm-none-eabi/12.3.1/../../../../arm-none-eabi/lib/thumb/v6-m/nofp\libc_nano.a(libc_a-memset.o)
 .ARM.attributes
                0x00000383       0x2c C:/STM/STM32CubeIDE_1.17.0/STM32CubeIDE/plugins/com.st.stm32cube.ide.mcu.externaltools.gnu-tools-for-stm32.12.3.rel1.win32_1.1.0.202410251130/tools/bin/../lib/gcc/arm-none-eabi/12.3.1/../../../../arm-none-eabi/lib/thumb/v6-m/nofp\libc_nano.a(libc_a-init.o)
 .ARM.attributes
                0x000003af       0x1e C:/STM/STM32CubeIDE_1.17.0/STM32CubeIDE/plugins/com.st.stm32cube.ide.mcu.externaltools.gnu-tools-for-stm32.12.3.rel1.win32_1.1.0.202410251130/tools/bin/../lib/gcc/arm-none-eabi/12.3.1/thumb/v6-m/nofp\libgcc.a(_udivsi3.o)
 .ARM.attributes
                0x000003cd       0x1e C:/STM/STM32CubeIDE_1.17.0/STM32CubeIDE/plugins/com.st.stm32cube.ide.mcu.externaltools.gnu-tools-for-stm32.12.3.rel1.win32_1.1.0.202410251130/tools/bin/../lib/gcc/arm-none-eabi/12.3.1/thumb/v6-m/nofp\libgcc.a(_dvmd_tls.o)
 .ARM.attributes
                0x000003eb       0x1e C:/STM/STM32CubeIDE_1.17.0/STM32CubeIDE/plugins/com.st.stm32cube.ide.mcu.externaltools.gnu-tools-for-stm32.12.3.rel1.win32_1.1.0.202410251130/tools/bin/../lib/gcc/arm-none-eabi/12.3.1/thumb/v6-m/nofp/crtn.o
OUTPUT(DE-230924.elf elf32-littlearm)
LOAD linker stubs
LOAD C:/STM/STM32CubeIDE_1.17.0/STM32CubeIDE/plugins/com.st.stm32cube.ide.mcu.externaltools.gnu-tools-for-stm32.12.3.rel1.win32_1.1.0.202410251130/tools/bin/../lib/gcc/arm-none-eabi/12.3.1/../../../../arm-none-eabi/lib/thumb/v6-m/nofp\libc.a
LOAD C:/STM/STM32CubeIDE_1.17.0/STM32CubeIDE/plugins/com.st.stm32cube.ide.mcu.externaltools.gnu-tools-for-stm32.12.3.rel1.win32_1.1.0.202410251130/tools/bin/../lib/gcc/arm-none-eabi/12.3.1/../../../../arm-none-eabi/lib/thumb/v6-m/nofp\libm.a
LOAD C:/STM/STM32CubeIDE_1.17.0/STM32CubeIDE/plugins/com.st.stm32cube.ide.mcu.externaltools.gnu-tools-for-stm32.12.3.rel1.win32_1.1.0.202410251130/tools/bin/../lib/gcc/arm-none-eabi/12.3.1/thumb/v6-m/nofp\libgcc.a

.debug_info     0x00000000    0x10d14
 .debug_info    0x00000000     0x12ad ./Core/Src/TinyFrame.o
 .debug_info    0x000012ad     0x2305 ./Core/Src/main.o
 .debug_info    0x000035b2     0x1201 ./Core/Src/stm32f0xx_hal_msp.o
 .debug_info    0x000047b3      0xa36 ./Core/Src/stm32f0xx_it.o
 .debug_info    0x000051e9      0x242 ./Core/Src/system_stm32f0xx.o
 .debug_info    0x0000542b       0x30 ./Core/Startup/startup_stm32f030f4px.o
 .debug_info    0x0000545b      0x652 ./Drivers/STM32F0xx_HAL_Driver/Src/stm32f0xx_hal.o
 .debug_info    0x00005aad      0xc70 ./Drivers/STM32F0xx_HAL_Driver/Src/stm32f0xx_hal_adc.o
 .debug_info    0x0000671d      0x67d ./Drivers/STM32F0xx_HAL_Driver/Src/stm32f0xx_hal_cortex.o
 .debug_info    0x00006d9a      0x4f6 ./Drivers/STM32F0xx_HAL_Driver/Src/stm32f0xx_hal_crc.o
 .debug_info    0x00007290      0x700 ./Drivers/STM32F0xx_HAL_Driver/Src/stm32f0xx_hal_dma.o
 .debug_info    0x00007990      0x5c8 ./Drivers/STM32F0xx_HAL_Driver/Src/stm32f0xx_hal_gpio.o
 .debug_info    0x00007f58      0x844 ./Drivers/STM32F0xx_HAL_Driver/Src/stm32f0xx_hal_rcc.o
 .debug_info    0x0000879c      0x35d ./Drivers/STM32F0xx_HAL_Driver/Src/stm32f0xx_hal_rcc_ex.o
 .debug_info    0x00008af9     0x2946 ./Drivers/STM32F0xx_HAL_Driver/Src/stm32f0xx_hal_tim.o
 .debug_info    0x0000b43f     0x1488 ./Drivers/STM32F0xx_HAL_Driver/Src/stm32f0xx_hal_tim_ex.o
 .debug_info    0x0000c8c7     0x3a2a ./Drivers/STM32F0xx_HAL_Driver/Src/stm32f0xx_hal_uart.o
 .debug_info    0x000102f1      0xa23 ./Drivers/STM32F0xx_HAL_Driver/Src/stm32f0xx_hal_uart_ex.o

.debug_abbrev   0x00000000     0x275b
 .debug_abbrev  0x00000000      0x38d ./Core/Src/TinyFrame.o
 .debug_abbrev  0x0000038d      0x409 ./Core/Src/main.o
 .debug_abbrev  0x00000796      0x238 ./Core/Src/stm32f0xx_hal_msp.o
 .debug_abbrev  0x000009ce      0x1ae ./Core/Src/stm32f0xx_it.o
 .debug_abbrev  0x00000b7c      0x11c ./Core/Src/system_stm32f0xx.o
 .debug_abbrev  0x00000c98       0x24 ./Core/Startup/startup_stm32f030f4px.o
 .debug_abbrev  0x00000cbc      0x24b ./Drivers/STM32F0xx_HAL_Driver/Src/stm32f0xx_hal.o
 .debug_abbrev  0x00000f07      0x210 ./Drivers/STM32F0xx_HAL_Driver/Src/stm32f0xx_hal_adc.o
 .debug_abbrev  0x00001117      0x28c ./Drivers/STM32F0xx_HAL_Driver/Src/stm32f0xx_hal_cortex.o
 .debug_abbrev  0x000013a3      0x19d ./Drivers/STM32F0xx_HAL_Driver/Src/stm32f0xx_hal_crc.o
 .debug_abbrev  0x00001540      0x1ef ./Drivers/STM32F0xx_HAL_Driver/Src/stm32f0xx_hal_dma.o
 .debug_abbrev  0x0000172f      0x1c6 ./Drivers/STM32F0xx_HAL_Driver/Src/stm32f0xx_hal_gpio.o
 .debug_abbrev  0x000018f5      0x28b ./Drivers/STM32F0xx_HAL_Driver/Src/stm32f0xx_hal_rcc.o
 .debug_abbrev  0x00001b80      0x16f ./Drivers/STM32F0xx_HAL_Driver/Src/stm32f0xx_hal_rcc_ex.o
 .debug_abbrev  0x00001cef      0x28c ./Drivers/STM32F0xx_HAL_Driver/Src/stm32f0xx_hal_tim.o
 .debug_abbrev  0x00001f7b      0x297 ./Drivers/STM32F0xx_HAL_Driver/Src/stm32f0xx_hal_tim_ex.o
 .debug_abbrev  0x00002212      0x2cc ./Drivers/STM32F0xx_HAL_Driver/Src/stm32f0xx_hal_uart.o
 .debug_abbrev  0x000024de      0x27d ./Drivers/STM32F0xx_HAL_Driver/Src/stm32f0xx_hal_uart_ex.o

.debug_aranges  0x00000000      0xf78
 .debug_aranges
                0x00000000      0x190 ./Core/Src/TinyFrame.o
 .debug_aranges
                0x00000190       0xd0 ./Core/Src/main.o
 .debug_aranges
                0x00000260       0x60 ./Core/Src/stm32f0xx_hal_msp.o
 .debug_aranges
                0x000002c0       0x58 ./Core/Src/stm32f0xx_it.o
 .debug_aranges
                0x00000318       0x28 ./Core/Src/system_stm32f0xx.o
 .debug_aranges
                0x00000340       0x28 ./Core/Startup/startup_stm32f030f4px.o
 .debug_aranges
                0x00000368       0xd0 ./Drivers/STM32F0xx_HAL_Driver/Src/stm32f0xx_hal.o
 .debug_aranges
                0x00000438       0xf8 ./Drivers/STM32F0xx_HAL_Driver/Src/stm32f0xx_hal_adc.o
 .debug_aranges
                0x00000530       0xc0 ./Drivers/STM32F0xx_HAL_Driver/Src/stm32f0xx_hal_cortex.o
 .debug_aranges
                0x000005f0       0x60 ./Drivers/STM32F0xx_HAL_Driver/Src/stm32f0xx_hal_crc.o
 .debug_aranges
                0x00000650       0x88 ./Drivers/STM32F0xx_HAL_Driver/Src/stm32f0xx_hal_dma.o
 .debug_aranges
                0x000006d8       0x58 ./Drivers/STM32F0xx_HAL_Driver/Src/stm32f0xx_hal_gpio.o
 .debug_aranges
                0x00000730       0x80 ./Drivers/STM32F0xx_HAL_Driver/Src/stm32f0xx_hal_rcc.o
 .debug_aranges
                0x000007b0       0x30 ./Drivers/STM32F0xx_HAL_Driver/Src/stm32f0xx_hal_rcc_ex.o
 .debug_aranges
                0x000007e0      0x3d0 ./Drivers/STM32F0xx_HAL_Driver/Src/stm32f0xx_hal_tim.o
 .debug_aranges
                0x00000bb0      0x168 ./Drivers/STM32F0xx_HAL_Driver/Src/stm32f0xx_hal_tim_ex.o
 .debug_aranges
                0x00000d18      0x218 ./Drivers/STM32F0xx_HAL_Driver/Src/stm32f0xx_hal_uart.o
 .debug_aranges
                0x00000f30       0x48 ./Drivers/STM32F0xx_HAL_Driver/Src/stm32f0xx_hal_uart_ex.o

.debug_rnglists
                0x00000000      0xc2c
 .debug_rnglists
                0x00000000      0x136 ./Core/Src/TinyFrame.o
 .debug_rnglists
                0x00000136       0xa2 ./Core/Src/main.o
 .debug_rnglists
                0x000001d8       0x45 ./Core/Src/stm32f0xx_hal_msp.o
 .debug_rnglists
                0x0000021d       0x3d ./Core/Src/stm32f0xx_it.o
 .debug_rnglists
                0x0000025a       0x1a ./Core/Src/system_stm32f0xx.o
 .debug_rnglists
                0x00000274       0x19 ./Core/Startup/startup_stm32f030f4px.o
 .debug_rnglists
                0x0000028d       0x97 ./Drivers/STM32F0xx_HAL_Driver/Src/stm32f0xx_hal.o
 .debug_rnglists
                0x00000324       0xc6 ./Drivers/STM32F0xx_HAL_Driver/Src/stm32f0xx_hal_adc.o
 .debug_rnglists
                0x000003ea       0x8c ./Drivers/STM32F0xx_HAL_Driver/Src/stm32f0xx_hal_cortex.o
 .debug_rnglists
                0x00000476       0x47 ./Drivers/STM32F0xx_HAL_Driver/Src/stm32f0xx_hal_crc.o
 .debug_rnglists
                0x000004bd       0x6a ./Drivers/STM32F0xx_HAL_Driver/Src/stm32f0xx_hal_dma.o
 .debug_rnglists
                0x00000527       0x3f ./Drivers/STM32F0xx_HAL_Driver/Src/stm32f0xx_hal_gpio.o
 .debug_rnglists
                0x00000566       0x61 ./Drivers/STM32F0xx_HAL_Driver/Src/stm32f0xx_hal_rcc.o
 .debug_rnglists
                0x000005c7       0x21 ./Drivers/STM32F0xx_HAL_Driver/Src/stm32f0xx_hal_rcc_ex.o
 .debug_rnglists
                0x000005e8      0x31b ./Drivers/STM32F0xx_HAL_Driver/Src/stm32f0xx_hal_tim.o
 .debug_rnglists
                0x00000903      0x126 ./Drivers/STM32F0xx_HAL_Driver/Src/stm32f0xx_hal_tim_ex.o
 .debug_rnglists
                0x00000a29      0x1ce ./Drivers/STM32F0xx_HAL_Driver/Src/stm32f0xx_hal_uart.o
 .debug_rnglists
                0x00000bf7       0x35 ./Drivers/STM32F0xx_HAL_Driver/Src/stm32f0xx_hal_uart_ex.o

.debug_macro    0x00000000    0x120cc
 .debug_macro   0x00000000      0x48c ./Core/Src/TinyFrame.o
 .debug_macro   0x0000048c      0xa8a ./Core/Src/TinyFrame.o
 .debug_macro   0x00000f16       0x10 ./Core/Src/TinyFrame.o
 .debug_macro   0x00000f26       0x22 ./Core/Src/TinyFrame.o
 .debug_macro   0x00000f48       0x8e ./Core/Src/TinyFrame.o
 .debug_macro   0x00000fd6       0x51 ./Core/Src/TinyFrame.o
 .debug_macro   0x00001027      0x103 ./Core/Src/TinyFrame.o
 .debug_macro   0x0000112a       0x6a ./Core/Src/TinyFrame.o
 .debug_macro   0x00001194      0x1df ./Core/Src/TinyFrame.o
 .debug_macro   0x00001373       0x22 ./Core/Src/TinyFrame.o
 .debug_macro   0x00001395      0x189 ./Core/Src/TinyFrame.o
 .debug_macro   0x0000151e       0x61 ./Core/Src/TinyFrame.o
 .debug_macro   0x0000157f       0x24 ./Core/Src/TinyFrame.o
 .debug_macro   0x000015a3       0x43 ./Core/Src/TinyFrame.o
 .debug_macro   0x000015e6       0x34 ./Core/Src/TinyFrame.o
 .debug_macro   0x0000161a       0x16 ./Core/Src/TinyFrame.o
 .debug_macro   0x00001630       0x43 ./Core/Src/TinyFrame.o
 .debug_macro   0x00001673       0x34 ./Core/Src/TinyFrame.o
 .debug_macro   0x000016a7       0x10 ./Core/Src/TinyFrame.o
 .debug_macro   0x000016b7       0x58 ./Core/Src/TinyFrame.o
 .debug_macro   0x0000170f       0x8e ./Core/Src/TinyFrame.o
 .debug_macro   0x0000179d       0x1c ./Core/Src/TinyFrame.o
 .debug_macro   0x000017b9      0x177 ./Core/Src/TinyFrame.o
 .debug_macro   0x00001930      0x369 ./Core/Src/TinyFrame.o
 .debug_macro   0x00001c99       0x10 ./Core/Src/TinyFrame.o
 .debug_macro   0x00001ca9       0x35 ./Core/Src/TinyFrame.o
 .debug_macro   0x00001cde       0x20 ./Core/Src/TinyFrame.o
 .debug_macro   0x00001cfe      0x145 ./Core/Src/TinyFrame.o
 .debug_macro   0x00001e43       0x2e ./Core/Src/TinyFrame.o
 .debug_macro   0x00001e71       0x22 ./Core/Src/TinyFrame.o
 .debug_macro   0x00001e93       0x1c ./Core/Src/TinyFrame.o
 .debug_macro   0x00001eaf       0x22 ./Core/Src/TinyFrame.o
 .debug_macro   0x00001ed1       0xaf ./Core/Src/TinyFrame.o
 .debug_macro   0x00001f80      0x391 ./Core/Src/TinyFrame.o
 .debug_macro   0x00002311     0x6e6e ./Core/Src/TinyFrame.o
 .debug_macro   0x0000917f       0x66 ./Core/Src/TinyFrame.o
 .debug_macro   0x000091e5     0x34da ./Core/Src/TinyFrame.o
 .debug_macro   0x0000c6bf       0x4f ./Core/Src/TinyFrame.o
 .debug_macro   0x0000c70e      0x924 ./Core/Src/TinyFrame.o
 .debug_macro   0x0000d032       0xe5 ./Core/Src/TinyFrame.o
 .debug_macro   0x0000d117      0x1ae ./Core/Src/TinyFrame.o
 .debug_macro   0x0000d2c5       0xb3 ./Core/Src/TinyFrame.o
 .debug_macro   0x0000d378      0x1a0 ./Core/Src/TinyFrame.o
 .debug_macro   0x0000d518      0x1ed ./Core/Src/TinyFrame.o
 .debug_macro   0x0000d705       0x34 ./Core/Src/TinyFrame.o
 .debug_macro   0x0000d739       0x43 ./Core/Src/TinyFrame.o
 .debug_macro   0x0000d77c       0x28 ./Core/Src/TinyFrame.o
 .debug_macro   0x0000d7a4      0x33d ./Core/Src/TinyFrame.o
 .debug_macro   0x0000dae1       0xbc ./Core/Src/TinyFrame.o
 .debug_macro   0x0000db9d       0x6c ./Core/Src/TinyFrame.o
 .debug_macro   0x0000dc09       0x4c ./Core/Src/TinyFrame.o
 .debug_macro   0x0000dc55       0xb0 ./Core/Src/TinyFrame.o
 .debug_macro   0x0000dd05      0x15a ./Core/Src/TinyFrame.o
 .debug_macro   0x0000de5f      0x22c ./Core/Src/TinyFrame.o
 .debug_macro   0x0000e08b       0x61 ./Core/Src/TinyFrame.o
 .debug_macro   0x0000e0ec       0xa5 ./Core/Src/TinyFrame.o
 .debug_macro   0x0000e191       0x85 ./Core/Src/TinyFrame.o
 .debug_macro   0x0000e216       0x4c ./Core/Src/TinyFrame.o
 .debug_macro   0x0000e262       0x2b ./Core/Src/TinyFrame.o
 .debug_macro   0x0000e28d      0x8f4 ./Core/Src/TinyFrame.o
 .debug_macro   0x0000eb81       0x28 ./Core/Src/TinyFrame.o
 .debug_macro   0x0000eba9      0x56d ./Core/Src/TinyFrame.o
 .debug_macro   0x0000f116       0x3e ./Core/Src/TinyFrame.o
 .debug_macro   0x0000f154       0xf1 ./Core/Src/TinyFrame.o
 .debug_macro   0x0000f245       0x7c ./Core/Src/TinyFrame.o
 .debug_macro   0x0000f2c1       0x35 ./Core/Src/TinyFrame.o
 .debug_macro   0x0000f2f6       0x2e ./Core/Src/TinyFrame.o
 .debug_macro   0x0000f324       0x8e ./Core/Src/TinyFrame.o
 .debug_macro   0x0000f3b2       0x34 ./Core/Src/TinyFrame.o
 .debug_macro   0x0000f3e6       0x1c ./Core/Src/TinyFrame.o
 .debug_macro   0x0000f402       0x10 ./Core/Src/TinyFrame.o
 .debug_macro   0x0000f412       0x1c ./Core/Src/TinyFrame.o
 .debug_macro   0x0000f42e       0x16 ./Core/Src/TinyFrame.o
 .debug_macro   0x0000f444      0x146 ./Core/Src/TinyFrame.o
 .debug_macro   0x0000f58a       0x5f ./Core/Src/TinyFrame.o
 .debug_macro   0x0000f5e9       0x16 ./Core/Src/TinyFrame.o
 .debug_macro   0x0000f5ff       0x16 ./Core/Src/TinyFrame.o
 .debug_macro   0x0000f615       0x29 ./Core/Src/TinyFrame.o
 .debug_macro   0x0000f63e       0x10 ./Core/Src/TinyFrame.o
 .debug_macro   0x0000f64e       0x1c ./Core/Src/TinyFrame.o
 .debug_macro   0x0000f66a       0x52 ./Core/Src/TinyFrame.o
 .debug_macro   0x0000f6bc       0x22 ./Core/Src/TinyFrame.o
 .debug_macro   0x0000f6de       0x10 ./Core/Src/TinyFrame.o
 .debug_macro   0x0000f6ee       0x52 ./Core/Src/TinyFrame.o
 .debug_macro   0x0000f740       0xc1 ./Core/Src/TinyFrame.o
 .debug_macro   0x0000f801       0x1c ./Core/Src/TinyFrame.o
 .debug_macro   0x0000f81d       0x3d ./Core/Src/TinyFrame.o
 .debug_macro   0x0000f85a      0x18a ./Core/Src/TinyFrame.o
 .debug_macro   0x0000f9e4       0x16 ./Core/Src/TinyFrame.o
 .debug_macro   0x0000f9fa      0x448 ./Core/Src/main.o
 .debug_macro   0x0000fe42       0x55 ./Core/Src/main.o
 .debug_macro   0x0000fe97      0x19b ./Core/Src/main.o
 .debug_macro   0x00010032      0x35d ./Core/Src/stm32f0xx_hal_msp.o
 .debug_macro   0x0001038f      0x367 ./Core/Src/stm32f0xx_it.o
 .debug_macro   0x000106f6      0x1f3 ./Core/Src/system_stm32f0xx.o
 .debug_macro   0x000108e9      0x217 ./Drivers/STM32F0xx_HAL_Driver/Src/stm32f0xx_hal.o
 .debug_macro   0x00010b00      0x217 ./Drivers/STM32F0xx_HAL_Driver/Src/stm32f0xx_hal_adc.o
 .debug_macro   0x00010d17      0x1f3 ./Drivers/STM32F0xx_HAL_Driver/Src/stm32f0xx_hal_cortex.o
 .debug_macro   0x00010f0a      0x1f3 ./Drivers/STM32F0xx_HAL_Driver/Src/stm32f0xx_hal_crc.o
 .debug_macro   0x000110fd      0x1f3 ./Drivers/STM32F0xx_HAL_Driver/Src/stm32f0xx_hal_dma.o
 .debug_macro   0x000112f0      0x1fa ./Drivers/STM32F0xx_HAL_Driver/Src/stm32f0xx_hal_gpio.o
 .debug_macro   0x000114ea      0x205 ./Drivers/STM32F0xx_HAL_Driver/Src/stm32f0xx_hal_rcc.o
 .debug_macro   0x000116ef      0x1f3 ./Drivers/STM32F0xx_HAL_Driver/Src/stm32f0xx_hal_rcc_ex.o
 .debug_macro   0x000118e2      0x1f4 ./Drivers/STM32F0xx_HAL_Driver/Src/stm32f0xx_hal_tim.o
 .debug_macro   0x00011ad6      0x1f3 ./Drivers/STM32F0xx_HAL_Driver/Src/stm32f0xx_hal_tim_ex.o
 .debug_macro   0x00011cc9      0x210 ./Drivers/STM32F0xx_HAL_Driver/Src/stm32f0xx_hal_uart.o
 .debug_macro   0x00011ed9      0x1f3 ./Drivers/STM32F0xx_HAL_Driver/Src/stm32f0xx_hal_uart_ex.o

.debug_line     0x00000000    0x131ad
 .debug_line    0x00000000     0x15a4 ./Core/Src/TinyFrame.o
 .debug_line    0x000015a4     0x123b ./Core/Src/main.o
 .debug_line    0x000027df      0xab5 ./Core/Src/stm32f0xx_hal_msp.o
 .debug_line    0x00003294      0xa48 ./Core/Src/stm32f0xx_it.o
 .debug_line    0x00003cdc      0x850 ./Core/Src/system_stm32f0xx.o
 .debug_line    0x0000452c       0x7b ./Core/Startup/startup_stm32f030f4px.o
 .debug_line    0x000045a7      0xa5b ./Drivers/STM32F0xx_HAL_Driver/Src/stm32f0xx_hal.o
 .debug_line    0x00005002     0x128d ./Drivers/STM32F0xx_HAL_Driver/Src/stm32f0xx_hal_adc.o
 .debug_line    0x0000628f      0xb07 ./Drivers/STM32F0xx_HAL_Driver/Src/stm32f0xx_hal_cortex.o
 .debug_line    0x00006d96      0xb10 ./Drivers/STM32F0xx_HAL_Driver/Src/stm32f0xx_hal_crc.o
 .debug_line    0x000078a6      0xd7f ./Drivers/STM32F0xx_HAL_Driver/Src/stm32f0xx_hal_dma.o
 .debug_line    0x00008625      0xbf4 ./Drivers/STM32F0xx_HAL_Driver/Src/stm32f0xx_hal_gpio.o
 .debug_line    0x00009219      0xe40 ./Drivers/STM32F0xx_HAL_Driver/Src/stm32f0xx_hal_rcc.o
 .debug_line    0x0000a059      0x9b7 ./Drivers/STM32F0xx_HAL_Driver/Src/stm32f0xx_hal_rcc_ex.o
 .debug_line    0x0000aa10     0x3718 ./Drivers/STM32F0xx_HAL_Driver/Src/stm32f0xx_hal_tim.o
 .debug_line    0x0000e128     0x1981 ./Drivers/STM32F0xx_HAL_Driver/Src/stm32f0xx_hal_tim_ex.o
 .debug_line    0x0000faa9     0x2c35 ./Drivers/STM32F0xx_HAL_Driver/Src/stm32f0xx_hal_uart.o
 .debug_line    0x000126de      0xacf ./Drivers/STM32F0xx_HAL_Driver/Src/stm32f0xx_hal_uart_ex.o

.debug_str      0x00000000    0x6aa95
 .debug_str     0x00000000    0x65b8a ./Core/Src/TinyFrame.o
                              0x65e5c (size before relaxing)
 .debug_str     0x00065b8a     0x2269 ./Core/Src/main.o
                              0x66e11 (size before relaxing)
 .debug_str     0x00067df3       0xb2 ./Core/Src/stm32f0xx_hal_msp.o
                              0x6541d (size before relaxing)
 .debug_str     0x00067ea5       0xf8 ./Core/Src/stm32f0xx_it.o
                              0x64f4a (size before relaxing)
 .debug_str     0x00067f9d       0x8b ./Core/Src/system_stm32f0xx.o
                              0x605c4 (size before relaxing)
 .debug_str     0x00068028       0x81 ./Core/Startup/startup_stm32f030f4px.o
 .debug_str     0x000680a9      0x363 ./Drivers/STM32F0xx_HAL_Driver/Src/stm32f0xx_hal.o
                              0x60b2a (size before relaxing)
 .debug_str     0x0006840c      0x348 ./Drivers/STM32F0xx_HAL_Driver/Src/stm32f0xx_hal_adc.o
                              0x60cd8 (size before relaxing)
 .debug_str     0x00068754      0x15e ./Drivers/STM32F0xx_HAL_Driver/Src/stm32f0xx_hal_cortex.o
                              0x6091b (size before relaxing)
 .debug_str     0x000688b2       0xad ./Drivers/STM32F0xx_HAL_Driver/Src/stm32f0xx_hal_crc.o
                              0x607a2 (size before relaxing)
 .debug_str     0x0006895f      0x229 ./Drivers/STM32F0xx_HAL_Driver/Src/stm32f0xx_hal_dma.o
                              0x60971 (size before relaxing)
 .debug_str     0x00068b88       0xb0 ./Drivers/STM32F0xx_HAL_Driver/Src/stm32f0xx_hal_gpio.o
                              0x6076c (size before relaxing)
 .debug_str     0x00068c38      0x21a ./Drivers/STM32F0xx_HAL_Driver/Src/stm32f0xx_hal_rcc.o
                              0x60a07 (size before relaxing)
 .debug_str     0x00068e52       0x97 ./Drivers/STM32F0xx_HAL_Driver/Src/stm32f0xx_hal_rcc_ex.o
                              0x60714 (size before relaxing)
 .debug_str     0x00068ee9      0xdee ./Drivers/STM32F0xx_HAL_Driver/Src/stm32f0xx_hal_tim.o
                              0x619e1 (size before relaxing)
 .debug_str     0x00069cd7      0x503 ./Drivers/STM32F0xx_HAL_Driver/Src/stm32f0xx_hal_tim_ex.o
                              0x611ed (size before relaxing)
 .debug_str     0x0006a1da      0x7ba ./Drivers/STM32F0xx_HAL_Driver/Src/stm32f0xx_hal_uart.o
                              0x612e4 (size before relaxing)
 .debug_str     0x0006a994      0x101 ./Drivers/STM32F0xx_HAL_Driver/Src/stm32f0xx_hal_uart_ex.o
                              0x60b6b (size before relaxing)

.comment        0x00000000       0x43
 .comment       0x00000000       0x43 ./Core/Src/TinyFrame.o
                                 0x44 (size before relaxing)
 .comment       0x00000043       0x44 ./Core/Src/main.o
 .comment       0x00000043       0x44 ./Core/Src/stm32f0xx_hal_msp.o
 .comment       0x00000043       0x44 ./Core/Src/stm32f0xx_it.o
 .comment       0x00000043       0x44 ./Core/Src/system_stm32f0xx.o
 .comment       0x00000043       0x44 ./Drivers/STM32F0xx_HAL_Driver/Src/stm32f0xx_hal.o
 .comment       0x00000043       0x44 ./Drivers/STM32F0xx_HAL_Driver/Src/stm32f0xx_hal_adc.o
 .comment       0x00000043       0x44 ./Drivers/STM32F0xx_HAL_Driver/Src/stm32f0xx_hal_cortex.o
 .comment       0x00000043       0x44 ./Drivers/STM32F0xx_HAL_Driver/Src/stm32f0xx_hal_crc.o
 .comment       0x00000043       0x44 ./Drivers/STM32F0xx_HAL_Driver/Src/stm32f0xx_hal_dma.o
 .comment       0x00000043       0x44 ./Drivers/STM32F0xx_HAL_Driver/Src/stm32f0xx_hal_gpio.o
 .comment       0x00000043       0x44 ./Drivers/STM32F0xx_HAL_Driver/Src/stm32f0xx_hal_rcc.o
 .comment       0x00000043       0x44 ./Drivers/STM32F0xx_HAL_Driver/Src/stm32f0xx_hal_rcc_ex.o
 .comment       0x00000043       0x44 ./Drivers/STM32F0xx_HAL_Driver/Src/stm32f0xx_hal_tim.o
 .comment       0x00000043       0x44 ./Drivers/STM32F0xx_HAL_Driver/Src/stm32f0xx_hal_tim_ex.o
 .comment       0x00000043       0x44 ./Drivers/STM32F0xx_HAL_Driver/Src/stm32f0xx_hal_uart.o
 .comment       0x00000043       0x44 ./Drivers/STM32F0xx_HAL_Driver/Src/stm32f0xx_hal_uart_ex.o

.debug_frame    0x00000000     0x37e8
 .debug_frame   0x00000000      0x604 ./Core/Src/TinyFrame.o
 .debug_frame   0x00000604      0x2cc ./Core/Src/main.o
 .debug_frame   0x000008d0      0x130 ./Core/Src/stm32f0xx_hal_msp.o
 .debug_frame   0x00000a00       0xf0 ./Core/Src/stm32f0xx_it.o
 .debug_frame   0x00000af0       0x4c ./Core/Src/system_stm32f0xx.o
 .debug_frame   0x00000b3c      0x2a4 ./Drivers/STM32F0xx_HAL_Driver/Src/stm32f0xx_hal.o
 .debug_frame   0x00000de0      0x3a0 ./Drivers/STM32F0xx_HAL_Driver/Src/stm32f0xx_hal_adc.o
 .debug_frame   0x00001180      0x2a0 ./Drivers/STM32F0xx_HAL_Driver/Src/stm32f0xx_hal_cortex.o
 .debug_frame   0x00001420      0x130 ./Drivers/STM32F0xx_HAL_Driver/Src/stm32f0xx_hal_crc.o
 .debug_frame   0x00001550      0x1d0 ./Drivers/STM32F0xx_HAL_Driver/Src/stm32f0xx_hal_dma.o
 .debug_frame   0x00001720      0x110 ./Drivers/STM32F0xx_HAL_Driver/Src/stm32f0xx_hal_gpio.o
 .debug_frame   0x00001830      0x198 ./Drivers/STM32F0xx_HAL_Driver/Src/stm32f0xx_hal_rcc.o
 .debug_frame   0x000019c8       0x70 ./Drivers/STM32F0xx_HAL_Driver/Src/stm32f0xx_hal_rcc_ex.o
 .debug_frame   0x00001a38      0xf00 ./Drivers/STM32F0xx_HAL_Driver/Src/stm32f0xx_hal_tim.o
 .debug_frame   0x00002938      0x560 ./Drivers/STM32F0xx_HAL_Driver/Src/stm32f0xx_hal_tim_ex.o
 .debug_frame   0x00002e98      0x810 ./Drivers/STM32F0xx_HAL_Driver/Src/stm32f0xx_hal_uart.o
 .debug_frame   0x000036a8       0xd4 ./Drivers/STM32F0xx_HAL_Driver/Src/stm32f0xx_hal_uart_ex.o
 .debug_frame   0x0000377c       0x20 C:/STM/STM32CubeIDE_1.17.0/STM32CubeIDE/plugins/com.st.stm32cube.ide.mcu.externaltools.gnu-tools-for-stm32.12.3.rel1.win32_1.1.0.202410251130/tools/bin/../lib/gcc/arm-none-eabi/12.3.1/../../../../arm-none-eabi/lib/thumb/v6-m/nofp\libc_nano.a(libc_a-memset.o)
 .debug_frame   0x0000379c       0x2c C:/STM/STM32CubeIDE_1.17.0/STM32CubeIDE/plugins/com.st.stm32cube.ide.mcu.externaltools.gnu-tools-for-stm32.12.3.rel1.win32_1.1.0.202410251130/tools/bin/../lib/gcc/arm-none-eabi/12.3.1/../../../../arm-none-eabi/lib/thumb/v6-m/nofp\libc_nano.a(libc_a-init.o)
 .debug_frame   0x000037c8       0x20 C:/STM/STM32CubeIDE_1.17.0/STM32CubeIDE/plugins/com.st.stm32cube.ide.mcu.externaltools.gnu-tools-for-stm32.12.3.rel1.win32_1.1.0.202410251130/tools/bin/../lib/gcc/arm-none-eabi/12.3.1/thumb/v6-m/nofp\libgcc.a(_udivsi3.o)

.debug_line_str
                0x00000000       0x65
 .debug_line_str
                0x00000000       0x65 ./Core/Startup/startup_stm32f030f4px.o
